// INTENTION_TEXT: Convert cast to requireViewById<Bundle>(...)
// K1_INSPECTION_CLASS: org.jetbrains.kotlin.android.inspection.K1TypeParameterFindViewByIdInspection
// K2_INSPECTION_CLASS: org.jetbrains.kotlin.android.inspection.K2TypeParameterFindViewByIdInspection
// K2_INTENTION_NOT_AVAILABLE

import android.app.Activity
import android.os.Bundle
import android.widget.Button
import android.widget.TextView


class OtherActivity : Activity() {

    override fun onCreate(savedInstanceState: Bundle) {
        super.onCreate(savedInstanceState)
        setContentView(R.layout.activity_other)

        val tvHello: Bundle = requireViewById(R.id.tvHello)
    }
}

class R {
    object layout {
        val activity_other = 100500
    }

    object id {
        val tvHello = 0
    }
}
