05-17 09:27:42.873  2261  4240 W ErrorProcessor: 	at com.google.android.apps.gsa.staticplugins.recognizer.i.a.a(SourceFile:342)
05-17 09:27:42.873  2261  4240 W ErrorProcessor: 	at com.google.android.apps.gsa.staticplugins.recognizer.i.a$1.run(SourceFile:1367)
05-17 09:27:42.873  2261  4240 W ErrorProcessor: 	at java.util.concurrent.Executors$RunnableAdapter.call(Executors.java:428)
05-17 09:27:42.873  2261  4240 W ErrorProcessor: 	at java.util.concurrent.FutureTask.run(FutureTask.java:237)
05-17 09:27:42.873  2261  4240 W ErrorProcessor: 	at com.google.android.apps.gsa.shared.util.concurrent.a.ak.run(SourceFile:66)
05-17 09:27:42.873  2261  4240 W ErrorProcessor: 	at java.util.concurrent.ThreadPoolExecutor.runWorker(ThreadPoolExecutor.java:1133)
05-17 09:27:42.873  2261  4240 W ErrorProcessor: 	at java.util.concurrent.ThreadPoolExecutor$Worker.run(ThreadPoolExecutor.java:607)
05-17 09:27:42.873  2261  4240 W ErrorProcessor: 	at java.lang.Thread.run(Thread.java:761)
05-17 09:27:42.873  2261  4240 W ErrorProcessor: 	at com.google.android.apps.gsa.shared.util.concurrent.a.ad$1.run(SourceFile:85)
05-17 09:27:42.873  2261  4240 W ErrorProcessor: Caused by: com.google.android.apps.gsa.shared.exception.GsaIOException: Error code: 393238 | Buffer overflow, no available space.
05-17 09:27:42.873  2261  4240 W ErrorProcessor: 	at com.google.android.apps.gsa.speech.audio.Tee.g(SourceFile:2531)
05-17 09:27:42.873  2261  4240 W ErrorProcessor: 	at com.google.android.apps.gsa.speech.audio.ap.read(SourceFile:555)
05-17 09:27:42.873  2261  4240 W ErrorProcessor: 	at java.io.InputStream.read(InputStream.java:101)
05-17 09:27:42.873  2261  4240 W ErrorProcessor: 	at com.google.android.apps.gsa.speech.audio.al.run(SourceFile:362)
05-17 09:27:42.873  2261  4240 W ErrorProcessor: 	at com.google.android.apps.gsa.speech.audio.ak$1.run(SourceFile:471)
05-17 09:27:42.873  2261  4240 W ErrorProcessor: 	at java.util.concurrent.Executors$RunnableAdapter.call(Executors.java:428)
05-17 09:27:42.873  2261  4240 W ErrorProcessor: 	at java.util.concurrent.FutureTask.run(FutureTask.java:237)
05-17 09:27:42.873  2261  4240 W ErrorProcessor: 	at com.google.android.apps.gsa.shared.util.concurrent.a.ak.run(SourceFile:66)
05-17 09:27:42.873  2261  4240 W ErrorProcessor: 	at com.google.android.apps.gsa.shared.util.concurrent.a.ax.run(SourceFile:139)
05-17 09:27:42.873  2261  4240 W ErrorProcessor: 	at com.google.android.apps.gsa.shared.util.concurrent.a.ax.run(SourceFile:139)
05-17 09:27:42.873  2261  4240 W ErrorProcessor: 	... 4 more
05-17 09:27:42.873  2261  4240 I AudioController: internalShutdown
05-17 09:27:42.873  2261  2261 I MicroDetector: Keeping mic open: false
05-17 09:27:42.873  2261  2261 I MicroDetectionWorker: #onError(false)
05-17 09:27:42.873  2261  4239 I DeviceStateChecker: DeviceStateChecker cancelled
05-17 09:27:42.947  4132  4180 I qtaguid : Untagging socket -1 failed errno=-9
05-17 09:27:42.947  4132  4180 W NetworkManagementSocketTagger: untagSocket(-1) failed with errno -9
05-17 09:27:42.953  4132  4208 I qtaguid : Untagging socket -1 failed errno=-9
05-17 09:27:42.953  4132  4208 W NetworkManagementSocketTagger: untagSocket(-1) failed with errno -9
05-17 09:27:42.954  4132  4216 E YouTube : Failed to fetch settings
05-17 09:27:42.954  4132  4216 E YouTube : okc: java.util.concurrent.ExecutionException: awy
05-17 09:27:42.954  4132  4216 E YouTube : 	at ojr.a(SourceFile:100)
05-17 09:27:42.954  4132  4216 E YouTube : 	at ojt.b(SourceFile:169)
05-17 09:27:42.954  4132  4216 E YouTube : 	at ehy.a(SourceFile:2059)
05-17 09:27:42.954  4132  4216 E YouTube : 	at com.google.android.libraries.youtube.net.gcm.service.YouTubeGcmTaskService.a(SourceFile:1163)
05-17 09:27:42.954  4132  4216 E YouTube : 	at com.google.android.libraries.youtube.common.gcore.gcoreclient.gcm.impl.GcmTaskServiceDelegator.a(SourceFile:64)
05-17 09:27:42.954  4132  4216 E YouTube : 	at iie.run(Unknown Source)
05-17 09:27:42.954  4132  4216 E YouTube : Caused by: java.util.concurrent.ExecutionException: awy
05-17 09:27:42.954  4132  4216 E YouTube : 	at aym.a(SourceFile:117)
05-17 09:27:42.954  4132  4216 E YouTube : 	at aym.get(SourceFile:88)
05-17 09:27:42.954  4132  4216 E YouTube : 	at rht.get(SourceFile:62)
05-17 09:27:42.954  4132  4216 E YouTube : 	at ojr.a(SourceFile:98)
05-17 09:27:42.954  4132  4216 E YouTube : 	... 5 more
05-17 09:27:42.954  4132  4216 E YouTube : Caused by: awy
05-17 09:27:42.954  4132  4216 E YouTube : 	at axy.a(SourceFile:164)
05-17 09:27:42.954  4132  4216 E YouTube : 	at mgk.a(SourceFile:201)
05-17 09:27:42.954  4132  4216 E YouTube : 	at mgk.a(SourceFile:196)
05-17 09:27:42.954  4132  4216 E YouTube : 	at mgn.a(SourceFile:167)
05-17 09:27:42.954  4132  4216 E YouTube : 	at mgn.a(SourceFile:160)
05-17 09:27:42.954  4132  4216 E YouTube : 	at axe.run(SourceFile:112)
05-17 09:27:42.976  4132  4181 I qtaguid : Untagging socket -1 failed errno=-9
05-17 09:27:42.976  4132  4181 W NetworkManagementSocketTagger: untagSocket(-1) failed with errno -9
05-17 09:27:42.984  4132  4182 I qtaguid : Tagging socket -1 with tag 0(0) for uid -1 failed errno=-9
05-17 09:27:42.984  4132  4182 I NetworkManagementSocketTagger: tagSocketFd(-1, 0, -1) failed with errno-9
05-17 09:27:43.039  4132  4182 I qtaguid : Untagging socket -1 failed errno=-9
05-17 09:27:43.039  4132  4182 W NetworkManagementSocketTagger: untagSocket(-1) failed with errno -9
05-17 09:27:43.073  3940  3973 I chatty  : uid=10021(com.android.vending) bgExecutor #3 expire 12 lines
05-17 09:27:43.082  2084  4250 I VacuumService: Vacuum at: now=1684340863080 tag=VacuumService
05-17 09:27:43.091  3940  3972 I chatty  : uid=10021(com.android.vending) bgExecutor #2 expire 1 line
05-17 09:27:43.097  3940  3969 I chatty  : uid=10021(com.android.vending) bgExecutor #0 expire 1 line
05-17 09:27:43.097  3940  3940 I chatty  : uid=10021(com.android.vending) expire 5 lines
05-17 09:27:43.102  3940  4002 I chatty  : uid=10021(com.android.vending) Db-frosting.db expire 2 lines
05-17 09:27:43.181  2464  2570 I Icing   : Indexing 088C682162DA9ABBF18783C52A3D3AF2BA927286 from com.google.android.gms
05-17 09:27:43.210  2464  2570 D Icing   : Loaded CLD2 Version V2.0 - 20141016
05-17 09:27:43.222  2464  2570 I Icing   : Indexing done 088C682162DA9ABBF18783C52A3D3AF2BA927286
05-17 09:27:43.244  2464  2570 I Icing   : Indexing 99C63DD60FDEFFDA415386A82F2A4001E734C845 from com.google.android.googlequicksearchbox
05-17 09:27:43.289  2464  2570 I Icing   : Indexing done 99C63DD60FDEFFDA415386A82F2A4001E734C845
05-17 09:27:43.309  3940  3971 I chatty  : uid=10021(com.android.vending) bgExecutor #1 expire 39 lines
05-17 09:27:43.361  2824  2824 W Binder:2824_2: type=1400 audit(0.0:430): avc: denied { read } for name="/" dev="tmpfs" ino=3005 scontext=u:r:priv_app:s0:c512,c768 tcontext=u:object_r:device:s0 tclass=dir permissive=0
05-17 09:27:43.378  2824  2836 D         : HostConnection::get() New Host Connection established 0x989ee300, tid 2836
05-17 09:27:43.382  2824  2836 D EGL_emulation: eglCreateContext: 0x989a9f80: maj 3 min 0 rcv 3
05-17 09:27:43.387  3940  3959 I chatty  : uid=10021(com.android.vending) BlockingExecuto expire 206 lines
05-17 09:27:43.388  3940  3940 I chatty  : uid=10021(com.android.vending) expire 4 lines
05-17 09:27:43.403  3940  4001 I chatty  : uid=10021(com.android.vending) Db-scheduler_ma expire 2 lines
05-17 09:27:43.411  3940  4058 I chatty  : uid=10021(com.android.vending) PhoneskySchedul expire 4 lines
05-17 09:27:43.419  3940  3993 I chatty  : uid=10021(com.android.vending) GoogleApiHandle expire 2 lines
05-17 09:27:43.421  3940  3961 I chatty  : uid=10021(com.android.vending) BlockingExecuto expire 1 line
05-17 09:27:43.421  3940  3973 I chatty  : uid=10021(com.android.vending) bgExecutor #3 expire 5 lines
05-17 09:27:43.440  3940  3959 I chatty  : uid=10021(com.android.vending) BlockingExecuto expire 215 lines
05-17 09:27:43.440  3940  3940 I chatty  : uid=10021(com.android.vending) expire 3 lines
05-17 09:27:43.440  2824  2836 D EGL_emulation: eglMakeCurrent: 0x989a9f80: ver 3 0 (tinfo 0x98985a20)
05-17 09:27:43.441  2824  2836 E eglCodecCommon: glUtilsParamSize: unknow param 0x00008cdf
05-17 09:27:43.441  2824  2836 E eglCodecCommon: glUtilsParamSize: unknow param 0x00008824
05-17 09:27:43.442  3940  3994 I chatty  : uid=10021(com.android.vending) akwg expire 2 lines
05-17 09:27:43.453  3940  3998 I chatty  : uid=10021(com.android.vending) VerifyAppsDataS expire 1 line
05-17 09:27:43.459  3940  4258 I chatty  : uid=10021(com.android.vending) BlockingExecuto expire 2 lines
05-17 09:27:43.464  2824  2836 D EGL_emulation: eglCreateContext: 0x9899c900: maj 3 min 0 rcv 3
05-17 09:27:43.467  3940  3971 I chatty  : uid=10021(com.android.vending) bgExecutor #1 expire 1 line
05-17 09:27:43.468  2824  2836 D EGL_emulation: eglMakeCurrent: 0x9899c900: ver 3 0 (tinfo 0x98985a20)
05-17 09:27:43.468  2824  2836 E eglCodecCommon: glUtilsParamSize: unknow param 0x00008cdf
05-17 09:27:43.468  2824  2836 E eglCodecCommon: glUtilsParamSize: unknow param 0x00008824
05-17 09:27:43.478  3940  3959 I chatty  : uid=10021(com.android.vending) BlockingExecuto expire 213 lines
05-17 09:27:43.491  3940  3998 I chatty  : uid=10021(com.android.vending) VerifyAppsDataS expire 1 line
05-17 09:27:43.492  3940  4258 I chatty  : uid=10021(com.android.vending) BlockingExecuto expire 4 lines
05-17 09:27:43.495  3940  3993 I chatty  : uid=10021(com.android.vending) GoogleApiHandle expire 2 lines
05-17 09:27:43.497  3940  3940 I chatty  : uid=10021(com.android.vending) expire 3 lines
05-17 09:27:43.504  3940  4256 I chatty  : uid=10021(com.android.vending) BlockingExecuto expire 1 line
05-17 09:27:43.505  3940  3940 I chatty  : uid=10021(com.android.vending) expire 6 lines
05-17 09:27:43.505  3940  3959 I chatty  : uid=10021(com.android.vending) BlockingExecuto expire 445 lines
05-17 09:27:43.501  2824  2824 W Binder:2824_2: type=1400 audit(0.0:431): avc: denied { search } for name="run" dev="dm-0" ino=294914 scontext=u:r:priv_app:s0:c512,c768 tcontext=u:object_r:varrun_file:s0 tclass=dir permissive=0
05-17 09:27:43.511  2824  2824 W Binder:2824_2: type=1400 audit(0.0:432): avc: denied { read } for name="/" dev="tmpfs" ino=3005 scontext=u:r:priv_app:s0:c512,c768 tcontext=u:object_r:device:s0 tclass=dir permissive=0
05-17 09:27:43.543  3940  3940 I chatty  : uid=10021(com.android.vending) expire 10 lines
05-17 09:27:43.548  3940  3959 I chatty  : uid=10021(com.android.vending) BlockingExecuto expire 431 lines
05-17 09:27:43.557  3940  4260 E ActivityThread: Failed to find provider info for androidx.car.app.connection
05-17 09:27:43.569  3940  3940 I chatty  : uid=10021(com.android.vending) expire 5 lines
05-17 09:27:43.577  3940  4263 I chatty  : uid=10021(com.android.vending) InstallBackgrou expire 2 lines
05-17 09:27:43.577  3940  3971 I chatty  : uid=10021(com.android.vending) bgExecutor #1 expire 2 lines
05-17 09:27:43.579  3940  4264 I chatty  : uid=10021(com.android.vending) InstallBackgrou expire 1 line
05-17 09:27:43.582  3940  3973 I chatty  : uid=10021(com.android.vending) bgExecutor #3 expire 2 lines
05-17 09:27:43.592  3940  4001 I chatty  : uid=10021(com.android.vending) Db-scheduler_ma expire 1 line
05-17 09:27:43.594  3940  3959 I chatty  : uid=10021(com.android.vending) BlockingExecuto expire 224 lines
05-17 09:27:43.594  3940  3940 I chatty  : uid=10021(com.android.vending) expire 2 lines
05-17 09:27:43.609  3940  3994 I chatty  : uid=10021(com.android.vending) akwg expire 2 lines
05-17 09:27:43.611  3940  3959 I chatty  : uid=10021(com.android.vending) BlockingExecuto expire 179 lines
05-17 09:27:43.615  3940  3940 I chatty  : uid=10021(com.android.vending) expire 2 lines
05-17 09:27:43.615  3940  3973 I chatty  : uid=10021(com.android.vending) bgExecutor #3 expire 4 lines
05-17 09:27:43.628  3940  3959 I chatty  : uid=10021(com.android.vending) BlockingExecuto expire 111 lines
05-17 09:27:43.629  3940  3971 I chatty  : uid=10021(com.android.vending) bgExecutor #1 expire 1 line
05-17 09:27:43.630  3940  3940 I chatty  : uid=10021(com.android.vending) expire 4 lines
05-17 09:27:43.636  3940  3959 I chatty  : uid=10021(com.android.vending) BlockingExecuto expire 132 lines
05-17 09:27:43.639  3940  3971 I chatty  : uid=10021(com.android.vending) bgExecutor #1 expire 2 lines
05-17 09:27:43.644  3940  3959 I chatty  : uid=10021(com.android.vending) BlockingExecuto expire 198 lines
05-17 09:27:43.645  3940  4003 I chatty  : uid=10021(com.android.vending) AssetModuleBack expire 5 lines
05-17 09:27:43.647  3940  4004 I chatty  : uid=10021(com.android.vending) Db-asset_module expire 1 line
05-17 09:27:43.647  3940  3940 I chatty  : uid=10021(com.android.vending) expire 3 lines
05-17 09:27:43.664  3940  3959 D HeterodyneSyncer: updateFlag: com.google.android.finsky.stable, 83521950, 3, , Univision__enable_aot_state_logging
05-17 09:27:43.664  3940  3940 I Finsky  : [1] xtv.accept(50): SCH: Job 10-77 starting
05-17 09:27:43.665  3940  3959 D HeterodyneSyncer: updateFlag: com.google.android.finsky.stable, 83521950, 3, , Univision__enable_async_cluster_rendering_latency_logging
05-17 09:27:43.665  3940  3959 D HeterodyneSyncer: updateFlag: com.google.android.finsky.stable, 83521950, 3, , Univision__enable_automated_retry
05-17 09:27:43.665  3940  3959 D HeterodyneSyncer: updateFlag: com.google.android.finsky.stable, 83521950, 3, , Univision__enable_background_delivery
05-17 09:27:43.665  3940  3959 D HeterodyneSyncer: updateFlag: com.google.android.finsky.stable, 83521950, 3, , Univision__enable_browse_response_prefetch_handler
05-17 09:27:43.665  3940  3959 D HeterodyneSyncer: updateFlag: com.google.android.finsky.stable, 83521950, 3, , Univision__enable_chunking_for_generic_cluster
05-17 09:27:43.665  3940  3959 D HeterodyneSyncer: updateFlag: com.google.android.finsky.stable, 83521950, 3, , Univision__enable_dagger_non_singleton_prewarm_for_serp
05-17 09:27:43.665  3940  3959 D HeterodyneSyncer: updateFlag: com.google.android.finsky.stable, 83521950, 3, , Univision__enable_dagger_singleton_prewarm_for_serp
05-17 09:27:43.665  3940  3959 D HeterodyneSyncer: updateFlag: com.google.android.finsky.stable, 83521950, 3, , Univision__enable_early_fetch_async_ads
05-17 09:27:43.665  3940  3959 D HeterodyneSyncer: updateFlag: com.google.android.finsky.stable, 83521950, 3, , Univision__enable_event_details_page
05-17 09:27:43.666  3940  3959 D HeterodyneSyncer: updateFlag: com.google.android.finsky.stable, 83521950, 3, , Univision__enable_expanded_description_page
05-17 09:27:43.666  3940  3959 D HeterodyneSyncer: updateFlag: com.google.android.finsky.stable, 83521950, 3, , Univision__enable_lazy_column_home
05-17 09:27:43.666  3940  3959 D HeterodyneSyncer: updateFlag: com.google.android.finsky.stable, 83521950, 3, , Univision__enable_metadataui_improvements
05-17 09:27:43.666  3940  3959 D HeterodyneSyncer: updateFlag: com.google.android.finsky.stable, 83521950, 3, , Univision__enable_metadataui_v2
05-17 09:27:43.666  3940  3959 D HeterodyneSyncer: updateFlag: com.google.android.finsky.stable, 83521950, 3, , Univision__enable_my_reviews_page
05-17 09:27:43.667  3940  3959 D HeterodyneSyncer: updateFlag: com.google.android.finsky.stable, 83521950, 3, , Univision__enable_prewarm_compose_classes
05-17 09:27:43.667  3940  3959 D HeterodyneSyncer: updateFlag: com.google.android.finsky.stable, 83521950, 3, , Univision__enable_prewarm_compose_classes_process_start_delayed
05-17 09:27:43.667  3940  3959 D HeterodyneSyncer: updateFlag: com.google.android.finsky.stable, 83521950, 3, , Univision__enable_prewarm_compose_classes_serp
05-17 09:27:43.667  3940  3959 D HeterodyneSyncer: updateFlag: com.google.android.finsky.stable, 83521950, 3, , Univision__enable_screenshots_page
05-17 09:27:43.667  3940  3959 D HeterodyneSyncer: updateFlag: com.google.android.finsky.stable, 83521950, 3, , Univision__enable_search_suggest_page
05-17 09:27:43.667  3940  3959 D HeterodyneSyncer: updateFlag: com.google.android.finsky.stable, 83521950, 3, , Univision__enable_serp_screen_column
05-17 09:27:43.667  3940  3959 D HeterodyneSyncer: updateFlag: com.google.android.finsky.stable, 83521950, 3, , Univision__enable_serp_screen_scaffold
05-17 09:27:43.667  3940  3959 D HeterodyneSyncer: updateFlag: com.google.android.finsky.stable, 83521950, 3, , Univision__enable_serp_snackbar
05-17 09:27:43.667  3940  3959 D HeterodyneSyncer: updateFlag: com.google.android.finsky.stable, 83521950, 3, , Univision__enable_stream_legacy_pagination
05-17 09:27:43.668  3940  3959 D HeterodyneSyncer: updateFlag: com.google.android.finsky.stable, 83521950, 3, , Univision__enable_stream_store_cache_clearing
05-17 09:27:43.668  3940  3959 D HeterodyneSyncer: updateFlag: com.google.android.finsky.stable, 83521950, 3, , Univision__enable_throttling_fix
05-17 09:27:43.668  3940  3959 D HeterodyneSyncer: updateFlag: com.google.android.finsky.stable, 83521950, 3, , Univision__enable_throttling_in_stream
05-17 09:27:43.668  3940  3959 D HeterodyneSyncer: updateFlag: com.google.android.finsky.stable, 83521950, 3, , Univision__enable_throttling_second_page_size
05-17 09:27:43.668  3940  3959 D HeterodyneSyncer: updateFlag: com.google.android.finsky.stable, 83521950, 3, , Univision__enable_vtc_logging
05-17 09:27:43.668  3940  3959 D HeterodyneSyncer: updateFlag: com.google.android.finsky.stable, 83521950, 3, , Univision__enable_vtc_logging_home
05-17 09:27:43.668  3940  3959 D HeterodyneSyncer: updateFlag: com.google.android.finsky.stable, 83521950, 3, , Univision__enable_vtc_logging_home_fragment
05-17 09:27:43.668  3940  3959 D HeterodyneSyncer: updateFlag: com.google.android.finsky.stable, 83521950, 3, , Univision__home_injected_jank_ms
05-17 09:27:43.669  3940  3959 D HeterodyneSyncer: updateFlag: com.google.android.finsky.stable, 83521950, 3, , Univision__image_load_started_logging_location
05-17 09:27:43.669  3940  3959 D HeterodyneSyncer: updateFlag: com.google.android.finsky.stable, 83521950, 3, , Univision__initialize_lottie_network_fetcher
05-17 09:27:43.669  3940  3959 D HeterodyneSyncer: updateFlag: com.google.android.finsky.stable, 83521950, 3, , Univision__kick_off_stream_data_model_loading_early
05-17 09:27:43.669  2244  2244 I GservicesProvider: override update completed
05-17 09:27:43.670  3940  3959 D HeterodyneSyncer: updateFlag: com.google.android.finsky.stable, 83521950, 3, , Univision__load_item_client_state_flow_directly
05-17 09:27:43.670  3940  3959 D HeterodyneSyncer: updateFlag: com.google.android.finsky.stable, 83521950, 3, , Univision__load_item_client_state_flow_in_bg_thread
05-17 09:27:43.671  3940  3959 D HeterodyneSyncer: updateFlag: com.google.android.finsky.stable, 83521950, 3, , Univision__migrate_items_to_stream_data_store
05-17 09:27:43.671  3940  3959 D HeterodyneSyncer: updateFlag: com.google.android.finsky.stable, 83521950, 3, , Univision__migrate_streams_to_stream_data_store
05-17 09:27:43.671  3940  3959 D HeterodyneSyncer: updateFlag: com.google.android.finsky.stable, 83521950, 3, , Univision__preload_async_wrapper_cluster
05-17 09:27:43.672  3940  3959 D HeterodyneSyncer: updateFlag: com.google.android.finsky.stable, 83521950, 3, , Univision__prewarm_item_client_state_flows
05-17 09:27:43.672  3940  3959 D HeterodyneSyncer: updateFlag: com.google.android.finsky.stable, 83521950, 3, , Univision__prewarm_on_serp_delay_ms
05-17 09:27:43.672  3940  3959 D HeterodyneSyncer: updateFlag: com.google.android.finsky.stable, 83521950, 3, , Univision__serp_injected_jank_ms
05-17 09:27:43.672  3940  3959 D HeterodyneSyncer: updateFlag: com.google.android.finsky.stable, 83521950, 3, , Univision__should_refresh_soft_ttl_expired_items
05-17 09:27:43.672  3940  3959 D HeterodyneSyncer: updateFlag: com.google.android.finsky.stable, 83521950, 3, , Univision__storagelayer_implementation
05-17 09:27:43.672  3940  3959 D HeterodyneSyncer: updateFlag: com.google.android.finsky.stable, 83521950, 3, , Univision__stream_section_and_grid_on_item_rendered_in_side_effect
05-17 09:27:43.672  3940  3959 D HeterodyneSyncer: updateFlag: com.google.android.finsky.stable, 83521950, 3, , Univision__stream_store_migrate_from_storage_to_cache
05-17 09:27:43.672  3940  3959 D HeterodyneSyncer: updateFlag: com.google.android.finsky.stable, 83521950, 3, , Univision__upload_aot_state_line
05-17 09:27:43.672  3940  3959 D HeterodyneSyncer: updateFlag: com.google.android.finsky.stable, 83521950, 3, , Univision__use_stream_data_store_stream_node_fetcher
05-17 09:27:43.673  3940  3959 D HeterodyneSyncer: updateFlag: com.google.android.finsky.stable, 83521950, 3, , UserConsents__enable_play_consents_sync
05-17 09:27:43.678  3080  3080 E ConfigUpdater: Received malformed URL while handling Gservices.CHANGED_ACTION intent_firewall: null null
05-17 09:27:43.679  3940  3959 D HeterodyneSyncer: updateFlag: com.google.android.finsky.stable, 83521950, 3, , UserConsents__enable_upload_swaadl_unified_sync_payload
05-17 09:27:43.679  3940  3959 D HeterodyneSyncer: updateFlag: com.google.android.finsky.stable, 83521950, 3, , UserConsents__upload_swaadl_unified_sync_payload_reuse_duration
05-17 09:27:43.679  3940  3959 D HeterodyneSyncer: updateFlag: com.google.android.finsky.stable, 83521950, 3, , UserConsents__use_play_consents
05-17 09:27:43.679  3940  3959 D HeterodyneSyncer: updateFlag: com.google.android.finsky.stable, 83521950, 3, , UserPerceivedLatency__disable_loading_delay_on_serp
05-17 09:27:43.679  3940  3959 D HeterodyneSyncer: updateFlag: com.google.android.finsky.stable, 83521950, 3, , UserPerceivedLatency__dms_default_loading_delay
05-17 09:27:43.680  3940  3959 D HeterodyneSyncer: updateFlag: com.google.android.finsky.stable, 83521950, 3, , UserPerceivedLatency__enable_display_mode_switcher_on_browse_page
05-17 09:27:43.680  3940  3959 D HeterodyneSyncer: updateFlag: com.google.android.finsky.stable, 83521950, 3, , UserPerceivedLatency__enable_display_mode_switcher_on_browse_stream
05-17 09:27:43.680  3940  3959 D HeterodyneSyncer: updateFlag: com.google.android.finsky.stable, 83521950, 3, , UserPerceivedLatency__enable_display_mode_switcher_on_home_page
05-17 09:27:43.680  3940  3959 D HeterodyneSyncer: updateFlag: com.google.android.finsky.stable, 83521950, 3, , UserPerceivedLatency__enable_display_mode_switcher_on_home_stream
05-17 09:27:43.680  3940  3959 D HeterodyneSyncer: updateFlag: com.google.android.finsky.stable, 83521950, 3, , UserPerceivedLatency__enable_display_mode_switcher_on_search_page
05-17 09:27:43.680  3940  3959 D HeterodyneSyncer: updateFlag: com.google.android.finsky.stable, 83521950, 3, , UserPerceivedLatency__enable_placeholder_on_thumbnail
05-17 09:27:43.680  3940  3959 D HeterodyneSyncer: updateFlag: com.google.android.finsky.stable, 83521950, 3, , UserPerceivedLatency__enable_upl_on_async_cluster
05-17 09:27:43.680  3940  3959 D HeterodyneSyncer: updateFlag: com.google.android.finsky.stable, 83521950, 3, , UserPerceivedLatency__enable_upl_on_browse_page
05-17 09:27:43.680  3940  3959 D HeterodyneSyncer: updateFlag: com.google.android.finsky.stable, 83521950, 3, , UserPerceivedLatency__enable_upl_on_home_page
05-17 09:27:43.680  3940  3959 D HeterodyneSyncer: updateFlag: com.google.android.finsky.stable, 83521950, 3, , UserPerceivedLatency__enable_upl_on_home_page_vertical_scroll
05-17 09:27:43.680  3940  3959 D HeterodyneSyncer: updateFlag: com.google.android.finsky.stable, 83521950, 3, , UserPerceivedLatency__enable_upl_on_search_page_jpkr
05-17 09:27:43.680  3940  3959 D HeterodyneSyncer: updateFlag: com.google.android.finsky.stable, 83521950, 3, , UserPerceivedLatency__enable_upl_on_search_page_scroll
05-17 09:27:43.680  3080  3080 E ConfigUpdater: Received malformed URL while handling Gservices.CHANGED_ACTION apn_db: null null
05-17 09:27:43.680  3940  3959 D HeterodyneSyncer: updateFlag: com.google.android.finsky.stable, 83521950, 3, , UserSettingsCacheClearing__unique_id
05-17 09:27:43.680  3940  3959 D HeterodyneSyncer: updateFlag: com.google.android.finsky.stable, 83521950, 3, , ValueStore__cleanup_app_state_valuestore
05-17 09:27:43.680  3940  3959 D HeterodyneSyncer: updateFlag: com.google.android.finsky.stable, 83521950, 3, , ValueStore__enable_warm_native_dataloader_value_stores
05-17 09:27:43.680  3940  3959 D HeterodyneSyncer: updateFlag: com.google.android.finsky.stable, 83521950, 3, , ValueStore__run_native_warm_protodatastore_comparison_hygiene_job_with_inotify
05-17 09:27:43.681  3940  3959 D HeterodyneSyncer: updateFlag: com.google.android.finsky.stable, 83521950, 3, , ValueStore__run_native_warm_protodatastore_comparison_hygiene_job_with_unordered_broadcast
05-17 09:27:43.681  3940  3959 D HeterodyneSyncer: updateFlag: com.google.android.finsky.stable, 83521950, 3, , VerticalScrollerFeatures__disable_certain_ui_model_tracking
05-17 09:27:43.681  3940  3959 D HeterodyneSyncer: updateFlag: com.google.android.finsky.stable, 83521950, 3, , VideoAutoPlayComposeScroller__is_enabled
05-17 09:27:43.681  3940  3959 D HeterodyneSyncer: updateFlag: com.google.android.finsky.stable, 83521950, 3, , ViewPager__disable_primarynav_offscreen_tab_view_biniding
05-17 09:27:43.681  3940  3959 D HeterodyneSyncer: updateFlag: com.google.android.finsky.stable, 83521950, 3, , VisRefresh__cluster_header_lite_option
05-17 09:27:43.681  3940  3959 D HeterodyneSyncer: updateFlag: com.google.android.finsky.stable, 83521950, 3, , VisRefresh__cluster_padding_option
05-17 09:27:43.681  3940  3959 D HeterodyneSyncer: updateFlag: com.google.android.finsky.stable, 83521950, 3, , VisRefresh__enable_apps_ads_auto_scroll
05-17 09:27:43.681  3080  3080 E ConfigUpdater: Received malformed URL while handling Gservices.CHANGED_ACTION tzdata: null null
05-17 09:27:43.681  3940  3959 D HeterodyneSyncer: updateFlag: com.google.android.finsky.stable, 83521950, 3, , VisRefresh__enable_apps_ads_auto_scroll_delay
05-17 09:27:43.681  3940  3959 D HeterodyneSyncer: updateFlag: com.google.android.finsky.stable, 83521950, 3, , VisRefresh__enable_button_animation
05-17 09:27:43.681  3940  3959 D HeterodyneSyncer: updateFlag: com.google.android.finsky.stable, 83521950, 3, , VisRefresh__enable_delay_post_install_ads_display
05-17 09:27:43.681  3940  3959 D HeterodyneSyncer: updateFlag: com.google.android.finsky.stable, 83521950, 3, , VisRefresh__enable_dynamically_inflate_action_button_group
05-17 09:27:43.681  3940  3959 D HeterodyneSyncer: updateFlag: com.google.android.finsky.stable, 83521950, 3, , VisRefresh__enable_fully_transparent_sys_nav_on_q
05-17 09:27:43.681  3940  3959 D HeterodyneSyncer: updateFlag: com.google.android.finsky.stable, 83521950, 3, , VisRefresh__enable_visual_refresh
05-17 09:27:43.681  3940  3959 D HeterodyneSyncer: updateFlag: com.google.android.finsky.stable, 83521950, 3, , VisualRefreshPhase2__details_page_transition_option
05-17 09:27:43.681  3940  3959 D HeterodyneSyncer: updateFlag: com.google.android.finsky.stable, 83521950, 3, , VisualRefreshPhase2__enable_badging_simplification
05-17 09:27:43.681  3940  3959 D HeterodyneSyncer: updateFlag: com.google.android.finsky.stable, 83521950, 3, , VisualRefreshPhase2__enable_details_page_clarification
05-17 09:27:43.681  3940  3959 D HeterodyneSyncer: updateFlag: com.google.android.finsky.stable, 83521950, 3, , VisualRefreshPhase2__enable_details_page_clarification_reorder_only
05-17 09:27:43.682  3940  3959 D HeterodyneSyncer: updateFlag: com.google.android.finsky.stable, 83521950, 3, , VisualRefreshPhase2__enable_details_page_clarification_smaller_padding
05-17 09:27:43.682  3940  3959 D HeterodyneSyncer: updateFlag: com.google.android.finsky.stable, 83521950, 3, , VisualRefreshPhase2__enable_details_page_clarification_smallest_padding
05-17 09:27:43.682  3940  3959 D HeterodyneSyncer: updateFlag: com.google.android.finsky.stable, 83521950, 3, , VisualRefreshPhase2__enable_immersive_header_migration_user_voting
05-17 09:27:43.682  3940  3959 D HeterodyneSyncer: updateFlag: com.google.android.finsky.stable, 83521950, 3, , VisualRefreshPhase2__enable_install_aware_thumbnail_dynamic_inflation
05-17 09:27:43.682  3940  3959 D HeterodyneSyncer: updateFlag: com.google.android.finsky.stable, 83521950, 3, , VisualRefreshPhase2__enable_lazy_install_aware_thumbnail_inflation
05-17 09:27:43.682  3940  3959 D HeterodyneSyncer: updateFlag: com.google.android.finsky.stable, 83521950, 3, , VisualRefreshPhase2__min_ram_to_enable_details_page_transition
05-17 09:27:43.682  3940  3959 D HeterodyneSyncer: updateFlag: com.google.android.finsky.stable, 83521950, 3, , VoiceSearch__enable_voice_search_button_visibility_logging
05-17 09:27:43.682  3940  3959 D HeterodyneSyncer: updateFlag: com.google.android.finsky.stable, 83521950, 3, , VoiceSearch__voice_search_max_results
05-17 09:27:43.682  3940  3959 D HeterodyneSyncer: updateFlag: com.google.android.finsky.stable, 83521950, 3, , WideMediaVideoScreenshotHeightOverride__enable_cluster_height_override
05-17 09:27:43.682  3940  3959 D HeterodyneSyncer: updateFlag: com.google.android.finsky.stable, 83521950, 3, , WishlistPage__enable_wishlist_page_in_univision
05-17 09:27:43.682  3940  3959 D HeterodyneSyncer: updateFlag: com.google.android.finsky.stable, 83521950, 3, , XffSplitButtonFix__apply_split_button_fix
05-17 09:27:43.682  3940  3959 D HeterodyneSyncer: update experiment token: com.google.android.finsky.stable, 83521950, 
05-17 09:27:43.683  3080  3080 E ConfigUpdater: Received malformed URL while handling Gservices.CHANGED_ACTION selinux: null null
05-17 09:27:43.684  3080  3080 E ConfigUpdater: Received malformed URL while handling Gservices.CHANGED_ACTION carrier_provisioning_urls: null null
05-17 09:27:43.687  2084  4269 I GCoreUlr: Starting service, intent=Intent { act=com.google.android.location.reporting.ACTION_UPDATE_WORLD cmp=com.google.android.gms/com.google.android.location.reporting.service.DispatchingService (has extras) }, extras=Bundle[{receiverAction=com.google.gservices.intent.action.GSERVICES_CHANGED}]
05-17 09:27:43.688  2084  2084 E BluetoothAdapter: Bluetooth binder is null
05-17 09:27:43.709  2084  2641 I GCoreUlr: WorldUpdater received intent Intent { act=com.google.android.location.reporting.ACTION_UPDATE_WORLD cmp=com.google.android.gms/com.google.android.location.reporting.service.DispatchingService (has extras) } with receiverAction com.google.gservices.intent.action.GSERVICES_CHANGED
05-17 09:27:43.715  3940  3959 D HeterodyneConfigVersion: clearing HeterodyneConfigVersionCache
05-17 09:27:43.716  3940  3959 D HeterodyneSyncer: retaining committed user: 
05-17 09:27:43.725  3940  3971 I Finsky  : [248] qna.a(19): PAIAppsDataStore's already populated. Won't attempt fetching.
05-17 09:27:43.725  3940  3971 I Finsky  : [248] yhz.r(4): SCH: jobFinished: 10-77. TimeElapsed: 61ms.
05-17 09:27:43.728  2084  3827 I GCoreUlr: Starting service, intent=Intent { act=com.google.android.location.reporting.ACTION_UPDATE_WORLD cmp=com.google.android.gms/com.google.android.location.reporting.service.DispatchingService (has extras) }, extras=Bundle[{receiverAction=com.google.android.location.reporting.PHENOTYPE_FLAGS_CHANGED}]
05-17 09:27:43.728  3940  3973 I Finsky  : [250] yhz.r(4): SCH: jobFinished: 10-73. TimeElapsed: 69ms.
05-17 09:27:43.733  3940  3959 D GetConfigurationSnapsho: getFullConfigurations
05-17 09:27:43.740  3940  3940 I Finsky  : [1] xtv.accept(50): SCH: Job 10-82 starting
05-17 09:27:43.744  3940  3994 I PlayCommon: [267] akwg.j(224): Successfully uploaded logs.
05-17 09:27:43.745  2084  2641 E GCoreUlr: Bad errorId configuring silent feedback
05-17 09:27:43.752  2084  2641 I GCoreUlr: WorldUpdater:com.google.gservices.intent.action.GSERVICES_CHANGED: Ensuring that reporting is stopped because of reasons: (no Google accounts)
05-17 09:27:43.755  2084  2641 I GCoreUlr: Unbound from all location providers
05-17 09:27:43.755  2084  2641 I GCoreUlr: Place inference reporting - stop
05-17 09:27:43.756  2084  2641 I GCoreUlr: DispatchingService ignoring Intent { act=android.net.wifi.WIFI_STATE_CHANGED flg=0x4000010 (has extras) } because ULR inactive
05-17 09:27:43.756  3940  3940 I Finsky  : [1] xtv.accept(50): SCH: Job 10-83 starting
05-17 09:27:43.757  3940  3940 I Finsky  : [1] BackgroundLoggerHygieneJob.a(1): BL: Hygiene job starting
05-17 09:27:43.761  2084  2641 I GCoreUlr: WorldUpdater received intent Intent { act=com.google.android.location.reporting.ACTION_UPDATE_WORLD cmp=com.google.android.gms/com.google.android.location.reporting.service.DispatchingService (has extras) } with receiverAction com.google.android.location.reporting.PHENOTYPE_FLAGS_CHANGED
05-17 09:27:43.764  2084  2641 E GCoreUlr: Bad errorId configuring silent feedback
05-17 09:27:43.764  2084  2641 I GCoreUlr: WorldUpdater:com.google.android.location.reporting.PHENOTYPE_FLAGS_CHANGED: Ensuring that reporting is stopped because of reasons: (no Google accounts)
05-17 09:27:43.774  2084  2641 I GCoreUlr: Unbound from all location providers
05-17 09:27:43.774  2084  2641 I GCoreUlr: Place inference reporting - stop
05-17 09:27:43.782  1398  2113 V EmulatedCamera_Camera: getCameraInfo
05-17 09:27:43.782  1398  2113 V EmulatedCamera_BaseCamera: getCameraInfo
05-17 09:27:43.783  2464  4094 I OcrModelUpStIntentOp: Updating ocr activity enabled=true (gservicesFlag=true, lowRamDevice=false, prereqCheck=true)
05-17 09:27:43.795  2464  4095 I CmaSystemUpdateService: StartServiceIntentOperation: Intent { act=com.google.gservices.intent.action.GSERVICES_CHANGED flg=0x10 cmp=com.google.android.gms/.chimera.GmsIntentOperationService$PersistentInternalReceiver }
05-17 09:27:43.795  2464  4095 I CmaSystemUpdateService: receiver: Intent { act=com.google.gservices.intent.action.GSERVICES_CHANGED flg=0x10 cmp=com.google.android.gms/.chimera.GmsIntentOperationService$PersistentInternalReceiver }
05-17 09:27:43.801  3940  4119 I Finsky  : [307] yhz.r(4): SCH: jobFinished: 10-83. TimeElapsed: 44ms.
05-17 09:27:43.807  3940  3940 I Finsky  : [1] xtv.accept(50): SCH: Job 10-87 starting
05-17 09:27:43.808  3940  3940 I Finsky  : [1] UnifiedSyncHygieneJob.a(1): [PLUS] Hygiene sync job starting...
05-17 09:27:43.818  3940  3959 D CommitToConfigurationOp: real commit done, callingPackage: com.android.vending snapshot:  com.google.android.finsky.stable 83521950 5 1801002961 com.google.android.finsky.stable 1698980345 0
05-17 09:27:43.818  3940  3959 D ExperimentTokensCache: Clearing ExperimentTokensCache
05-17 09:27:43.819  3940  3972 I Finsky  : [249] tr.aT(3): Writing flags config, size 1.
05-17 09:27:43.820  3940  3972 I Finsky  : [249] tr.aT(3): Started writing experiment flags into file [8uKij9Tp4PZyjSvh8NyLyFvuCv94NONrKvkkdzEKIoQ].
05-17 09:27:43.823  3940  3972 I Finsky  : [249] tr.aT(17): Finished writing experiment flags into file [8uKij9Tp4PZyjSvh8NyLyFvuCv94NONrKvkkdzEKIoQ].
05-17 09:27:43.824  1884  1897 D TelephonyProvider: subIdString = 1 subId = 1
05-17 09:27:43.829  4005  4057 I Finsky:background: [249] lgo.i(2): Subscription detail: DataSubscriptionInfo{groupIdLevel1=null, serviceProviderName=[bWEqhr7ksKZZuLOv_W8fvK0VxMu7vcSZbGwBx4ZxGiE], simCarrierId=null}
05-17 09:27:43.832  2084  2084 I GCoreUlr: DispatchingService.onDestroy()
05-17 09:27:43.833  2084  2084 I GCoreUlr: Stopping handler for UlrDispSvcFast
05-17 09:27:43.833  3940  3971 I Finsky  : [248] lgo.a(23): Get APN successfully: [f-FK8ZIplrmCGwgLA5IYRKdVgTtrbZOEsUepVMGEZws]
05-17 09:27:43.833  2084  2084 I GCoreUlr: Unbound from all location providers
05-17 09:27:43.833  2084  2084 I GCoreUlr: Place inference reporting - stop
05-17 09:27:43.841  4005  4005 I Finsky:background: [1] lgn.onSubscriptionsChanged(1): onSubscriptionsChanged
05-17 09:27:43.846  3940  3972 I Finsky  : [249] vpd.g(24): Successfully applied new configurations for package com.google.android.finsky.stable.
05-17 09:27:43.846  3940  3972 I Finsky  : [249] vpd.g(30): [EExp] Exporting experiments for package com.google.android.finsky.stable.
05-17 09:27:43.846  3940  3972 I Finsky  : [249] zsd.B(3): [EExp] Exporting experiments for namespace com.google.android.finsky.stable.
05-17 09:27:43.851  1697  1708 W ActivityManager: Unable to start service Intent { cmp=com.google.android.gms/.analytics.service.RefreshEnabledStateService } U=0: not found
05-17 09:27:43.855  4005  4284 I PlayCommon: [255] akwg.j(32): Preparing logs for uploading
05-17 09:27:43.857  3940  3959 W GooglePlayServicesUtil: Google Play services out of date for com.android.vending.  Requires 223900000 but found 10298470
05-17 09:27:43.857  3940  3972 I Finsky  : [249] vpd.g(35): [EExp] Successfully exported experiments for package com.google.android.finsky.stable.
05-17 09:27:43.861  3940  3972 I Finsky  : [249] ldj.call(30): Initializing FirebaseApp
05-17 09:27:43.865  4005  4288 I Finsky:background: [257] kcm.accept(31): [Counters Flush] Successfully generated counter events
05-17 09:27:43.872  2261  3235 I GservicesUpdateTask: Updating Gservices keys
05-17 09:27:43.878  2464  4287 I CheckinChimeraService: Checking schedule, now: 1684340863878 next: 1684340866592
05-17 09:27:43.883  2464  4287 I CheckinChimeraService: active receiver: disabled
05-17 09:27:43.898  4005  4009 I art     : Do partial code cache collection, code=25KB, data=20KB
05-17 09:27:43.899  4005  4009 I art     : After code cache collection, code=25KB, data=20KB
05-17 09:27:43.899  4005  4009 I art     : Increasing code cache capacity to 128KB
05-17 09:27:43.907  4005  4284 I PlayCommon: [255] akwg.j(150): Connecting to server for timestamp: https://play.googleapis.com/play/log/timestamp
05-17 09:27:43.908  4005  4284 D NetworkSecurityConfig: No Network Security Config specified, using platform default
05-17 09:27:43.936  2464  4094 I OcrModelUpStIntentOp: Downloading text recognizer
05-17 09:27:43.965  2464  4116 I Icing   : MaintenanceDriver: Registering all GCM Tasks.
05-17 09:27:43.965  3940  3940 W Finsky  : [1] CheckinReceiver.c(7): Checkin failed.
05-17 09:27:43.966  3940  3972 I FirebaseApp: Device unlocked: initializing all Firebase APIs for app [DEFAULT]
05-17 09:27:43.970  3940  3973 D         : HostConnection::get() New Host Connection established 0x81058e80, tid 3973
05-17 09:27:43.984  2464  4116 I Vision  : Engine already satisfied by existing download for ocr
05-17 09:27:43.987  3940  3973 D EGL_emulation: eglCreateContext: 0x8107dca0: maj 1 min 0 rcv 1
05-17 09:27:43.988  4132  4179 I qtaguid : Tagging socket -1 with tag 0(0) for uid -1 failed errno=-9
05-17 09:27:43.988  4132  4179 I NetworkManagementSocketTagger: tagSocketFd(-1, 0, -1) failed with errno-9
05-17 09:27:43.996  3940  4302 W DynamiteModule: Local module descriptor class for com.google.android.gms.measurement.dynamite not found.
05-17 09:27:43.999  2464  2477 W ModuleProvider: Failed to load module version: java.lang.IllegalArgumentException: module com.google.android.gms.measurement.dynamite not found
05-17 09:27:44.004  3940  3972 I Finsky  : [249] ldj.call(56): Start requesting FCM Reg Id
05-17 09:27:44.006  2464  2477 W ModuleProvider: Failed to load module version after staging APKs: java.lang.IllegalArgumentException: module com.google.android.gms.measurement.dynamite not found
05-17 09:27:44.007  3940  4302 I DynamiteModule: Considering local module com.google.android.gms.measurement.dynamite:0 and remote module com.google.android.gms.measurement.dynamite:0
05-17 09:27:44.007  3940  4302 W FA      : Data collection startup failed. No data will be collected.
05-17 09:27:44.007  3940  4302 W FA      : com.google.android.gms.dynamite.DynamiteModule$LoadingException: No acceptable module com.google.android.gms.measurement.dynamite found. Local version is 0 and remote version is 0.
05-17 09:27:44.007  3940  4302 W FA      : 	at ahfb.e(PG:88)
05-17 09:27:44.007  3940  4302 W FA      : 	at ahmr.a(PG:3)
05-17 09:27:44.007  3940  4302 W FA      : 	at ahmw.run(PG:2)
05-17 09:27:44.007  3940  4302 W FA      : 	at java.util.concurrent.ThreadPoolExecutor.runWorker(ThreadPoolExecutor.java:1133)
05-17 09:27:44.007  3940  4302 W FA      : 	at java.util.concurrent.ThreadPoolExecutor$Worker.run(ThreadPoolExecutor.java:607)
05-17 09:27:44.007  3940  4302 W FA      : 	at java.lang.Thread.run(Thread.java:761)
05-17 09:27:44.007  3940  4302 W FA      : Failed to connect to measurement client.
05-17 09:27:44.019  3940  3973 D EGL_emulation: eglMakeCurrent: 0x8107dca0: ver 1 0 (tinfo 0x81043ed0)
05-17 09:27:44.024  3940  3973 D EGL_emulation: eglCreateContext: 0x8107dca0: maj 3 min 0 rcv 3
05-17 09:27:44.026  3940  3973 D EGL_emulation: eglMakeCurrent: 0x8107dca0: ver 3 0 (tinfo 0x81043ed0)
05-17 09:27:44.027  3940  3973 E eglCodecCommon: glUtilsParamSize: unknow param 0x00008cdf
05-17 09:27:44.027  3940  3973 E eglCodecCommon: glUtilsParamSize: unknow param 0x00008824
05-17 09:27:44.029  4005  4284 W PlayCommon: [255] akwg.l(1): No account for auth token provided
05-17 09:27:44.029  4005  4284 I PlayCommon: [255] akwg.j(186): Connecting to server: https://play.googleapis.com/play/log?format=raw&proto_v2=true
05-17 09:27:44.032  3940  3973 D EGL_emulation: eglCreateContext: 0x8107dca0: maj 1 min 0 rcv 1
05-17 09:27:44.039  3940  3973 D EGL_emulation: eglMakeCurrent: 0x8107dca0: ver 1 0 (tinfo 0x81043ed0)
05-17 09:27:44.042  2084  3827 W GCM     : Mismatched messenger
05-17 09:27:44.044  3940  3973 D EGL_emulation: eglCreateContext: 0x8107dca0: maj 3 min 0 rcv 3
05-17 09:27:44.048  3940  3973 D EGL_emulation: eglMakeCurrent: 0x8107dca0: ver 3 0 (tinfo 0x81043ed0)
05-17 09:27:44.049  3940  3973 E eglCodecCommon: glUtilsParamSize: unknow param 0x00008cdf
05-17 09:27:44.049  3940  3973 E eglCodecCommon: glUtilsParamSize: unknow param 0x00008824
05-17 09:27:44.054  3940  3973 D EGL_emulation: eglCreateContext: 0x8107dca0: maj 1 min 0 rcv 1
05-17 09:27:44.060  3940  3973 D EGL_emulation: eglMakeCurrent: 0x8107dca0: ver 1 0 (tinfo 0x81043ed0)
05-17 09:27:44.064  3940  3973 D EGL_emulation: eglCreateContext: 0x8107dca0: maj 3 min 0 rcv 3
05-17 09:27:44.068  3940  3973 D EGL_emulation: eglMakeCurrent: 0x8107dca0: ver 3 0 (tinfo 0x81043ed0)
05-17 09:27:44.068  3940  3973 E eglCodecCommon: glUtilsParamSize: unknow param 0x00008cdf
05-17 09:27:44.068  3940  3973 E eglCodecCommon: glUtilsParamSize: unknow param 0x00008824
05-17 09:27:44.072  3940  3973 D EGL_emulation: eglCreateContext: 0x8107dca0: maj 1 min 0 rcv 1
05-17 09:27:44.076  3940  3973 D EGL_emulation: eglMakeCurrent: 0x8107dca0: ver 1 0 (tinfo 0x81043ed0)
05-17 09:27:44.080  3940  3973 D EGL_emulation: eglCreateContext: 0x8107dca0: maj 3 min 0 rcv 3
05-17 09:27:44.083  3940  3973 D EGL_emulation: eglMakeCurrent: 0x8107dca0: ver 3 0 (tinfo 0x81043ed0)
05-17 09:27:44.083  3940  3973 E eglCodecCommon: glUtilsParamSize: unknow param 0x00008cdf
05-17 09:27:44.083  3940  3973 E eglCodecCommon: glUtilsParamSize: unknow param 0x00008824
05-17 09:27:44.087  3940  3973 W GooglePlayServicesUtil: Google Play services out of date for com.android.vending.  Requires 12800000 but found 10298470
05-17 09:27:44.089  3940  3973 I Finsky  : [250] aems.apply(9): [PLUS] Adding payload
05-17 09:27:44.090  3940  3973 I Finsky  : [250] aems.apply(9): [PLUS] Adding payload
05-17 09:27:44.090  3940  3973 I Finsky  : [250] aems.apply(9): [PLUS] Adding payload
05-17 09:27:44.090  3940  3973 I Finsky  : [250] aems.apply(9): [PLUS] Adding payload
05-17 09:27:44.091  3940  3973 I Finsky  : [250] aems.apply(9): [PLUS] Adding payload
05-17 09:27:44.091  3940  3973 I Finsky  : [250] aems.apply(9): [PLUS] Adding payload
05-17 09:27:44.091  3940  3973 I Finsky  : [250] aems.apply(9): [PLUS] Adding payload
05-17 09:27:44.092  3940  3973 I Finsky  : [250] aems.apply(9): [PLUS] Adding payload
05-17 09:27:44.092  3940  3973 I Finsky  : [250] aems.apply(9): [PLUS] Adding payload
05-17 09:27:44.092  3940  3973 I Finsky  : [250] aems.apply(9): [PLUS] Adding payload
05-17 09:27:44.093  3940  3973 I Finsky  : [250] aems.apply(9): [PLUS] Adding payload
05-17 09:27:44.093  3940  3973 I Finsky  : [250] aems.apply(9): [PLUS] Adding payload
05-17 09:27:44.093  3940  3973 I Finsky  : [250] aems.apply(9): [PLUS] Adding payload
05-17 09:27:44.095  3940  3973 I Finsky  : [250] aems.apply(9): [PLUS] Adding payload
05-17 09:27:44.095  3940  3973 I Finsky  : [250] aems.apply(9): [PLUS] Adding payload
05-17 09:27:44.098  3940  3943 I art     : Do full code cache collection, code=502KB, data=428KB
05-17 09:27:44.098  3940  3943 I art     : Waiting for a blocking GC JitCodeCache
05-17 09:27:44.102  3940  3973 I Finsky  : [250] aesg.a(1): [PLUS] Syncing for users with urgency above: HYGIENE
05-17 09:27:44.105  3940  3972 I Finsky  : [249] aemy.a(121): [PLUS] Syncing 1 train(s)
05-17 09:27:44.105  3940  3972 I Finsky  : [249] akig.a(7): [PLUS] Sending payloads for account: [2fKVkThB4QBVOwc88U06EJ4S6Yyqenathz2XlaLEUMg]
05-17 09:27:44.106  3940  3985 W GooglePlayServicesUtil: Google Play services out of date for com.android.vending.  Requires 12200000 but found 10298470
05-17 09:27:44.107  3940  3985 E Finsky  : [263] oqq.q(22): Unable to fetch checkin consistency token: GooglePlayServices is unavailable 2
05-17 09:27:44.108  3940  3966 I Finsky  : [243] yhz.r(4): SCH: jobFinished: 10-82. TimeElapsed: 368ms.
05-17 09:27:44.108  3940  3943 I art     : WaitForGcToComplete blocked for 9.894ms for cause JitCodeCache
05-17 09:27:44.108  3940  3943 I art     : Starting a blocking GC JitCodeCache
05-17 09:27:44.108  3940  3943 I art     : After code cache collection, code=463KB, data=376KB
05-17 09:27:44.114  3940  3940 I Finsky  : [1] xtv.accept(50): SCH: Job 10-119 starting
05-17 09:27:44.131  4005  4284 I PlayCommon: [255] akwg.j(224): Successfully uploaded logs.
05-17 09:27:44.142  4317  4317 W art     : Unexpected CPU variant for X86 using defaults: x86
05-17 09:27:44.146  1697  3214 I ActivityManager: Start proc 4317:com.android.vending:quick_launch/u0a21 for service com.android.vending/com.google.android.finsky.ipcservers.quicklaunch.QuickLaunchGrpcServerAndroidService
05-17 09:27:44.158  3940  3972 E Finsky  : [249] aern.accept(22): Encountered error moving file to backup location.
05-17 09:27:44.161  3940  3972 E Finsky  : [249] aern.accept(19): Encountered error moving file to backup location.
05-17 09:27:44.164  3940  3966 I Finsky  : [243] yhz.r(4): SCH: jobFinished: 10-119. TimeElapsed: 49ms.
05-17 09:27:44.164  3940  3972 E Finsky  : [249] aern.accept(16): Encountered error moving file to backup location.
05-17 09:27:44.169  3940  3940 I Finsky  : [1] xtv.accept(50): SCH: Job 10-124 starting
05-17 09:27:44.170  3940  3973 I Finsky  : [250] yhz.r(4): SCH: jobFinished: 10-124. TimeElapsed: 2ms.
05-17 09:27:44.171  4317  4317 I Finsky:quick_launch: [1] jkn.i(6): Process created at version: 35.2.19-21 [0] [PR] 522404461
05-17 09:27:44.175  3940  3940 I Finsky  : [1] xtv.accept(50): SCH: Job 10-127 starting
05-17 09:27:44.176  3940  3940 I Finsky  : [1] MarketDeeplinkHandlingActivitySwapHygieneJob.a(1): Start swapping the Market Deeplink handling activity.
05-17 09:27:44.176  3940  3972 I Finsky  : [249] MarketDeeplinkHandlingActivitySwapHygieneJob.b(3): Set component com.android.vending/com.google.android.finsky.activities.MarketDeepLinkHandlerActivity enabled state to 0
05-17 09:27:44.177  3940  3972 I Finsky  : [249] MarketDeeplinkHandlingActivitySwapHygieneJob.b(3): Set component com.android.vending/com.google.android.finsky.transparentmainactivity.TransparentMainActivity enabled state to 0
05-17 09:27:44.177  3940  3972 I Finsky  : [249] yhz.r(4): SCH: jobFinished: 10-127. TimeElapsed: 2ms.
05-17 09:27:44.183  3940  3940 I Finsky  : [1] xtv.accept(50): SCH: Job 37-4 starting
05-17 09:27:44.184  3940  3959 I Finsky  : [236] urk.call(119): [profile-inception]: Profile setup started.
05-17 09:27:44.185  3940  3959 D ProfileInstaller: Installing profile for com.android.vending
05-17 09:27:44.189  4317  4317 I art     : Rejecting re-init on previously-failed class java.lang.Class<ol>: java.lang.NoClassDefFoundError: Failed resolution of: Landroid/window/OnBackInvokedCallback;
05-17 09:27:44.189  4317  4317 I art     :   at void om.U(java.lang.Object, java.lang.String) (PG:-1)
05-17 09:27:44.189  4317  4317 I art     :   at arbp arbj.a(java.lang.Class) (PG:1)
05-17 09:27:44.189  4317  4317 I art     :   at arbp arbj.b(java.lang.Object) (PG:-1)
05-17 09:27:44.189  4317  4317 I art     :   at aqzv aqzv.x(aqzv, byte[], int, int, aqzj) (PG:2)
05-17 09:27:44.189  4317  4317 I art     :   at void vtr.d() (PG:3)
05-17 09:27:44.189  4317  4317 I art     :   at void voo.b(voo) (PG:1)
05-17 09:27:44.189  4317  4317 I art     :   at void vtr.<clinit>() (PG:-1)
05-17 09:27:44.189  4317  4317 I art     :   at void wch.a() (PG:1)
05-17 09:27:44.189  4317  4317 I art     :   at java.util.Map vpb.a(vor) (PG:-1)
05-17 09:27:44.189  4317  4317 I art     :   at java.lang.Object xlc.b() (PG:113)
05-17 09:27:44.189  4317  4317 I art     :   at java.lang.Object auin.b() (PG:1)
05-17 09:27:44.189  4317  4317 I art     :   at java.lang.Object xlc.b() (PG:114)
05-17 09:27:44.189  4317  4317 I art     :   at java.lang.Object auin.b() (PG:1)
05-17 09:27:44.189  4317  4317 I art     :   at java.lang.Object auim.b() (PG:2)
05-17 09:27:44.189  4317  4317 I art     :   at java.lang.Object auin.b() (PG:1)
05-17 09:27:44.189  4317  4317 I art     :   at void xkz.h(android.content.Context, android.app.Application) (PG:5)
05-17 09:27:44.189  4317  4317 I art     :   at void jkn.i() (PG:9)
05-17 09:27:44.189  4317  4317 I art     :   at void jkn.onCreate() (PG:3)
05-17 09:27:44.189  4317  4317 I art     :   at void android.app.Instrumentation.callApplicationOnCreate(android.app.Application) (Instrumentation.java:1024)
05-17 09:27:44.189  4317  4317 I art     :   at void android.app.ActivityThread.handleBindApplication(android.app.ActivityThread$AppBindData) (ActivityThread.java:5403)
05-17 09:27:44.189  4317  4317 I art     :   at void android.app.ActivityThread.-wrap2(android.app.ActivityThread, android.app.ActivityThread$AppBindData) (ActivityThread.java:-1)
