05-16 07:39:29.755: I/RcsClientLib(12379): Connecting TransportControlService
05-16 07:39:29.758: W/BugleTachygram(12379): Not using Tachygram because PEv3 is disabled
05-16 07:39:29.779: I/RcsClientLib(12379): shouldUseCarrierServicesJibeService: true, CarrierServices rcs service found: true
05-16 07:39:29.782: I/BugleRcs(12379): connecting to 10 Rcs Services
05-16 07:39:29.782: I/RcsClientLib(12379): com.google.android.rcs.client.transportcontrol.TransportControlService connected
05-16 07:39:29.782: I/BugleRcs(12379): com.google.android.rcs.client.transportcontrol.TransportControlService RCS service connected
05-16 07:39:29.785: I/RcsProvisioning(12379): Failed to read config: no config found /data/user/0/com.google.android.apps.messaging/files/rcsconfig: open failed: ENOENT (No such file or directory)
05-16 07:39:29.785: W/BugleTachygram(12379): Not using Tachygram because PEv3 is disabled
05-16 07:39:29.786: W/Bugle(12379): SubscriptionMetadataUtils get: invalid subId = -1
05-16 07:39:29.790: W/Bugle(12379): SubscriptionUtilsAsOfQ: subscriberId is empty. Does TelephonyManager have necessary permissions?
05-16 07:39:29.891: W/Bugle(12379): SubscriptionMetadataUtils get: invalid subId = -1
05-16 07:39:29.897: W/Bugle(12379): SubscriptionUtilsAsOfQ: subscriberId is empty. Does TelephonyManager have necessary permissions?
05-16 07:39:29.906: I/BugleRcsEngine(12379): [55] baru.b: Deleted transfers file: false
05-16 07:39:29.908: I/RcsProvisioning(12379): Failed to read config: no config found /data/user/0/com.google.android.apps.messaging/files/rcsconfig: open failed: ENOENT (No such file or directory)
05-16 07:39:29.909: W/Bugle(12379): SubscriptionMetadataUtils get: invalid subId = -1
05-16 07:39:29.913: W/Bugle(12379): SubscriptionUtilsAsOfQ: subscriberId is empty. Does TelephonyManager have necessary permissions?
05-16 07:39:30.292: W/.gms.persistent(10395): Cleared Reference was only reachable from finalizer (only reported once)
05-16 07:39:30.415: W/JobScheduler(1495): Job didn't exist in JobStore: 2b83c9 #u0a188/1034 com.google.android.apps.photos/com.google.android.libraries.social.mediamonitor.MediaMonitorJobSchedulerService
05-16 07:39:30.449: W/UriGrantsManagerService(1495): No permission grants found for com.google.android.apps.photos
05-16 07:39:30.449: W/UriGrantsManagerService(1495): No permission grants found for com.google.android.apps.photos
05-16 07:39:30.485: W/UriGrantsManagerService(1495): No permission grants found for com.google.android.apps.photos
05-16 07:39:30.486: W/UriGrantsManagerService(1495): No permission grants found for com.google.android.apps.photos
05-16 07:39:30.511: W/UriGrantsManagerService(1495): No permission grants found for com.google.android.apps.photos
05-16 07:39:30.511: W/UriGrantsManagerService(1495): No permission grants found for com.google.android.apps.photos
05-16 07:39:30.581: D/AOC(1054): A3:MSG: window_orientation.c, 697: [WO] Proposed rotation: 1, flat angle threshold: 40
05-16 07:39:30.581: D/AOC(1054): A3:MSG: window_orientation.c, 1105: [WO] orientation angle 89, orientation 1
05-16 07:39:30.581: D/AOC(1054): A3:MSG: window_orientation.c, 430: [WO] Gyro angle integrated: 0.000261
05-16 07:39:30.581: D/AOC(1054): A3:MSG: window_orientation.c, 430: [WO] Gyro angle integrated: 0.000261
05-16 07:39:30.625: E/PhenotypeRegOp(15673): Attempting to overwrite config package for com.google.android.gms.maps#com.google.android.gms [CONTEXT service_id=231 ]
05-16 07:39:30.625: E/PhenotypeRegOp(15673): Attempting to overwrite config package for com.google.android.gms.cast [CONTEXT service_id=231 ]
05-16 07:39:30.625: E/PhenotypeRegOp(15673): Attempting to overwrite config package for com.google.android.gms.mobile_data_plan [CONTEXT service_id=231 ]
05-16 07:39:30.626: E/PhenotypeRegOp(15673): Attempting to overwrite config package for com.google.android.gms.udc [CONTEXT service_id=231 ]
05-16 07:39:30.626: E/PhenotypeRegOp(15673): Attempting to overwrite config package for com.google.android.gms.vision [CONTEXT service_id=231 ]
05-16 07:39:30.636: I/TestSupport(15673): AwaitCommitOperation - committing current configuration [CONTEXT service_id=133 ]
05-16 07:39:30.659: I/TestSupport(15673): Committed FlagOverride(com.google.android.gms.auth.api.credentials, , Flag(SaveStrategy__enableSaving, false, 2, 0), true) [CONTEXT service_id=133 ]
05-16 07:39:30.741: I/TestSupport(15673): AwaitCommitOperation - committing current configuration [CONTEXT service_id=133 ]
05-16 07:39:30.977: I/WifiHAL(892): Creating message to get link statistics; iface = 47
05-16 07:39:31.027: I/WifiHAL(892): In GetLinkStatsCommand::handleResponse
05-16 07:39:32.613: D/AOC(1054): A3:MSG: window_orientation.c, 697: [WO] Proposed rotation: 1, flat angle threshold: 40
05-16 07:39:32.613: D/AOC(1054): A3:MSG: window_orientation.c, 1105: [WO] orientation angle 89, orientation 1
05-16 07:39:32.614: D/AOC(1054): A3:MSG: window_orientation.c, 430: [WO] Gyro angle integrated: 0.002091
05-16 07:39:32.614: D/AOC(1054): A3:MSG: window_orientation.c, 430: [WO] Gyro angle integrated: 0.002091
05-16 07:39:32.655: W/PhenotypeFlagCommitter(10395): Committing snapshot for com.google.android.gms.auth.api.credentials failed, retrying
05-16 07:39:32.655: W/PhenotypeFlagCommitter(10395): java.util.concurrent.TimeoutException: Timed out waiting for Task
05-16 07:39:32.655: W/PhenotypeFlagCommitter(10395): 	at cbcq.m(:com.google.android.gms@230914044@23.09.14 (190400-515650844):6)
05-16 07:39:32.655: W/PhenotypeFlagCommitter(10395): 	at bscr.j(:com.google.android.gms@230914044@23.09.14 (190400-515650844):6)
05-16 07:39:32.655: W/PhenotypeFlagCommitter(10395): 	at bscr.h(:com.google.android.gms@230914044@23.09.14 (190400-515650844):0)
05-16 07:39:32.655: W/PhenotypeFlagCommitter(10395): 	at zxy.f(:com.google.android.gms@230914044@23.09.14 (190400-515650844):12)
05-16 07:39:32.655: W/PhenotypeFlagCommitter(10395): 	at com.google.android.gms.common.config.PhenotypeUpdateOperation.onHandleIntent(:com.google.android.gms@230914044@23.09.14 (190400-515650844):10)
05-16 07:39:32.655: W/PhenotypeFlagCommitter(10395): 	at com.google.android.chimera.IntentOperation.onHandleIntent(:com.google.android.gms@230914044@23.09.14 (190400-515650844):2)
05-16 07:39:32.655: W/PhenotypeFlagCommitter(10395): 	at yej.onHandleIntent(:com.google.android.gms@230914044@23.09.14 (190400-515650844):4)
05-16 07:39:32.655: W/PhenotypeFlagCommitter(10395): 	at gxa.run(:com.google.android.gms@230914044@23.09.14 (190400-515650844):3)
05-16 07:39:32.655: W/PhenotypeFlagCommitter(10395): 	at gwz.run(:com.google.android.gms@230914044@23.09.14 (190400-515650844):11)
05-16 07:39:32.655: W/PhenotypeFlagCommitter(10395): 	at czpz.run(:com.google.android.gms@230914044@23.09.14 (190400-515650844):2)
05-16 07:39:32.655: W/PhenotypeFlagCommitter(10395): 	at java.util.concurrent.ThreadPoolExecutor.runWorker(ThreadPoolExecutor.java:1137)
05-16 07:39:32.655: W/PhenotypeFlagCommitter(10395): 	at java.util.concurrent.ThreadPoolExecutor$Worker.run(ThreadPoolExecutor.java:637)
05-16 07:39:32.655: W/PhenotypeFlagCommitter(10395): 	at java.lang.Thread.run(Thread.java:1012)
05-16 07:39:32.655: W/PhenotypeCommitHelper(10395): At PhenotypeCommitHelper commitConfiguration failed com.google.android.gms.auth.api.credentials, retrying=[INVALID: format=%b, type=dicd, value=true] [CONTEXT service_id=256 ]
05-16 07:39:32.655: W/PhenotypeCommitHelper(10395): java.util.concurrent.TimeoutException: Timed out waiting for Task
05-16 07:39:32.655: W/PhenotypeCommitHelper(10395): 	at cbcq.m(:com.google.android.gms@230914044@23.09.14 (190400-515650844):6)
05-16 07:39:32.655: W/PhenotypeCommitHelper(10395): 	at bscr.j(:com.google.android.gms@230914044@23.09.14 (190400-515650844):6)
05-16 07:39:32.655: W/PhenotypeCommitHelper(10395): 	at bscr.h(:com.google.android.gms@230914044@23.09.14 (190400-515650844):0)
05-16 07:39:32.655: W/PhenotypeCommitHelper(10395): 	at zxy.f(:com.google.android.gms@230914044@23.09.14 (190400-515650844):12)
05-16 07:39:32.655: W/PhenotypeCommitHelper(10395): 	at com.google.android.gms.common.config.PhenotypeUpdateOperation.onHandleIntent(:com.google.android.gms@230914044@23.09.14 (190400-515650844):10)
05-16 07:39:32.655: W/PhenotypeCommitHelper(10395): 	at com.google.android.chimera.IntentOperation.onHandleIntent(:com.google.android.gms@230914044@23.09.14 (190400-515650844):2)
05-16 07:39:32.655: W/PhenotypeCommitHelper(10395): 	at yej.onHandleIntent(:com.google.android.gms@230914044@23.09.14 (190400-515650844):4)
05-16 07:39:32.655: W/PhenotypeCommitHelper(10395): 	at gxa.run(:com.google.android.gms@230914044@23.09.14 (190400-515650844):3)
05-16 07:39:32.655: W/PhenotypeCommitHelper(10395): 	at gwz.run(:com.google.android.gms@230914044@23.09.14 (190400-515650844):11)
05-16 07:39:32.655: W/PhenotypeCommitHelper(10395): 	at czpz.run(:com.google.android.gms@230914044@23.09.14 (190400-515650844):2)
05-16 07:39:32.655: W/PhenotypeCommitHelper(10395): 	at java.util.concurrent.ThreadPoolExecutor.runWorker(ThreadPoolExecutor.java:1137)
05-16 07:39:32.655: W/PhenotypeCommitHelper(10395): 	at java.util.concurrent.ThreadPoolExecutor$Worker.run(ThreadPoolExecutor.java:637)
05-16 07:39:32.655: W/PhenotypeCommitHelper(10395): 	at java.lang.Thread.run(Thread.java:1012)
05-16 07:39:32.714: I/bshl(10395): Scheduling Phenotype for a PhenotypeSyncImmediately(6, com.google.android.gms.testsupport) one off with window [1, 2] in seconds [CONTEXT service_id=51 ]
05-16 07:39:32.717: D/OomAdjuster(1495): Not killing cached processes
05-16 07:39:32.735: I/TestSupport(15673): Committed FlagOverride(com.google.android.gms.auth.api.credentials, , Flag(SaveStrategy__enableSaving, false, 2, 0), true) [CONTEXT service_id=133 ]
05-16 07:39:32.738: I/NamespaceManager(10395): Package com.android.refreshratecontrol name not found! Using module version.
05-16 07:39:32.739: I/NamespaceManager(10395): Package com.google.oslo name not found! Using module version.
05-16 07:39:32.744: I/NamespaceManager(10395): Package com.android.media name not found! Using module version.
05-16 07:39:32.744: I/NamespaceManager(10395): Package com.android.media.swcodec name not found! Using module version.
05-16 07:39:32.745: I/NamespaceManager(10395): Package com.android.appsearch name not found! Using module version.
05-16 07:39:32.745: I/NamespaceManager(10395): Package com.android.neuralnetworks name not found! Using module version.
05-16 07:39:32.745: I/NamespaceManager(10395): Package com.android.media name not found! Using module version.
05-16 07:39:32.746: I/NamespaceManager(10395): Package 1 name not found! Using module version.
05-16 07:39:32.747: I/NamespaceManager(10395): Package rkpd name not found! Using module version.
05-16 07:39:32.747: I/NamespaceManager(10395): Package com.google.android.devicelockcontroller name not found! Using module version.
05-16 07:39:32.747: I/NamespaceManager(10395): Package com.google.android.healthfitness name not found! Using module version.
05-16 07:39:32.747: I/NamespaceManager(10395): Package android.companion name not found! Using module version.
05-16 07:39:32.748: W/PhenotypeConfigurationU(10395): Update for unknown DeviceConfig package com.google.android.gms.auth.api.credentials [CONTEXT service_id=204 ]
05-16 07:39:32.748: W/PhenotypeConfigurationU(10395): bsix: No package exists for config package: com.google.android.gms.auth.api.credentials
05-16 07:39:32.748: W/PhenotypeConfigurationU(10395): 	at com.google.android.gms.platformconfigurator.PhenotypeConfigurationUpdateListener.a(:com.google.android.gms@230914044@23.09.14 (190400-515650844):7)
05-16 07:39:32.748: W/PhenotypeConfigurationU(10395): 	at com.google.android.gms.platformconfigurator.PhenotypeConfigurationUpdateListener.onHandleIntent(:com.google.android.gms@230914044@23.09.14 (190400-515650844):9)
05-16 07:39:32.748: W/PhenotypeConfigurationU(10395): 	at com.google.android.chimera.IntentOperation.onHandleIntent(:com.google.android.gms@230914044@23.09.14 (190400-515650844):2)
05-16 07:39:32.748: W/PhenotypeConfigurationU(10395): 	at yej.onHandleIntent(:com.google.android.gms@230914044@23.09.14 (190400-515650844):4)
05-16 07:39:32.748: W/PhenotypeConfigurationU(10395): 	at gxa.run(:com.google.android.gms@230914044@23.09.14 (190400-515650844):3)
05-16 07:39:32.748: W/PhenotypeConfigurationU(10395): 	at gwz.run(:com.google.android.gms@230914044@23.09.14 (190400-515650844):11)
05-16 07:39:32.748: W/PhenotypeConfigurationU(10395): 	at czpz.run(:com.google.android.gms@230914044@23.09.14 (190400-515650844):2)
05-16 07:39:32.748: W/PhenotypeConfigurationU(10395): 	at java.util.concurrent.ThreadPoolExecutor.runWorker(ThreadPoolExecutor.java:1137)
05-16 07:39:32.748: W/PhenotypeConfigurationU(10395): 	at java.util.concurrent.ThreadPoolExecutor$Worker.run(ThreadPoolExecutor.java:637)
05-16 07:39:32.748: W/PhenotypeConfigurationU(10395): 	at java.lang.Thread.run(Thread.java:1012)
05-16 07:39:32.811: I/TSDRIVER(16605): Handled command: PACKAGE
05-16 07:39:32.901: I/ActivityManager(1495): Background started FGS: Allowed [callingPackage: com.android.shell; callingUid: 2000; uidState: CEM ; intent: Intent { act=com.google.android.gmscore.testing.testsupport.CommandService cmp=com.google.android.gmscore.testing.testsupport/.CommandService (has extras) }; code:SYSTEM_UID; tempAllowListReason:<,reasonCode:SYSTEM_ALLOW_LISTED,duration:9223372036854775807,callingUid:-1>; targetSdkVersion:25; callerTargetSdkVersion:33; startForegroundCount:0; bindFromPackage:null]
05-16 07:39:32.908: I/TSDRIVER(16605): CommandService onHandleIntent()
05-16 07:39:32.908: I/TSDRIVER(16605): Got command: PACKAGE
05-16 07:39:32.908: I/TSDRIVER(16605): flag package: Eglnc2VydmljZXMaJwojY2hlY2tpbl9yZXRyeV90YXNrX21heF9iYWNrb2ZmX3NlY3MgAA
05-16 07:39:32.909: I/TSDRIVER(16605): flag package: gservices
05-16 07:39:32.917: I/TestSupport(15673): SetOverrideOperation: checkin_retry_task_max_backoff_secs = 0 [CONTEXT service_id=133 ]
05-16 07:39:32.921: D/GservicesProvider(3913): Update with URI content://com.google.android.gsf.gservices/override
05-16 07:39:32.987: I/GservicesProvider(3913): override update completed
05-16 07:39:32.993: D/GservicesChangeReceiver(4981): Gservices Changed broadcast Received. context is android.app.ReceiverRestrictedContext@646f85b
05-16 07:39:32.997: W/CarrierServices(4451): [71] dly.b: No config URL. RCS not configured for dual-registration.
05-16 07:39:32.998: I/TestSupport(15673): GServices override confirmed: checkin_retry_task_max_backoff_secs=0 [CONTEXT service_id=133 ]
05-16 07:39:32.999: I/TSDRIVER(16605): Handled command: PACKAGE
05-16 07:39:33.004: W/BugleRcsEngine(12379): [212] baio.b: No config URL. RCS not configured for dual-registration.
05-16 07:39:33.010: I/BugleRcsProvisioning(12379): RcsProvisioningTrigger: onGservicesUpdated
05-16 07:39:33.012: I/Backup(15673): [GmsBackupStatusChangeReceiver] Going to enable gms backup transport.
05-16 07:39:33.021: I/BugleRcsProvisioning(12379): RcsProvisioningTrigger: updateRcsAvailability : hint = GSERVICE_UPDATE
05-16 07:39:33.027: I/HubbleConsentChecker(7366): isOptedIn=false
05-16 07:39:33.027: D/ConnMetrics:ConnectivityMetrics(7366): Opted out
05-16 07:39:33.031: I/Herrevad(10395): [499] apah.a: updateListenState
05-16 07:39:33.032: I/Auth(10395): [AuthManaged, PasswordComplexityHelperImpl] Updating password complexity components state.
05-16 07:39:33.032: I/Auth(10395): [AuthManaged, PasswordComplexityHelperImpl] Disabling com.google.android.gms.auth.managed.admin.DeviceAdminReceiver
05-16 07:39:33.033: I/Auth(10395): [AuthManaged, PasswordComplexityHelperImpl] Disabling com.google.android.gms.auth.managed.ui.SetNewPasswordActivity
05-16 07:39:33.035: I/Bugle(12379): RcsAvailabilityUtilForProvisioningEngineV2: updateAvailabilityAsync, hint: GSERVICE_UPDATE
05-16 07:39:33.036: I/GmsModuleFndr(15673): Beginning GMS chimera module scan
05-16 07:39:33.038: I/ModuleSetMgr(15673): Computing pending module set with APKs: [[AdsFdrDynamite.integ:231004600100000], [GamePlatform.optional:230914190000], [Games.optional:230914100000], [MapsCoreDynamite.integ:224312102100400], [MlkitBarcodeUi.optional:230914100000], [MlkitOcrCommon.optional:230914100400], [TfliteDynamiteDynamite.integ:231406200100400], [VisionBarcode.optional:230914100400], [VisionOcrDynamite.integ:231602400100000], [AdsFdrDynamite.integ:224400003100000], [Cronetdynamite:230914190400], [Dynamiteloader:230914190000], [Dynamitemodulesa:230914190000], [Dynamitemodulesc:230914190000], [Googlecertificates:230914190000], [Mapsdynamite:230914190000], [Measurementdynamite:230914190000], [TestSupport.integ:13745000000], [SidecarAps.integ:2052100000]]
05-16 07:39:33.039: I/ActivityManager(1495): Background started FGS: Allowed [callingPackage: com.android.shell; callingUid: 2000; uidState: CEM ; intent: Intent { act=com.google.android.gmscore.testing.testsupport.CommandService cmp=com.google.android.gmscore.testing.testsupport/.CommandService (has extras) }; code:SYSTEM_UID; tempAllowListReason:<,reasonCode:SYSTEM_ALLOW_LISTED,duration:9223372036854775807,callingUid:-1>; targetSdkVersion:25; callerTargetSdkVersion:33; startForegroundCount:0; bindFromPackage:null]
05-16 07:39:33.039: I/BugleRcs(12379): RcsAvailabilityUpdaterRemote: postUpdateRcsAvailability, hint: GSERVICE_UPDATE
05-16 07:39:33.040: D/CarrierServices(4451): log_saver already enabled
05-16 07:39:33.040: I/BugleRcs(12379): RcsAvailabilityUpdaterRemote: updateRcsAvailabilityAsync, hint: GSERVICE_UPDATE
05-16 07:39:33.042: I/CarrierServices(4451): [71] EventHubProxy.unsubscribe: Removing event listener 102330593 for category 8 for hub ENGINE
05-16 07:39:33.042: I/CarrierServices(4451): [71] EventHubProxy.subscribe: Adding event listener djo@f65b19 for category 8 with key 16145177 for hub ENGINE
05-16 07:39:33.043: I/TSDRIVER(16605): CommandService onHandleIntent()
05-16 07:39:33.043: I/TSDRIVER(16605): Got command: PACKAGE
05-16 07:39:33.043: I/TSDRIVER(16605): flag package: Eh1jb20uZ29vZ2xlLmFuZHJvaWQuZ21zLm5lYXJieRonCiNkZWZhdWx0X2RldmljZV9ub3RpZmljYXRpb25fZW5hYmxlZBgAGiAKHGZhc3RfcGFpcl9oYWxmX3NoZWV0X3dlYXJfb3MYAA
05-16 07:39:33.043: I/TSDRIVER(16605): flag package: com.google.android.gms.nearby
05-16 07:39:33.044: I/BugleRcs(12379): ClientInfoProvider: MSIM Rcs enabled because default{subid:-1} matches data{subid:-1} . Unrelated: sms{subid:-1}
05-16 07:39:33.044: I/BugleRcs(12379): RcsAvailabilityUpdaterRemote: updateRcsAvailabilityAsync, trivialAvailability: null
05-16 07:39:33.045: I/ModuleSetMgr(15673): Pending container module APKs: [[GamePlatform.optional:230914190000], [Games.optional:230914100000], [MapsCoreDynamite.integ:224312102100400], [MlkitBarcodeUi.optional:230914100000], [MlkitOcrCommon.optional:230914100400], [VisionBarcode.optional:230914100400]]
05-16 07:39:33.045: I/ModuleSetMgr(15673): Pending non-container module APKs: [[VisionOcrDynamite.integ:231602400100000], [TfliteDynamiteDynamite.integ:231406200100400], [AdsFdrDynamite.integ:231004600100000]]
05-16 07:39:33.047: I/A(10908): Updating Gservices keys
05-16 07:39:33.048: I/TestSupport(15673): SetFlagOverridesOperation: com.google.android.gms.nearby, '', [Flag(default_device_notification_enabled, false, 2, 0)] [CONTEXT service_id=133 ]
05-16 07:39:33.051: D/BugleRcsEngine(12379): log_saver already enabled
05-16 07:39:33.053: I/BugleRcs(12379): RcsAvailabilityUpdaterRemote: getRcsAvailabilityFromSignupServiceAsync
05-16 07:39:33.054: I/RcsClientLib(12379): Connecting SignupService
05-16 07:39:33.060: I/CarrierServices(4451): [2] ehx.g: Checking if using CarrierServices.apk is possible. Enabled: true, isAtLeastM: true, runningInsideBugle: false
05-16 07:39:33.064: I/CarrierServices(4451): [2] RcsAutoStartReceiver.a: RcsAutoStartReceiver triggered. Fetching RCS State. Action: com.google.gservices.intent.action.GSERVICES_CHANGED
05-16 07:39:33.066: I/CarrierServices(4451): [2] RcsStateFetcher.bindService:108 Migration binding to RcsMigrationService
05-16 07:39:33.068: I/RcsClientLib(12379): shouldUseCarrierServicesJibeService: true, CarrierServices rcs service found: true
05-16 07:39:33.069: I/TestSupport(15673): AwaitCommitOperation - committing current configuration [CONTEXT service_id=133 ]
05-16 07:39:33.069: I/BugleDataModel(12379): RcsMigrationService: Returning RCS state provider.
05-16 07:39:33.069: W/PackageParser(15673): Unknown element under <manifest>: queries at /data/user_de/0/com.google.android.gms/app_chimera/m/0000000b/AdsDynamite.apk Binary XML file line #11
05-16 07:39:33.071: I/BugleRcsEngine(12379): [68] bbei.j: Checking if using CarrierServices.apk is possible. Enabled: true, isAtLeastM: true, runningInsideBugle: true
05-16 07:39:33.071: I/RcsClientLib(12379): com.google.android.rcs.client.signup.SignupService connected
05-16 07:39:33.073: I/CarrierServices(4451): [36] dia.b: RcsAvailabilityManager: Calculating Rcs Availability
05-16 07:39:33.078: I/CarrierServices(4451): [36] dkk.y: Bugle is default SMS app: true
05-16 07:39:33.080: W/PackageParser(15673): Unknown element under <manifest>: queries at /data/user_de/0/com.google.android.gms/app_chimera/m/0000001b/dl-AdsFdrDynamite.integ_231004600100000.apk Binary XML file line #15
05-16 07:39:33.081: W/JobScheduler(1495): Job didn't exist in JobStore: 63352fc #u0a163/-1000020 com.google.android.googlequicksearchbox/com.google.android.apps.gsa.tasks.BackgroundTasksJobService
05-16 07:39:33.082: I/CarrierServices(4451): [36] dia.b: Bugle has minimum required RCS permissions: true
05-16 07:39:33.085: I/GCoreUlr(10395): WorldUpdater received intent Intent { act=com.google.android.location.reporting.ACTION_UPDATE_WORLD cmp=com.google.android.gms/com.google.android.location.reporting.service.DispatchingService (has extras) } with receiverAction com.google.gservices.intent.action.GSERVICES_CHANGED
05-16 07:39:33.086: I/CarrierServices(4451): [36] dkk.x: Rcs is enabled from user settings: true
05-16 07:39:33.087: W/CarrierServices(4451): [36] dly.b: No config URL. RCS not configured for dual-registration.
05-16 07:39:33.087: I/CarrierServices(4451): [36] ehx.g: Checking if using CarrierServices.apk is possible. Enabled: true, isAtLeastM: true, runningInsideBugle: false
05-16 07:39:33.088: I/RcsProvisioning(12379): Failed to read config: no config found /data/user/0/com.google.android.apps.messaging/files/rcsconfig: open failed: ENOENT (No such file or directory)
05-16 07:39:33.090: W/Bugle(12379): SubscriptionMetadataUtils get: invalid subId = -1
05-16 07:39:33.091: I/SyncIntentOperation(15673): Handling the intent: Intent { act=com.google.gservices.intent.action.GSERVICES_CHANGED flg=0x1000010 pkg=com.google.android.gms cmp=com.google.android.gms/.chimera.GmsIntentOperationService (has extras) }. [CONTEXT service_id=80 ]
05-16 07:39:33.092: I/RecoverableKeyStoreGms(15673): [RecoverableKeyStoreGmsInitOperation] Initializing auth_folsom
05-16 07:39:33.092: I/CarrierServices(4451): [36] dia.b: Config state is not ACCEPTED, provisioning still in progress
05-16 07:39:33.093: I/CarrierServices(4451): [36] dia.b: RcsAvailabilityManager: Rcs Availability still DISABLED_SIM_ABSENT (RCS is disabled due to SIM absent)
05-16 07:39:33.093: I/BugleRcs(12379): RcsAvailabilityUpdaterRemote: updateRcsAvailabilityPostProcess, Get Updated RcsAvailability, RcsAvailability: DISABLED_SIM_ABSENT, SimId: redacted-pii[0-chars]
05-16 07:39:33.094: I/RcsClientLib(12379): Disconnecting SignupService
05-16 07:39:33.095: I/RecoverableKeyStoreGms(15673): [RecoverableKeyStoreGmsInitOperation] com.google.android.gms.auth.folsom.service.FolsomPublicKeyUpdateService is already enabled. Ignore.
05-16 07:39:33.095: I/RecoverableKeyStoreGms(15673): [RecoverableKeyStoreGmsInitOperation] com.google.android.gms.auth.folsom.service.GcmReceiverService is already enabled. Ignore.
05-16 07:39:33.095: I/BugleRcsProvisioning(12379): RcsProvisioningTrigger: onRcsAvailabilityUpdate : availability is updated to RCS is disabled due to SIM absent, lastAvailability is null, simId hash = -2884776407910416226, isPev3Enabled = false
05-16 07:39:33.096: I/BugleRcs(12379): RcsAvailabilityUpdaterRemote: postUpdateRcsAvailability : success updating RCS availability async
05-16 07:39:33.097: V/RecoverableKeyStoreMgr(1495): Not updating secret types - same as old value.
05-16 07:39:33.100: I/RecoverableKeyStoreGms(15673): [RecoverableKeyStoreGmsInitOperation] Setting vault handle
05-16 07:39:33.100: W/Bugle(12379): SubscriptionUtilsAsOfQ: subscriberId is empty. Does TelephonyManager have necessary permissions?
05-16 07:39:33.100: V/RecoverableKeyStoreMgr(1495): Not updating server params - same as old value.
05-16 07:39:33.101: I/RecoverySnapshotLstnrs(1495): Registered listener for agent with uid 10164
05-16 07:39:33.102: I/GmsModuleFndr(15673): Beginning GMS chimera module scan
05-16 07:39:33.103: I/TestSupport(15673): Committed FlagOverride(com.google.android.gms.nearby, , Flag(default_device_notification_enabled, false, 2, 0), true) [CONTEXT service_id=133 ]
05-16 07:39:33.104: I/ModuleSetMgr(15673): Computing pending module set with APKs: [[AdsFdrDynamite.integ:231004600100000], [GamePlatform.optional:230914190000], [Games.optional:230914100000], [MapsCoreDynamite.integ:224312102100400], [MlkitBarcodeUi.optional:230914100000], [MlkitOcrCommon.optional:230914100400], [TfliteDynamiteDynamite.integ:231406200100400], [VisionBarcode.optional:230914100400], [VisionOcrDynamite.integ:231602400100000], [AdsFdrDynamite.integ:224400003100000], [Cronetdynamite:230914190400], [Dynamiteloader:230914190000], [Dynamitemodulesa:230914190000], [Dynamitemodulesc:230914190000], [Googlecertificates:230914190000], [Mapsdynamite:230914190000], [Measurementdynamite:230914190000], [TestSupport.integ:13745000000], [SidecarAps.integ:2052100000]]
05-16 07:39:33.104: I/RecoverableKeyStoreGms(15673): [EnrollmentManager] Returning certificates list from cache [CONTEXT service_id=172 ]
05-16 07:39:33.112: I/GCoreUlr(10395): WorldUpdater:com.google.gservices.intent.action.GSERVICES_CHANGED: Ensuring that reporting is stopped because of reasons: (no Google accounts)
05-16 07:39:33.112: I/ModuleSetMgr(15673): Pending container module APKs: [[GamePlatform.optional:230914190000], [Games.optional:230914100000], [MapsCoreDynamite.integ:224312102100400], [MlkitBarcodeUi.optional:230914100000], [MlkitOcrCommon.optional:230914100400], [VisionBarcode.optional:230914100400]]
05-16 07:39:33.112: I/ModuleSetMgr(15673): Pending non-container module APKs: [[VisionOcrDynamite.integ:231602400100000], [TfliteDynamiteDynamite.integ:231406200100400], [AdsFdrDynamite.integ:231004600100000]]
05-16 07:39:33.114: I/GCoreUlr(10395): Unbound from all signal providers.
05-16 07:39:33.124: I/RecoverableKeyStoreMgr(1495): The cert file serial number is the same, so skip updating.
05-16 07:39:33.124: I/GCoreUlr(10395): Unbound from all signal providers.
05-16 07:39:33.124: I/GCoreUlr(10395): Stopping handler for UlrDispSvcFast
05-16 07:39:33.125: I/RecoverableKeyStoreGms(15673): [EnrollmentManager] Recovery service is initialized. [CONTEXT service_id=172 ]
05-16 07:39:33.127: I/GCoreUlr(10395): DispatchingService ignoring Intent { act=android.net.wifi.WIFI_STATE_CHANGED flg=0x4000010 (has extras) } because ULR inactive
05-16 07:39:33.128: E/RecoverySnapshotStorage(1495): Error reading snapshot for 10164 from disk
05-16 07:39:33.128: E/RecoverySnapshotStorage(1495): java.io.FileNotFoundException: /data/system/recoverablekeystore/snapshots/10164.xml: open failed: ENOENT (No such file or directory)
05-16 07:39:33.128: E/RecoverySnapshotStorage(1495): 	at libcore.io.IoBridge.open(IoBridge.java:574)
05-16 07:39:33.128: E/RecoverySnapshotStorage(1495): 	at java.io.FileInputStream.<init>(FileInputStream.java:160)
05-16 07:39:33.128: E/RecoverySnapshotStorage(1495): 	at com.android.server.locksettings.recoverablekeystore.storage.RecoverySnapshotStorage.readFromDisk(RecoverySnapshotStorage.java:152)
05-16 07:39:33.128: E/RecoverySnapshotStorage(1495): 	at com.android.server.locksettings.recoverablekeystore.storage.RecoverySnapshotStorage.get(RecoverySnapshotStorage.java:104)
05-16 07:39:33.128: E/RecoverySnapshotStorage(1495): 	at com.android.server.locksettings.recoverablekeystore.RecoverableKeyStoreManager.getKeyChainSnapshot(RecoverableKeyStoreManager.java:342)
05-16 07:39:33.128: E/RecoverySnapshotStorage(1495): 	at com.android.server.locksettings.LockSettingsService.getKeyChainSnapshot(LockSettingsService.java:2587)
05-16 07:39:33.128: E/RecoverySnapshotStorage(1495): 	at com.android.internal.widget.ILockSettings$Stub.onTransact(ILockSettings.java:786)
05-16 07:39:33.128: E/RecoverySnapshotStorage(1495): 	at android.os.Binder.execTransactInternal(Binder.java:1280)
05-16 07:39:33.128: E/RecoverySnapshotStorage(1495): 	at android.os.Binder.execTransact(Binder.java:1244)
05-16 07:39:33.128: E/RecoverySnapshotStorage(1495): Caused by: android.system.ErrnoException: open failed: ENOENT (No such file or directory)
05-16 07:39:33.128: E/RecoverySnapshotStorage(1495): 	at libcore.io.Linux.open(Native Method)
05-16 07:39:33.128: E/RecoverySnapshotStorage(1495): 	at libcore.io.ForwardingOs.open(ForwardingOs.java:563)
05-16 07:39:33.128: E/RecoverySnapshotStorage(1495): 	at libcore.io.BlockGuardOs.open(BlockGuardOs.java:274)
05-16 07:39:33.128: E/RecoverySnapshotStorage(1495): 	at libcore.io.IoBridge.open(IoBridge.java:560)
05-16 07:39:33.128: E/RecoverySnapshotStorage(1495): 	... 8 more
05-16 07:39:33.130: W/PlatformKeyManager(1495): Platform generation ID was 0 but no entry was present in AndroidKeyStore. Generating fresh key.
05-16 07:39:33.138: E/keystore2(504): keystore2::error: In import_key.
05-16 07:39:33.138: E/keystore2(504): Caused by:
05-16 07:39:33.138: E/keystore2(504):     0: In store_new_key.
05-16 07:39:33.138: E/keystore2(504):     1: In store_new_key. Failed to handle super encryption.
05-16 07:39:33.138: E/keystore2(504):     2: In handle_super_encryption_on_key_init: User ECDH key missing.
05-16 07:39:33.138: E/keystore2(504):     3: Error::Rc(ResponseCode(4))
05-16 07:39:33.139: W/RecoverableKeyStoreGms(15673): [WrappingKeyManager] InternalRecoveryServiceException during wrapping key generation [CONTEXT service_id=172 ]
05-16 07:39:33.139: W/RecoverableKeyStoreGms(15673): android.security.keystore.recovery.InternalRecoveryServiceException: Failed to import secret key.
05-16 07:39:33.139: W/RecoverableKeyStoreGms(15673): 	at android.security.keystore.recovery.RecoveryController.wrapUnexpectedServiceSpecificException(RecoveryController.java:773)
05-16 07:39:33.139: W/RecoverableKeyStoreGms(15673): 	at android.security.keystore.recovery.RecoveryController.generateKey(RecoveryController.java:562)
05-16 07:39:33.139: W/RecoverableKeyStoreGms(15673): 	at plc.f(:com.google.android.gms@230914044@23.09.14 (190400-515650844):3)
05-16 07:39:33.139: W/RecoverableKeyStoreGms(15673): 	at plc.e(:com.google.android.gms@230914044@23.09.14 (190400-515650844):15)
05-16 07:39:33.139: W/RecoverableKeyStoreGms(15673): 	at pic.f(:com.google.android.gms@230914044@23.09.14 (190400-515650844):39)
05-16 07:39:33.139: W/RecoverableKeyStoreGms(15673): 	at com.google.android.gms.auth.folsom.operation.GserviceChangeIntentOperation.onHandleIntent(:com.google.android.gms@230914044@23.09.14 (190400-515650844):8)
05-16 07:39:33.139: W/RecoverableKeyStoreGms(15673): 	at com.google.android.chimera.IntentOperation.onHandleIntent(:com.google.android.gms@230914044@23.09.14 (190400-515650844):2)
05-16 07:39:33.139: W/RecoverableKeyStoreGms(15673): 	at yej.onHandleIntent(:com.google.android.gms@230914044@23.09.14 (190400-515650844):4)
05-16 07:39:33.139: W/RecoverableKeyStoreGms(15673): 	at gxa.run(:com.google.android.gms@230914044@23.09.14 (190400-515650844):3)
05-16 07:39:33.139: W/RecoverableKeyStoreGms(15673): 	at gwz.run(:com.google.android.gms@230914044@23.09.14 (190400-515650844):11)
05-16 07:39:33.139: W/RecoverableKeyStoreGms(15673): 	at czpz.run(:com.google.android.gms@230914044@23.09.14 (190400-515650844):2)
05-16 07:39:33.139: W/RecoverableKeyStoreGms(15673): 	at java.util.concurrent.ThreadPoolExecutor.runWorker(ThreadPoolExecutor.java:1137)
05-16 07:39:33.139: W/RecoverableKeyStoreGms(15673): 	at java.util.concurrent.ThreadPoolExecutor$Worker.run(ThreadPoolExecutor.java:637)
05-16 07:39:33.139: W/RecoverableKeyStoreGms(15673): 	at java.lang.Thread.run(Thread.java:1012)
05-16 07:39:33.139: W/RecoverableKeyStoreGms(15673): Caused by: android.os.ServiceSpecificException: Failed to import secret key. (code 22)
05-16 07:39:33.139: W/RecoverableKeyStoreGms(15673): 	at android.os.Parcel.createExceptionOrNull(Parcel.java:3025)
05-16 07:39:33.139: W/RecoverableKeyStoreGms(15673): 	at android.os.Parcel.createException(Parcel.java:2995)
05-16 07:39:33.139: W/RecoverableKeyStoreGms(15673): 	at android.os.Parcel.readException(Parcel.java:2978)
05-16 07:39:33.139: W/RecoverableKeyStoreGms(15673): 	at android.os.Parcel.readException(Parcel.java:2920)
05-16 07:39:33.139: W/RecoverableKeyStoreGms(15673): 	at com.android.internal.widget.ILockSettings$Stub$Proxy.generateKey(ILockSettings.java:1574)
05-16 07:39:33.139: W/RecoverableKeyStoreGms(15673): 	at android.security.keystore.recovery.RecoveryController.generateKey(RecoveryController.java:549)
05-16 07:39:33.139: W/RecoverableKeyStoreGms(15673): 	... 12 more
05-16 07:39:33.141: I/MobileDataHub(15673): Scheduling periodic tasks
05-16 07:39:33.146: W/PackageParser(15673): Unknown element under <manifest>: queries at /data/user_de/0/com.google.android.gms/app_chimera/m/0000000b/AdsDynamite.apk Binary XML file line #11
05-16 07:39:33.149: I/MdiSyncModule(15673): flag handling is skipping irrelevant intent.
05-16 07:39:33.150: I/MS_Utils(15673): version of com.google.android.apps.maps = 1066662178
05-16 07:39:33.150: W/MobileDataHub(15673): [Service] appsupload-periodic periodic task disabled
05-16 07:39:33.154: I/GmsSyncPolicyEngine(15673): Periodic sync 1 disabled by policy, cancelled.
05-16 07:39:33.155: I/GmsSyncPolicyEngine(15673): Periodic sync 2 disabled by policy, cancelled.
05-16 07:39:33.157: I/SystemUpdate(15673): [Installation,ReceiverIntentOperation] Received intent: Intent { act=com.google.gservices.intent.action.GSERVICES_CHANGED flg=0x1000010 pkg=com.google.android.gms cmp=com.google.android.gms/.chimera.GmsIntentOperationService (has extras) }.
05-16 07:39:33.166: W/PackageParser(15673): Unknown element under <manifest>: queries at /data/user_de/0/com.google.android.gms/app_chimera/m/0000001b/dl-AdsFdrDynamite.integ_231004600100000.apk Binary XML file line #15
05-16 07:39:33.183: I/TestSupport(15673): SetFlagOverridesOperation: com.google.android.gms.nearby, '', [Flag(fast_pair_half_sheet_wear_os, false, 2, 0)] [CONTEXT service_id=133 ]
05-16 07:39:33.195: I/TestSupport(15673): AwaitCommitOperation - committing current configuration [CONTEXT service_id=133 ]
05-16 07:39:33.196: W/DynamiteModule(15673): Local module descriptor class for com.google.android.gms.vision.dynamite.ocr not found.
05-16 07:39:33.196: W/ProviderHelper(15673): Unknown dynamite feature vision.dynamite.ocr
05-16 07:39:33.197: I/DynamiteModule(15673): Considering local module com.google.android.gms.vision.dynamite.ocr:0 and remote module com.google.android.gms.vision.dynamite.ocr:0
05-16 07:39:33.197: I/DynamiteModule(15673): Considering local module com.google.android.gms.vision.ocr:0 and remote module com.google.android.gms.vision.ocr:231602400
05-16 07:39:33.197: I/DynamiteModule(15673): Selected remote version of com.google.android.gms.vision.ocr, version >= 231602400
05-16 07:39:33.199: I/DynamiteModule(15673): Considering local module com.google.android.gms.mlkit_ocr_common:0 and remote module com.google.android.gms.mlkit_ocr_common:230914000
05-16 07:39:33.199: I/DynamiteModule(15673): Selected remote version of com.google.android.gms.mlkit_ocr_common, version >= 230914000
05-16 07:39:33.201: W/Bugle(12379): SubscriptionMetadataUtils get: invalid subId = -1
05-16 07:39:33.201: I/OcrModelUpStIntentOp(15673): Downloading text recognizer
05-16 07:39:33.210: W/Bugle(12379): SubscriptionUtilsAsOfQ: subscriberId is empty. Does TelephonyManager have necessary permissions?
05-16 07:39:33.215: W/NetworkScheduler(10395): The extras of the task (com.google.android.gms.ocr.service.ModelCleanUpTaskService:type_[4]) are not valid to be persisted so that the task is not persisted [CONTEXT service_id=218 ]
05-16 07:39:33.215: W/NetworkScheduler(10395): java.lang.IllegalArgumentException: Only the following extra parameter types are supported: Integer, Long, Double, String, Boolean, and nested Bundles with the same restrictions.
05-16 07:39:33.215: W/NetworkScheduler(10395): 	at attp.e(:com.google.android.gms@230914044@23.09.14 (190400-515650844):6)
05-16 07:39:33.215: W/NetworkScheduler(10395): 	at burn.f(:com.google.android.gms@230914044@23.09.14 (190400-515650844):38)
05-16 07:39:33.215: W/NetworkScheduler(10395): 	at buqg.n(:com.google.android.gms@230914044@23.09.14 (190400-515650844):3)
05-16 07:39:33.215: W/NetworkScheduler(10395): 	at buqg.u(:com.google.android.gms@230914044@23.09.14 (190400-515650844):20)
05-16 07:39:33.215: W/NetworkScheduler(10395): 	at buqg.h(:com.google.android.gms@230914044@23.09.14 (190400-515650844):3)
05-16 07:39:33.215: W/NetworkScheduler(10395): 	at bulx.run(:com.google.android.gms@230914044@23.09.14 (190400-515650844):9)
05-16 07:39:33.215: W/NetworkScheduler(10395): 	at aawx.c(:com.google.android.gms@230914044@23.09.14 (190400-515650844):6)
05-16 07:39:33.215: W/NetworkScheduler(10395): 	at aawx.run(:com.google.android.gms@230914044@23.09.14 (190400-515650844):7)
05-16 07:39:33.215: W/NetworkScheduler(10395): 	at java.util.concurrent.ThreadPoolExecutor.runWorker(ThreadPoolExecutor.java:1137)
05-16 07:39:33.215: W/NetworkScheduler(10395): 	at java.util.concurrent.ThreadPoolExecutor$Worker.run(ThreadPoolExecutor.java:637)
05-16 07:39:33.215: W/NetworkScheduler(10395): 	at abcd.run(:com.google.android.gms@230914044@23.09.14 (190400-515650844):0)
05-16 07:39:33.215: W/NetworkScheduler(10395): 	at java.lang.Thread.run(Thread.java:1012)
05-16 07:39:33.226: E/bsfg(10395): Phenotype API error. Event # dwnw@a66205d7, EventCode: 5 [CONTEXT service_id=51 ]
05-16 07:39:33.226: E/bsfg(10395): bsei: 29501: Stale snapshot for com.google.android.gms.nearby(change count changed - expected 6  but was 5)
05-16 07:39:33.226: E/bsfg(10395): 	at bsfl.b(:com.google.android.gms@230914044@23.09.14 (190400-515650844):14)
05-16 07:39:33.226: E/bsfg(10395): 	at bsfj.g(:com.google.android.gms@230914044@23.09.14 (190400-515650844):0)
05-16 07:39:33.226: E/bsfg(10395): 	at bsfg.e(:com.google.android.gms@230914044@23.09.14 (190400-515650844):4)
05-16 07:39:33.226: E/bsfg(10395): 	at bsfg.f(:com.google.android.gms@230914044@23.09.14 (190400-515650844):2)
05-16 07:39:33.226: E/bsfg(10395): 	at atly.eq(:com.google.android.gms@230914044@23.09.14 (190400-515650844):1)
05-16 07:39:33.226: E/bsfg(10395): 	at atmf.run(:com.google.android.gms@230914044@23.09.14 (190400-515650844):12)
05-16 07:39:33.226: E/bsfg(10395): 	at czpz.run(:com.google.android.gms@230914044@23.09.14 (190400-515650844):2)
05-16 07:39:33.226: E/bsfg(10395): 	at aawx.c(:com.google.android.gms@230914044@23.09.14 (190400-515650844):6)
05-16 07:39:33.226: E/bsfg(10395): 	at aawx.run(:com.google.android.gms@230914044@23.09.14 (190400-515650844):7)
05-16 07:39:33.226: E/bsfg(10395): 	at java.util.concurrent.ThreadPoolExecutor.runWorker(ThreadPoolExecutor.java:1137)
05-16 07:39:33.226: E/bsfg(10395): 	at java.util.concurrent.ThreadPoolExecutor$Worker.run(ThreadPoolExecutor.java:637)
05-16 07:39:33.226: E/bsfg(10395): 	at abcd.run(:com.google.android.gms@230914044@23.09.14 (190400-515650844):0)
05-16 07:39:33.226: E/bsfg(10395): 	at java.lang.Thread.run(Thread.java:1012)
05-16 07:39:33.226: W/AsyncOperation(10395): operation=CommitToConfigurationOperationCall, opStatusCode=29501 [CONTEXT service_id=51 ]
05-16 07:39:33.226: W/AsyncOperation(10395): OperationException[Status{statusCode=Stale snapshot for com.google.android.gms.nearby(change count changed - expected 6  but was 5), resolution=null}]
05-16 07:39:33.226: W/AsyncOperation(10395): 	at bsfg.e(:com.google.android.gms@230914044@23.09.14 (190400-515650844):6)
05-16 07:39:33.226: W/AsyncOperation(10395): 	at bsfg.f(:com.google.android.gms@230914044@23.09.14 (190400-515650844):2)
05-16 07:39:33.226: W/AsyncOperation(10395): 	at atly.eq(:com.google.android.gms@230914044@23.09.14 (190400-515650844):1)
05-16 07:39:33.226: W/AsyncOperation(10395): 	at atmf.run(:com.google.android.gms@230914044@23.09.14 (190400-515650844):12)
05-16 07:39:33.226: W/AsyncOperation(10395): 	at czpz.run(:com.google.android.gms@230914044@23.09.14 (190400-515650844):2)
05-16 07:39:33.226: W/AsyncOperation(10395): 	at aawx.c(:com.google.android.gms@230914044@23.09.14 (190400-515650844):6)
05-16 07:39:33.226: W/AsyncOperation(10395): 	at aawx.run(:com.google.android.gms@230914044@23.09.14 (190400-515650844):7)
05-16 07:39:33.226: W/AsyncOperation(10395): 	at java.util.concurrent.ThreadPoolExecutor.runWorker(ThreadPoolExecutor.java:1137)
05-16 07:39:33.226: W/AsyncOperation(10395): 	at java.util.concurrent.ThreadPoolExecutor$Worker.run(ThreadPoolExecutor.java:637)
05-16 07:39:33.226: W/AsyncOperation(10395): 	at abcd.run(:com.google.android.gms@230914044@23.09.14 (190400-515650844):0)
05-16 07:39:33.226: W/AsyncOperation(10395): 	at java.lang.Thread.run(Thread.java:1012)
05-16 07:39:33.227: W/PhenotypeFlagCommitter(10395): Committing snapshot for com.google.android.gms.nearby failed, retrying
05-16 07:39:33.227: W/PhenotypeFlagCommitter(10395): java.util.concurrent.ExecutionException: zko: 29501: Stale snapshot for com.google.android.gms.nearby(change count changed - expected 6  but was 5)
05-16 07:39:33.227: W/PhenotypeFlagCommitter(10395): 	at cbcq.n(:com.google.android.gms@230914044@23.09.14 (190400-515650844):2)
05-16 07:39:33.227: W/PhenotypeFlagCommitter(10395): 	at cbcq.m(:com.google.android.gms@230914044@23.09.14 (190400-515650844):7)
05-16 07:39:33.227: W/PhenotypeFlagCommitter(10395): 	at bscr.j(:com.google.android.gms@230914044@23.09.14 (190400-515650844):6)
05-16 07:39:33.227: W/PhenotypeFlagCommitter(10395): 	at bscr.h(:com.google.android.gms@230914044@23.09.14 (190400-515650844):0)
05-16 07:39:33.227: W/PhenotypeFlagCommitter(10395): 	at zxy.f(:com.google.android.gms@230914044@23.09.14 (190400-515650844):12)
05-16 07:39:33.227: W/PhenotypeFlagCommitter(10395): 	at com.google.android.gms.common.config.PhenotypeUpdateOperation.onHandleIntent(:com.google.android.gms@230914044@23.09.14 (190400-515650844):10)
05-16 07:39:33.227: W/PhenotypeFlagCommitter(10395): 	at com.google.android.chimera.IntentOperation.onHandleIntent(:com.google.android.gms@230914044@23.09.14 (190400-515650844):2)
05-16 07:39:33.227: W/PhenotypeFlagCommitter(10395): 	at yej.onHandleIntent(:com.google.android.gms@230914044@23.09.14 (190400-515650844):4)
05-16 07:39:33.227: W/PhenotypeFlagCommitter(10395): 	at gxa.run(:com.google.android.gms@230914044@23.09.14 (190400-515650844):3)
05-16 07:39:33.227: W/PhenotypeFlagCommitter(10395): 	at gwz.run(:com.google.android.gms@230914044@23.09.14 (190400-515650844):11)
05-16 07:39:33.227: W/PhenotypeFlagCommitter(10395): 	at czpz.run(:com.google.android.gms@230914044@23.09.14 (190400-515650844):2)
05-16 07:39:33.227: W/PhenotypeFlagCommitter(10395): 	at java.util.concurrent.ThreadPoolExecutor.runWorker(ThreadPoolExecutor.java:1137)
05-16 07:39:33.227: W/PhenotypeFlagCommitter(10395): 	at java.util.concurrent.ThreadPoolExecutor$Worker.run(ThreadPoolExecutor.java:637)
05-16 07:39:33.227: W/PhenotypeFlagCommitter(10395): 	at java.lang.Thread.run(Thread.java:1012)
05-16 07:39:33.227: W/PhenotypeFlagCommitter(10395): Caused by: zko: 29501: Stale snapshot for com.google.android.gms.nearby(change count changed - expected 6  but was 5)
05-16 07:39:33.227: W/PhenotypeFlagCommitter(10395): 	at aaeq.a(:com.google.android.gms@230914044@23.09.14 (190400-515650844):2)
05-16 07:39:33.227: W/PhenotypeFlagCommitter(10395): 	at zqg.b(:com.google.android.gms@230914044@23.09.14 (190400-515650844):2)
05-16 07:39:33.227: W/PhenotypeFlagCommitter(10395): 	at zqg.a(:com.google.android.gms@230914044@23.09.14 (190400-515650844):0)
05-16 07:39:33.227: W/PhenotypeFlagCommitter(10395): 	at bses.a(:com.google.android.gms@230914044@23.09.14 (190400-515650844):0)
05-16 07:39:33.227: W/PhenotypeFlagCommitter(10395): 	at bsfj.j(:com.google.android.gms@230914044@23.09.14 (190400-515650844):0)
05-16 07:39:33.227: W/PhenotypeFlagCommitter(10395): 	at atly.eq(:com.google.android.gms@230914044@23.09.14 (190400-515650844):6)
05-16 07:39:33.227: W/PhenotypeFlagCommitter(10395): 	at atmf.run(:com.google.android.gms@230914044@23.09.14 (190400-515650844):12)
05-16 07:39:33.227: W/PhenotypeFlagCommitter(10395): 	at czpz.run(:com.google.android.gms@230914044@23.09.14 (190400-515650844):2)
05-16 07:39:33.227: W/PhenotypeFlagCommitter(10395): 	at aawx.c(:com.google.android.gms@230914044@23.09.14 (190400-515650844):6)
05-16 07:39:33.227: W/PhenotypeFlagCommitter(10395): 	at aawx.run(:com.google.android.gms@230914044@23.09.14 (190400-515650844):7)
05-16 07:39:33.227: W/PhenotypeFlagCommitter(10395): 	at java.util.concurrent.ThreadPoolExecutor.runWorker(ThreadPoolExecutor.java:1137)
05-16 07:39:33.227: W/PhenotypeFlagCommitter(10395): 	at java.util.concurrent.ThreadPoolExecutor$Worker.run(ThreadPoolExecutor.java:637)
05-16 07:39:33.227: W/PhenotypeFlagCommitter(10395): 	at abcd.run(:com.google.android.gms@230914044@23.09.14 (190400-515650844):0)
05-16 07:39:33.227: W/PhenotypeFlagCommitter(10395): 	... 1 more
05-16 07:39:33.227: W/PhenotypeCommitHelper(10395): At PhenotypeCommitHelper commitConfiguration failed com.google.android.gms.nearby, retrying=[INVALID: format=%b, type=dicd, value=true] [CONTEXT service_id=256 ]
05-16 07:39:33.227: W/PhenotypeCommitHelper(10395): java.util.concurrent.ExecutionException: zko: 29501: Stale snapshot for com.google.android.gms.nearby(change count changed - expected 6  but was 5)
05-16 07:39:33.227: W/PhenotypeCommitHelper(10395): 	at cbcq.n(:com.google.android.gms@230914044@23.09.14 (190400-515650844):2)
05-16 07:39:33.227: W/PhenotypeCommitHelper(10395): 	at cbcq.m(:com.google.android.gms@230914044@23.09.14 (190400-515650844):7)
05-16 07:39:33.227: W/PhenotypeCommitHelper(10395): 	at bscr.j(:com.google.android.gms@230914044@23.09.14 (190400-515650844):6)
05-16 07:39:33.227: W/PhenotypeCommitHelper(10395): 	at bscr.h(:com.google.android.gms@230914044@23.09.14 (190400-515650844):0)
05-16 07:39:33.227: W/PhenotypeCommitHelper(10395): 	at zxy.f(:com.google.android.gms@230914044@23.09.14 (190400-515650844):12)
05-16 07:39:33.227: W/PhenotypeCommitHelper(10395): 	at com.google.android.gms.common.config.PhenotypeUpdateOperation.onHandleIntent(:com.google.android.gms@230914044@23.09.14 (190400-515650844):10)
05-16 07:39:33.227: W/PhenotypeCommitHelper(10395): 	at com.google.android.chimera.IntentOperation.onHandleIntent(:com.google.android.gms@230914044@23.09.14 (190400-515650844):2)
05-16 07:39:33.227: W/PhenotypeCommitHelper(10395): 	at yej.onHandleIntent(:com.google.android.gms@230914044@23.09.14 (190400-515650844):4)
05-16 07:39:33.227: W/PhenotypeCommitHelper(10395): 	at gxa.run(:com.google.android.gms@230914044@23.09.14 (190400-515650844):3)
05-16 07:39:33.227: W/PhenotypeCommitHelper(10395): 	at gwz.run(:com.google.android.gms@230914044@23.09.14 (190400-515650844):11)
05-16 07:39:33.227: W/PhenotypeCommitHelper(10395): 	at czpz.run(:com.google.android.gms@230914044@23.09.14 (190400-515650844):2)
05-16 07:39:33.227: W/PhenotypeCommitHelper(10395): 	at java.util.concurrent.ThreadPoolExecutor.runWorker(ThreadPoolExecutor.java:1137)
05-16 07:39:33.227: W/PhenotypeCommitHelper(10395): 	at java.util.concurrent.ThreadPoolExecutor$Worker.run(ThreadPoolExecutor.java:637)
05-16 07:39:33.227: W/PhenotypeCommitHelper(10395): 	at java.lang.Thread.run(Thread.java:1012)
05-16 07:39:33.227: W/PhenotypeCommitHelper(10395): Caused by: zko: 29501: Stale snapshot for com.google.android.gms.nearby(change count changed - expected 6  but was 5)
05-16 07:39:33.227: W/PhenotypeCommitHelper(10395): 	at aaeq.a(:com.google.android.gms@230914044@23.09.14 (190400-515650844):2)
05-16 07:39:33.227: W/PhenotypeCommitHelper(10395): 	at zqg.b(:com.google.android.gms@230914044@23.09.14 (190400-515650844):2)
05-16 07:39:33.227: W/PhenotypeCommitHelper(10395): 	at zqg.a(:com.google.android.gms@230914044@23.09.14 (190400-515650844):0)
05-16 07:39:33.227: W/PhenotypeCommitHelper(10395): 	at bses.a(:com.google.android.gms@230914044@23.09.14 (190400-515650844):0)
05-16 07:39:33.227: W/PhenotypeCommitHelper(10395): 	at bsfj.j(:com.google.android.gms@230914044@23.09.14 (190400-515650844):0)
05-16 07:39:33.227: W/PhenotypeCommitHelper(10395): 	at atly.eq(:com.google.android.gms@230914044@23.09.14 (190400-515650844):6)
05-16 07:39:33.227: W/PhenotypeCommitHelper(10395): 	at atmf.run(:com.google.android.gms@230914044@23.09.14 (190400-515650844):12)
05-16 07:39:33.227: W/PhenotypeCommitHelper(10395): 	at czpz.run(:com.google.android.gms@230914044@23.09.14 (190400-515650844):2)
05-16 07:39:33.227: W/PhenotypeCommitHelper(10395): 	at aawx.c(:com.google.android.gms@230914044@23.09.14 (190400-515650844):6)
05-16 07:39:33.227: W/PhenotypeCommitHelper(10395): 	at aawx.run(:com.google.android.gms@230914044@23.09.14 (190400-515650844):7)
05-16 07:39:33.227: W/PhenotypeCommitHelper(10395): 	at java.util.concurrent.ThreadPoolExecutor.runWorker(ThreadPoolExecutor.java:1137)
05-16 07:39:33.227: W/PhenotypeCommitHelper(10395): 	at java.util.concurrent.ThreadPoolExecutor$Worker.run(ThreadPoolExecutor.java:637)
05-16 07:39:33.227: W/PhenotypeCommitHelper(10395): 	at abcd.run(:com.google.android.gms@230914044@23.09.14 (190400-515650844):0)
05-16 07:39:33.227: W/PhenotypeCommitHelper(10395): 	... 1 more
