05-17 09:27:17.275  2551  3194 I art     : Starting a blocking GC DisableMovingGc
05-17 09:27:17.320  2261  3232 W System  : ClassLoader referenced unknown path: /system/priv-app/PrebuiltGmsCore/lib/x86
05-17 09:27:17.321  2261  3232 D ApplicationLoaders: ignored Vulkan layer search path /system/priv-app/PrebuiltGmsCore/lib/x86:/system/fake-libs:/system/priv-app/PrebuiltGmsCore/PrebuiltGmsCore.apk!/lib/x86:/system/lib:/vendor/lib for namespace 0xa83290d0
05-17 09:27:17.332  2261  3232 W linker  : /system/priv-app/PrebuiltGmsCore/PrebuiltGmsCore.apk!/lib/x86/libgmscore.so: unused DT entry: type 0x7ffffffd arg 0x754
05-17 09:27:17.335  2678  3256 I chatty  : uid=10021(com.android.vending) expire 1 line
05-17 09:27:17.351  2261  2272 W art     : Suspending all threads took: 15.807ms
05-17 09:27:17.351  2464  2474 I chatty  : uid=10013(com.google.android.gms) HeapTaskDaemon expire 3 lines
05-17 09:27:17.355  2261  2272 I art     : Background sticky concurrent mark sweep GC freed 23339(1450KB) AllocSpace objects, 7(1248KB) LOS objects, 17% free, 9MB/11MB, paused 17.237ms total 106.509ms
05-17 09:27:17.370  3269  3269 I chatty  : uid=10013 com.google.android.gms.ui expire 8 lines
05-17 09:27:17.371  3202  3202 W System  : ClassLoader referenced unknown path: /system/app/Hangouts/lib/x86
05-17 09:27:17.373  1697  1913 I ActivityManager: Start proc 3269:com.google.android.gms.ui/u0a13 for service com.google.android.gms/.chimera.UiIntentOperationService
05-17 09:27:17.419  2678  2690 I chatty  : uid=10021(com.android.vending) expire 1 line
05-17 09:27:17.425  3139  3139 W DynamiteModule: Local module descriptor class for com.google.android.gms.googlecertificates not found.
05-17 09:27:17.428  3139  3139 W System  : ClassLoader referenced unknown path: /system/priv-app/PrebuiltGmsCore/lib/x86
05-17 09:27:17.428  3139  3139 D ApplicationLoaders: ignored Vulkan layer search path /system/priv-app/PrebuiltGmsCore/lib/x86:/system/fake-libs:/system/priv-app/PrebuiltGmsCore/PrebuiltGmsCore.apk!/lib/x86:/system/lib:/vendor/lib for namespace 0xa8470090
05-17 09:27:17.432  3139  3139 W System  : ClassLoader referenced unknown path: 
05-17 09:27:17.432  3139  3139 W System  : ClassLoader referenced unknown path: /system/priv-app/PrebuiltGmsCore/lib/x86
05-17 09:27:17.432  3139  3139 D ApplicationLoaders: ignored Vulkan layer search path /system/priv-app/PrebuiltGmsCore/lib/x86:/system/fake-libs:/system/priv-app/PrebuiltGmsCore/PrebuiltGmsCore.apk!/lib/x86:/system/lib:/vendor/lib for namespace 0xa84700d0
05-17 09:27:17.434  2261  3232 W linker  : /system/priv-app/PrebuiltGmsCore/PrebuiltGmsCore.apk!/lib/x86/libconscrypt_gmscore_jni.so: unused DT entry: type 0x7ffffffd arg 0x174
05-17 09:27:17.436  3139  3139 I DynamiteModule: Considering local module com.google.android.gms.googlecertificates:0 and remote module com.google.android.gms.googlecertificates:2
05-17 09:27:17.436  3139  3139 I DynamiteModule: Selected remote version of com.google.android.gms.googlecertificates, version >= 2
05-17 09:27:17.437  2261  3232 V JNIHelp : Registering com/google/android/gms/org/conscrypt/NativeCrypto's 242 native methods...
05-17 09:27:17.471  2464  3299 I chatty  : uid=10013(com.google.android.gms) expire 1 line
05-17 09:27:17.484  2464  2778 I chatty  : uid=10013(com.google.android.gms) GAC_Executor[1] expire 4 lines
05-17 09:27:17.492  2261  3235 I cr_LibraryLoader: Time to load native libraries: 60 ms (timestamps 1401-1461)
05-17 09:27:17.493  2261  3235 I cr_LibraryLoader: Expected native library version number "55.0.2883.91", actual native library version number "55.0.2883.91"
05-17 09:27:17.494  2261  3232 D NetworkSecurityConfig: No Network Security Config specified, using platform default
05-17 09:27:17.495  2261  3232 I ProviderInstaller: Installed default security provider GmsCore_OpenSSL
05-17 09:27:17.499  1697  1913 I ActivityManager: Killing 2350:com.google.android.music:main/u0a60 (adj 906): empty #17
05-17 09:27:17.510  2261  3250 I UpdateIcingCorporaServi: UpdateCorporaTask done [took 252 ms] updated apps [took 210 ms] updated contacts [took 42 ms]
05-17 09:27:17.537  2211  3307 D DownloadManager: [7] Starting
05-17 09:27:17.561  1697  1708 D ActivityManager: cleanUpApplicationRecord -- 2350
05-17 09:27:17.575  2678  3323 I chatty  : uid=10021(com.android.vending) expire 2 lines
05-17 09:27:17.578  2678  3326 I chatty  : uid=10021(com.android.vending) expire 1 line
05-17 09:27:17.582  2261  2261 I MicroDetectionWorker: Micro detection mode: [mDetectionMode: [1]].
05-17 09:27:17.582  2261  2261 I AudioController: Using mInputStreamFactoryBuilder
05-17 09:27:17.585  2261  3328 I MicroRecognitionRunner: Starting detection.
05-17 09:27:17.586  2261  2403 I MicrophoneInputStream: mic_starting com.google.android.apps.gsa.staticplugins.z.c@18b40d6
05-17 09:27:17.586  1397  3331 I AudioFlinger: AudioFlinger's thread 0xa8e832c0 ready to run
05-17 09:27:17.588  2261  2403 I MicrophoneInputStream: mic_started com.google.android.apps.gsa.staticplugins.z.c@18b40d6
05-17 09:27:17.588  2261  2403 E ActivityThread: Failed to find provider info for com.google.android.apps.gsa.testing.ui.audio.recorded
05-17 09:27:17.588  2261  2261 I MicroDetectionWorker: onReady
05-17 09:27:17.590  2261  2403 I MicrophoneInputStream: mic_close com.google.android.apps.gsa.staticplugins.z.c@18b40d6
05-17 09:27:17.590  2261  3328 I MicroRecognitionRunner: Detection finished
05-17 09:27:17.590  2261  3328 W ErrorReporter: reportError [type: 211, code: 524300]: Error reading from input stream
05-17 09:27:17.591  2261  3328 W ErrorProcessor: onFatalError, processing error from engine(4)
05-17 09:27:17.591  2261  3328 W ErrorProcessor: com.google.android.apps.gsa.shared.speech.a.g: Error reading from input stream
05-17 09:27:17.591  2261  3328 W ErrorProcessor: 	at com.google.android.apps.gsa.staticplugins.recognizer.i.a.a(SourceFile:342)
05-17 09:27:17.591  2261  3328 W ErrorProcessor: 	at com.google.android.apps.gsa.staticplugins.recognizer.i.a$1.run(SourceFile:1367)
05-17 09:27:17.591  2261  3328 W ErrorProcessor: 	at java.util.concurrent.Executors$RunnableAdapter.call(Executors.java:428)
05-17 09:27:17.591  2261  3328 W ErrorProcessor: 	at java.util.concurrent.FutureTask.run(FutureTask.java:237)
05-17 09:27:17.591  2261  3328 W ErrorProcessor: 	at com.google.android.apps.gsa.shared.util.concurrent.a.ak.run(SourceFile:66)
05-17 09:27:17.591  2261  3328 W ErrorProcessor: 	at java.util.concurrent.ThreadPoolExecutor.runWorker(ThreadPoolExecutor.java:1133)
05-17 09:27:17.591  2261  3328 W ErrorProcessor: 	at java.util.concurrent.ThreadPoolExecutor$Worker.run(ThreadPoolExecutor.java:607)
05-17 09:27:17.591  2261  3328 W ErrorProcessor: 	at java.lang.Thread.run(Thread.java:761)
05-17 09:27:17.591  2261  3328 W ErrorProcessor: 	at com.google.android.apps.gsa.shared.util.concurrent.a.ad$1.run(SourceFile:85)
05-17 09:27:17.591  2261  3328 W ErrorProcessor: Caused by: com.google.android.apps.gsa.shared.exception.GsaIOException: Error code: 393238 | Buffer overflow, no available space.
05-17 09:27:17.591  2261  3328 W ErrorProcessor: 	at com.google.android.apps.gsa.speech.audio.Tee.g(SourceFile:2531)
05-17 09:27:17.591  2261  3328 W ErrorProcessor: 	at com.google.android.apps.gsa.speech.audio.ap.read(SourceFile:555)
05-17 09:27:17.591  2261  3328 W ErrorProcessor: 	at java.io.InputStream.read(InputStream.java:101)
05-17 09:27:17.591  2261  3328 W ErrorProcessor: 	at com.google.android.apps.gsa.speech.audio.al.run(SourceFile:362)
05-17 09:27:17.591  2261  3328 W ErrorProcessor: 	at com.google.android.apps.gsa.speech.audio.ak$1.run(SourceFile:471)
05-17 09:27:17.591  2261  3328 W ErrorProcessor: 	at java.util.concurrent.Executors$RunnableAdapter.call(Executors.java:428)
05-17 09:27:17.591  2261  3328 W ErrorProcessor: 	at java.util.concurrent.FutureTask.run(FutureTask.java:237)
05-17 09:27:17.591  2261  3328 W ErrorProcessor: 	at com.google.android.apps.gsa.shared.util.concurrent.a.ak.run(SourceFile:66)
05-17 09:27:17.591  2261  3328 W ErrorProcessor: 	at com.google.android.apps.gsa.shared.util.concurrent.a.ax.run(SourceFile:139)
05-17 09:27:17.591  2261  3328 W ErrorProcessor: 	at com.google.android.apps.gsa.shared.util.concurrent.a.ax.run(SourceFile:139)
05-17 09:27:17.591  2261  3328 W ErrorProcessor: 	... 4 more
05-17 09:27:17.591  2261  3328 I AudioController: internalShutdown
05-17 09:27:17.591  2261  2693 I MicroRecognitionRunner: Stopping hotword detection.
05-17 09:27:17.592  2261  2261 I MicroDetector: Keeping mic open: false
05-17 09:27:17.592  2261  2261 I MicroDetectionWorker: #onError(false)
05-17 09:27:17.592  2261  3327 I DeviceStateChecker: DeviceStateChecker cancelled
05-17 09:27:17.594  2211  3307 W System  : ClassLoader referenced unknown path: 
05-17 09:27:17.594  2211  3307 W System  : ClassLoader referenced unknown path: /system/priv-app/PrebuiltGmsCore/lib/x86
05-17 09:27:17.596  2211  3307 D ApplicationLoaders: ignored Vulkan layer search path /system/priv-app/PrebuiltGmsCore/lib/x86:/system/fake-libs:/system/priv-app/PrebuiltGmsCore/PrebuiltGmsCore.apk!/lib/x86:/system/lib:/vendor/lib for namespace 0xa84700d0
05-17 09:27:17.600  2211  3307 D NetworkSecurityConfig: No Network Security Config specified, using platform default
05-17 09:27:17.601  2211  3307 D NetworkSecurityConfig: No Network Security Config specified, using platform default
05-17 09:27:17.619  2084  3334 I chatty  : uid=10013(com.google.android.gms) NearbyDiscovery expire 1 line
05-17 09:27:17.636  2464  3337 I chatty  : uid=10013(com.google.android.gms) expire 2 lines
05-17 09:27:17.656  2790  3123 I chatty  : uid=10021 com.android.vending:background expire 3 lines
05-17 09:27:17.657  3346  3346 W uncrypt : type=1400 audit(0.0:428): avc: denied { write } for name="kmsg" dev="tmpfs" ino=4158 scontext=u:r:uncrypt:s0 tcontext=u:object_r:kmsg_device:s0 tclass=chr_file permissive=0
05-17 09:27:17.657  3346  3346 W uncrypt : type=1400 audit(0.0:429): avc: denied { write } for name="/" dev="tmpfs" ino=3005 scontext=u:r:uncrypt:s0 tcontext=u:object_r:device:s0 tclass=dir permissive=0
05-17 09:27:17.667  3346  3346 E uncrypt : failed to read /fstab.ranchu
05-17 09:27:17.682  2790  3345 I chatty  : uid=10021 com.android.vending:background expire 5 lines
05-17 09:27:17.697  2464  3351 I chatty  : uid=10013(com.google.android.gms) expire 2 lines
05-17 09:27:17.701  2464  3301 I chatty  : uid=10013(com.google.android.gms) expire 1 line
05-17 09:27:17.707  2084  3359 I chatty  : uid=10013 com.google.android.gms.persistent expire 3 lines
05-17 09:27:17.720  2084  3360 I chatty  : uid=10013 com.google.android.gms.persistent expire 3 lines
05-17 09:27:17.741  2084  3350 I chatty  : uid=10013 com.google.android.gms.persistent expire 7 lines
05-17 09:27:17.764  2261  3154 W Search.SearchUrlHelper: Auth token not ready, no auth header set.
05-17 09:27:17.766  2261  3235 W Search.SearchUrlHelper: Auth token not ready, no auth header set.
05-17 09:27:17.806  2261  3154 I cr_CronetLibraryLoader: Cronet version: 54.0.2840.26, arch: i686
05-17 09:27:17.807  2261  3154 I UrlRequestFactory: Using network stack: Cronet/54.0.2840.26@f1fe7ac9
05-17 09:27:17.956  2084  2441 I chatty  : uid=10013(com.google.android.gms) GAC_Executor[0] expire 4 lines
05-17 09:27:17.963  2464  3047 I chatty  : uid=10013(com.google.android.gms) lowpool[5] expire 1 line
05-17 09:27:17.974  2084  3372 I chatty  : uid=10013 com.google.android.gms.persistent expire 64 lines
05-17 09:27:18.020  2084  2669 I chatty  : uid=10013 com.google.android.gms.persistent expire 41 lines
05-17 09:27:18.050  1697  3218 I ActivityManager: Start proc 3389:com.android.vending:quick_launch/u0a21 for service com.android.vending/com.google.android.finsky.ipcservers.quicklaunch.QuickLaunchGrpcServerAndroidService
05-17 09:27:18.051  3389  3389 I chatty  : uid=10021 com.android.vending:quick_launch expire 8 lines
05-17 09:27:18.053  2084  2519 I chatty  : uid=10013 com.google.android.gms.persistent expire 49 lines
05-17 09:27:18.125  2084  2641 I chatty  : uid=10013(com.google.android.gms) lowpool[2] expire 66 lines
05-17 09:27:18.210  2084  2643 I chatty  : uid=10013 com.google.android.gms.persistent expire 59 lines
05-17 09:27:18.225  3202  3202 D BabelGcmRegistration: requestGcmRegistrationId
05-17 09:27:18.229  3202  3202 I Babel_telephony: TeleModule.onApplicationCreate
05-17 09:27:18.246  3202  3422 I Babel_SMS: MmsConfig: mnc/mcc: 310/260
05-17 09:27:18.246  3202  3422 I Babel_SMS: MmsConfig.loadMmsSettings
05-17 09:27:18.247  3202  3422 I Babel_SMS: MmsConfig.loadDeviceMmsSettings from API: mUserAgent=GoldfishNexus, mUaProfUrl=http://gsm.lge.com/html/gsm/Nexus5-M3.xml
05-17 09:27:18.247  3202  3422 I Babel_SMS: MmsConfig.loadFromDatabase
05-17 09:27:18.255  3202  3202 I Babel_App: Startup - clean
05-17 09:27:18.256  3202  3422 E SQLiteLog: (1) no such table: mmsconfig
05-17 09:27:18.271  3202  3422 I Babel_SMS: MmsConfig: no mmsconfig table android.database.sqlite.SQLiteException: no such table: mmsconfig (code 1): , while compiling: SELECT key, value, type FROM mmsconfig WHERE numeric=?
05-17 09:27:18.271  3202  3422 I Babel_SMS: MmsConfig.loadFromResources
05-17 09:27:18.272  3202  3422 E Babel_SMS: canonicalizeMccMnc: invalid mccmnc nullnull
05-17 09:27:18.272  3202  3422 W Babel_SMS: MmsConfig: invalid key=userAgent or type=string
05-17 09:27:18.272  3202  3422 W Babel_SMS: MmsConfig: invalid key=uaProfUrl or type=string
05-17 09:27:18.272  3202  3422 I Babel_SMS: MmsConfig.loadMmsSettings: mUserAgent=GoldfishNexus, mUaProfUrl=http://gsm.lge.com/html/gsm/Nexus5-M3.xml
05-17 09:27:18.273  2084  3353 I chatty  : uid=10013 com.google.android.gms.persistent expire 1 line
05-17 09:27:18.286  3202  3202 W Babel   : On boot, found 0 ready accounts
05-17 09:27:18.293  3424  3424 W art     : Unexpected CPU variant for X86 using defaults: x86
05-17 09:27:18.299  1697  3157 I ActivityManager: Start proc 3424:com.google.android.youtube/u0a78 for broadcast com.google.android.youtube/com.google.android.libraries.youtube.upload.service.UploadService$BootReceiver
05-17 09:27:18.304  3202  3202 I Babel_ConcService: Binding ConcurrentService
05-17 09:27:18.307  1697  3214 I ActivityManager: Killing 1977:com.android.cellbroadcastreceiver/u0a4 (adj 906): empty #17
05-17 09:27:18.314  3424  3424 W System  : ClassLoader referenced unknown path: /system/app/YouTube/lib/x86
05-17 09:27:18.333  2211  3307 D DownloadManager: [7] Finished with status SUCCESS
05-17 09:27:18.351  1697  1916 D ActivityManager: cleanUpApplicationRecord -- 1977
05-17 09:27:18.368  3389  3452 I chatty  : uid=10021 com.android.vending:quick_launch expire 1 line
05-17 09:27:18.436  2678  3459 I chatty  : uid=10021(com.android.vending) expire 5 lines
05-17 09:27:18.444  3202  3461 I Babel_ConcService: Acquired partial wake lock to keep ConcurrentService alive
05-17 09:27:18.445  3202  3455 I Babel_ConcService: Released partial wake lock as ConcurrentService became idle
05-17 09:27:18.445  3202  3454 I Babel_ConcService: Acquired partial wake lock to keep ConcurrentService alive
05-17 09:27:18.445  3202  3454 I Babel_ConcService: Released partial wake lock as ConcurrentService became idle
05-17 09:27:18.445  3202  3462 I Babel_ConcService: Acquired partial wake lock to keep ConcurrentService alive
05-17 09:27:18.446  3202  3462 I Babel_ConcService: Released partial wake lock as ConcurrentService became idle
05-17 09:27:18.462  2678  3460 I chatty  : uid=10021(com.android.vending) expire 1 line
05-17 09:27:18.479  3202  3456 W System  : ClassLoader referenced unknown path: /system/priv-app/PrebuiltGmsCore/lib/x86
05-17 09:27:18.479  3202  3456 D ApplicationLoaders: ignored Vulkan layer search path /system/priv-app/PrebuiltGmsCore/lib/x86:/system/fake-libs:/system/priv-app/PrebuiltGmsCore/PrebuiltGmsCore.apk!/lib/x86:/system/lib:/vendor/lib for namespace 0xa8470090
05-17 09:27:18.486  3202  3456 W linker  : /system/priv-app/PrebuiltGmsCore/PrebuiltGmsCore.apk!/lib/x86/libgmscore.so: unused DT entry: type 0x7ffffffd arg 0x754
05-17 09:27:18.489  3202  3456 W linker  : /system/priv-app/PrebuiltGmsCore/PrebuiltGmsCore.apk!/lib/x86/libconscrypt_gmscore_jni.so: unused DT entry: type 0x7ffffffd arg 0x174
05-17 09:27:18.489  3202  3456 V JNIHelp : Registering com/google/android/gms/org/conscrypt/NativeCrypto's 242 native methods...
05-17 09:27:18.495  3202  3456 D NetworkSecurityConfig: No Network Security Config specified, using platform default
05-17 09:27:18.496  3202  3456 I ProviderInstaller: Installed default security provider GmsCore_OpenSSL
05-17 09:27:18.519  3424  3471 W System  : ClassLoader referenced unknown path: /system/priv-app/PrebuiltGmsCore/lib/x86
05-17 09:27:18.519  3424  3471 D ApplicationLoaders: ignored Vulkan layer search path /system/priv-app/PrebuiltGmsCore/lib/x86:/system/fake-libs:/system/priv-app/PrebuiltGmsCore/PrebuiltGmsCore.apk!/lib/x86:/system/lib:/vendor/lib for namespace 0xa8470090
05-17 09:27:18.528  3424  3471 W linker  : /system/priv-app/PrebuiltGmsCore/PrebuiltGmsCore.apk!/lib/x86/libgmscore.so: unused DT entry: type 0x7ffffffd arg 0x754
05-17 09:27:18.531  3424  3471 W linker  : /system/priv-app/PrebuiltGmsCore/PrebuiltGmsCore.apk!/lib/x86/libconscrypt_gmscore_jni.so: unused DT entry: type 0x7ffffffd arg 0x174
05-17 09:27:18.531  3424  3471 V JNIHelp : Registering com/google/android/gms/org/conscrypt/NativeCrypto's 242 native methods...
05-17 09:27:18.531  2678  3044 I chatty  : uid=10021(com.android.vending) expire 1 line
05-17 09:27:18.538  3424  3471 D NetworkSecurityConfig: No Network Security Config specified, using platform default
05-17 09:27:18.538  3424  3471 I ProviderInstaller: Installed default security provider GmsCore_OpenSSL
05-17 09:27:18.562  3202  3456 I Babel   : connection state changed from UNKNOWN to CONNECTED
05-17 09:27:18.575  1884  1897 D TelephonyProvider: subIdString = 1 subId = 1
05-17 09:27:18.636  2464  3060 I chatty  : uid=10013(com.google.android.gms) highpool[3] expire 1 line
05-17 09:27:18.706  2678  2718 I chatty  : uid=10021(com.android.vending) expire 1 line
05-17 09:27:18.713  3424  3474 W System  : ClassLoader referenced unknown path: 
05-17 09:27:18.713  3424  3474 W System  : ClassLoader referenced unknown path: /system/priv-app/PrebuiltGmsCore/lib/x86
05-17 09:27:18.713  3424  3474 D ApplicationLoaders: ignored Vulkan layer search path /system/priv-app/PrebuiltGmsCore/lib/x86:/system/fake-libs:/system/priv-app/PrebuiltGmsCore/PrebuiltGmsCore.apk!/lib/x86:/system/lib:/vendor/lib for namespace 0xa84700d0
05-17 09:27:18.719  3424  3424 E YT      : flushBinderConnectionCallbacks is unverified on SDK 25
05-17 09:27:18.727  3424  3474 D DynamitePackage: Instantiated singleton DynamitePackage.
05-17 09:27:18.727  3424  3474 D DynamitePackage: Instantiating com.google.android.gms.ads.adshield.ChimeraAdShieldCreatorImpl
05-17 09:27:18.744  2678  3483 I chatty  : uid=10021(com.android.vending) expire 1 line
05-17 09:27:18.764  2678  2716 I chatty  : uid=10021(com.android.vending) expire 4 lines
05-17 09:27:18.812  3202  3418 I BabelGcmRegistration: Start registration for accounts on the device with registration string APA91bH-BBvTu1baohJ5s6BxtR-bb439pleKoIdS8nX-JahWdnumGEt-e2MdUrgE-0IKkSlcT0Brt2RIYccbchnE-tzzC7LyHfspRr0uRcKqYr8_y9ZjnABoqov-RkmANI8otiQU2cn0
05-17 09:27:18.866  3424  3474 W art     : Before Android 4.1, method double java.util.concurrent.ThreadLocalRandom.internalNextDouble(double, double) would have incorrectly overridden the package-private method in java.util.Random
05-17 09:27:18.866  3424  3474 W art     : Before Android 4.1, method int java.util.concurrent.ThreadLocalRandom.internalNextInt(int, int) would have incorrectly overridden the package-private method in java.util.Random
05-17 09:27:18.866  3424  3474 W art     : Before Android 4.1, method long java.util.concurrent.ThreadLocalRandom.internalNextLong(long, long) would have incorrectly overridden the package-private method in java.util.Random
05-17 09:27:18.901  2678  2739 I chatty  : uid=10021(com.android.vending) expire 2 lines
05-17 09:27:18.995  2084  2644 I chatty  : uid=10013(com.google.android.gms) Binder:2084_4 expire 2 lines
05-17 09:27:19.013  1884  2112 D TelephonyProvider: subIdString = 1 subId = 1
05-17 09:27:19.064  2464  2969 I chatty  : uid=10013(com.google.android.gms) OkHttpClientTra expire 37 lines
05-17 09:27:19.071  2678  2717 I chatty  : uid=10021(com.android.vending) expire 1 line
05-17 09:27:19.196  3424  3515 I qtaguid : Untagging socket -1 failed errno=-9
05-17 09:27:19.196  3424  3515 W NetworkManagementSocketTagger: untagSocket(-1) failed with errno -9
05-17 09:27:19.209  1398  2113 V EmulatedCamera_Camera: getCameraInfo
05-17 09:27:19.209  1398  2113 V EmulatedCamera_BaseCamera: getCameraInfo
05-17 09:27:19.209  1398  1724 V EmulatedCamera_Camera: getCameraInfo
05-17 09:27:19.209  1398  1724 V EmulatedCamera_BaseCamera: getCameraInfo
05-17 09:27:19.215  1697  3156 D CryptdConnector: SND -> {5 cryptfs getpwtype}
05-17 09:27:19.215  1303  1338 D VoldCryptCmdListener: cryptfs getpwtype
05-17 09:27:19.216  1697  1735 D CryptdConnector: RCV <- {213 5 default}
05-17 09:27:19.251  3424  3424 W InstanceID/Rpc: Found 10013
05-17 09:27:19.267  3424  3424 V MediaRouter: Adding route: RouteInfo{ name=Phone, description=null, status=null, category=RouteCategory{ name=null types=ROUTE_TYPE_LIVE_AUDIO ROUTE_TYPE_LIVE_VIDEO  groupable=false }, supportedTypes=ROUTE_TYPE_LIVE_AUDIO ROUTE_TYPE_LIVE_VIDEO , presentationDisplay=null }
05-17 09:27:19.268  3424  3424 V MediaRouter: Updating audio routes: AudioRoutesInfo{ type=SPEAKER }
05-17 09:27:19.269  3424  3424 V MediaRouter: Selecting route: RouteInfo{ name=Phone, description=null, status=null, category=RouteCategory{ name=null types=ROUTE_TYPE_LIVE_AUDIO ROUTE_TYPE_LIVE_VIDEO  groupable=false }, supportedTypes=ROUTE_TYPE_LIVE_AUDIO ROUTE_TYPE_LIVE_VIDEO , presentationDisplay=null }
05-17 09:27:19.293  1697  2013 W ActivityManager: Unable to start service Intent { cmp=com.google.android.youtube/com.google.android.libraries.youtube.upload.service.UploadService$BootReceiver } U=0: not found
05-17 09:27:19.294  1697  1916 I ActivityManager: Killing 1902:com.android.settings/1000 (adj 906): empty #17
05-17 09:27:19.302  3553  3553 W art     : Unexpected CPU variant for X86 using defaults: x86
05-17 09:27:19.311  1697  1913 I ActivityManager: Start proc 3553:com.android.cellbroadcastreceiver/u0a4 for broadcast com.android.cellbroadcastreceiver/.CellBroadcastReceiver
05-17 09:27:19.321  3553  3553 W System  : ClassLoader referenced unknown path: /system/priv-app/CellBroadcastReceiver/lib/x86
05-17 09:27:19.333  3424  3424 V MediaRouter: Selecting route: RouteInfo{ name=Phone, description=null, status=null, category=RouteCategory{ name=null types=ROUTE_TYPE_LIVE_AUDIO ROUTE_TYPE_LIVE_VIDEO  groupable=false }, supportedTypes=ROUTE_TYPE_LIVE_AUDIO ROUTE_TYPE_LIVE_VIDEO , presentationDisplay=null }
05-17 09:27:19.337  1697  1916 W ActivityManager: Permission Denial: Accessing service ComponentInfo{com.google.android.music/com.google.android.music.dial.DialMediaRouteProviderService} from pid=3424, uid=10078 that is not exported from uid 10060
05-17 09:27:19.341  1697  3218 D GraphicsStats: Buffer count: 3
05-17 09:27:19.341  1697  1707 D ActivityManager: cleanUpApplicationRecord -- 1902
05-17 09:27:19.342  1697  3218 I ActivityManager: Killing 2758:com.android.dialer/u0a9 (adj 906): empty #17
05-17 09:27:19.347  3580  3580 W art     : Unexpected CPU variant for X86 using defaults: x86
05-17 09:27:19.354  1697  3218 I ActivityManager: Start proc 3580:com.android.settings/1000 for broadcast com.android.settings/.sim.SimSelectNotification
05-17 09:27:19.372  3580  3580 W System  : ClassLoader referenced unknown path: /system/priv-app/Settings/lib/x86
05-17 09:27:19.377  1697  3156 I ActivityManager: Killing 2009:com.android.deskclock/u0a42 (adj 906): empty #17
05-17 09:27:19.400  1697  3214 D ActivityManager: cleanUpApplicationRecord -- 2758
05-17 09:27:19.421  1697  1708 D ActivityManager: cleanUpApplicationRecord -- 2009
05-17 09:27:19.462  1884  1884 D VvmSimChangeReceiver: Carrier config changed
05-17 09:27:19.465  1884  1884 I VvmSimChangeReceiver: Sim state or carrier config changed for 1
05-17 09:27:19.466  1884  1884 D VvmTaskScheduler: create task:com.android.phone.vvm.omtp.ActivationTask
05-17 09:27:19.470  2464  3597 I chatty  : uid=10013(com.google.android.gms) expire 2 lines
05-17 09:27:19.492  2464  3600 I chatty  : uid=10013(com.google.android.gms) iu-sync-manager expire 4 lines
05-17 09:27:19.511  3424  3545 I qtaguid : Untagging socket -1 failed errno=-9
05-17 09:27:19.512  3424  3545 W NetworkManagementSocketTagger: untagSocket(-1) failed with errno -9
05-17 09:27:19.537  3601  3601 W art     : Unexpected CPU variant for X86 using defaults: x86
05-17 09:27:19.543  1697  1913 I ActivityManager: Start proc 3601:com.google.android.music:main/u0a60 for broadcast com.google.android.music/.store.MediaStoreImportService$Receiver
05-17 09:27:19.546  1697  2015 I ActivityManager: Killing 2408:com.google.android.gms.feedback/u0a13 (adj 906): empty #17
05-17 09:27:19.546  1697  2015 I ActivityManager: Killing 2805:com.android.managedprovisioning/u0a19 (adj 906): empty #18
05-17 09:27:19.557  3601  3601 W System  : ClassLoader referenced unknown path: /system/app/Music2/lib/x86
05-17 09:27:19.583  3601  3601 I MultiDex: VM with version 2.1.0 has multidex support
05-17 09:27:19.583  3601  3601 I MultiDex: install
05-17 09:27:19.583  3601  3601 I MultiDex: VM has multidex support, MultiDex support library is disabled.
05-17 09:27:19.593  3601  3601 I BaseStore: ConfigStore database version: 1
05-17 09:27:19.601  1697  3217 D ActivityManager: cleanUpApplicationRecord -- 2408
05-17 09:27:19.602  1697  3217 W ActivityManager: Scheduling restart of crashed service com.google.android.gms/.feedback.FeedbackService in 1000ms
05-17 09:27:19.602  1697  1708 D ActivityManager: cleanUpApplicationRecord -- 2805
05-17 09:27:19.746  3601  3601 I GoogleURLConnFactory: Using platform SSLCertificateSocketFactory
05-17 09:27:19.746  3601  3601 I GoogleHttpClient: Using GMS GoogleHttpClient
05-17 09:27:19.747  3601  3601 D NetworkSecurityConfig: No Network Security Config specified, using platform default
05-17 09:27:19.748  3601  3601 I GHttpClientFactory: Using our fixed implementation of GMSCore's GoogleHttpClient
05-17 09:27:19.748  3601  3601 I GoogleURLConnFactory: Using platform SSLCertificateSocketFactory
05-17 09:27:19.754  3601  3601 I BaseStore: Store database version: 139
05-17 09:27:19.771  3601  3601 I NetworkPolicyMonitor: Download-ability status changed to (true) unmetered wifi/eth: true mobileOrMetered: false
05-17 09:27:19.773  3601  3601 I NetworkPolicyMonitor: Stream-ability status changed to (true) unmetered wifi/eth: true mobileOrMetered: false
05-17 09:27:19.826  3601  3601 D MusicLifecycle: com.google.android.music.MusicApplication generated event: Application created
05-17 09:27:19.835  3601  3601 W System  : ClassLoader referenced unknown path: /system/priv-app/PrebuiltGmsCore/lib/x86
05-17 09:27:19.836  3601  3601 D ApplicationLoaders: ignored Vulkan layer search path /system/priv-app/PrebuiltGmsCore/lib/x86:/system/fake-libs:/system/priv-app/PrebuiltGmsCore/PrebuiltGmsCore.apk!/lib/x86:/system/lib:/vendor/lib for namespace 0xa8470090
05-17 09:27:19.844  3601  3601 W linker  : /system/priv-app/PrebuiltGmsCore/PrebuiltGmsCore.apk!/lib/x86/libgmscore.so: unused DT entry: type 0x7ffffffd arg 0x754
05-17 09:27:19.846  3601  3601 W linker  : /system/priv-app/PrebuiltGmsCore/PrebuiltGmsCore.apk!/lib/x86/libconscrypt_gmscore_jni.so: unused DT entry: type 0x7ffffffd arg 0x174
05-17 09:27:19.847  3601  3601 V JNIHelp : Registering com/google/android/gms/org/conscrypt/NativeCrypto's 242 native methods...
05-17 09:27:19.851  3601  3601 I ProviderInstaller: Installed default security provider GmsCore_OpenSSL
05-17 09:27:19.851  3601  3601 D AndroidMusic: GMSCore installation verified
05-17 09:27:19.864  3601  3601 V MediaRouter: Adding route: RouteInfo{ name=Phone, description=null, status=null, category=RouteCategory{ name=null types=ROUTE_TYPE_LIVE_AUDIO ROUTE_TYPE_LIVE_VIDEO  groupable=false }, supportedTypes=ROUTE_TYPE_LIVE_AUDIO ROUTE_TYPE_LIVE_VIDEO , presentationDisplay=null }
05-17 09:27:19.865  3601  3601 V MediaRouter: Updating audio routes: AudioRoutesInfo{ type=SPEAKER }
05-17 09:27:19.866  3601  3601 V MediaRouter: Selecting route: RouteInfo{ name=Phone, description=null, status=null, category=RouteCategory{ name=null types=ROUTE_TYPE_LIVE_AUDIO ROUTE_TYPE_LIVE_VIDEO  groupable=false }, supportedTypes=ROUTE_TYPE_LIVE_AUDIO ROUTE_TYPE_LIVE_VIDEO , presentationDisplay=null }
05-17 09:27:19.868  3601  3601 I MediaRouter: Found default route: MediaRouter.RouteInfo{ uniqueId=android/.support.v7.media.SystemMediaRouteProvider:DEFAULT_ROUTE, name=Phone, description=null, iconUri=null, enabled=true, connecting=false, connectionState=0, canDisconnect=false, playbackType=0, playbackStream=3, deviceType=0, volumeHandling=1, volume=11, volumeMax=15, presentationDisplayId=-1, extras=null, settingsIntent=null, providerPackageName=android }
05-17 09:27:19.888  3601  3601 D MusicLifecycle: com.google.android.music.store.MediaStoreImportService$Receiver generated event: Broadcast received with context android.app.ReceiverRestrictedContext@53f9cf3 and intent Intent { act=android.intent.action.MEDIA_SCANNER_STARTED dat=file:///storage/emulated/0 flg=0x10 cmp=com.google.android.music/.store.MediaStoreImportService$Receiver }
05-17 09:27:19.889  3601  3601 D MusicLifecycle: com.google.android.music.net.NetworkConnectivityMonitor$NetworkChangedReceiver generated event: Broadcast received with context com.google.android.music.MusicApplication@39c678d and intent Intent { act=android.net.conn.CONNECTIVITY_CHANGE flg=0x4000010 (has extras) }
05-17 09:27:19.890  3601  3601 I NetworkConnectivity: Network state changed: [type: WIFI[], state: CONNECTED/CONNECTED, reason: (unspecified), extra: "AndroidWifi", failover: false, available: true, roaming: false, metered: false]
05-17 09:27:19.897  3601  3601 D MusicLifecycle: com.google.android.music.preferences.MusicPreferenceService$MusicPreferenceServiceBinder generated event: Service created
05-17 09:27:19.898  3601  3601 D MusicLifecycle: com.google.android.music.download.cache.StorageMigrationService generated event: Service created
05-17 09:27:19.899  3601  3601 D MusicLifecycle: com.google.android.music.download.artwork.ArtDownloadService generated event: Service created
05-17 09:27:19.900  3601  3601 V MediaRouter: Selecting route: RouteInfo{ name=Phone, description=null, status=null, category=RouteCategory{ name=null types=ROUTE_TYPE_LIVE_AUDIO ROUTE_TYPE_LIVE_VIDEO  groupable=false }, supportedTypes=ROUTE_TYPE_LIVE_AUDIO ROUTE_TYPE_LIVE_VIDEO , presentationDisplay=null }
05-17 09:27:19.901  3601  3601 D MusicLifecycle: com.google.android.music.store.MediaStoreImportService generated event: Service created
05-17 09:27:19.902  3601  3601 D MusicLifecycle: com.google.android.music.store.MediaStoreImportService$Receiver generated event: Broadcast received with context android.app.ReceiverRestrictedContext@53f9cf3 and intent Intent { act=android.intent.action.MEDIA_SCANNER_FINISHED dat=file:///storage/emulated/0 flg=0x10 cmp=com.google.android.music/.store.MediaStoreImportService$Receiver }
05-17 09:27:19.910  3601  3601 D MusicLifecycle: com.google.android.music.download.cache.StorageMigrationService generated event: Service destroyed
05-17 09:27:19.921  3601  3601 D MusicLifecycle: com.google.android.music.store.MediaStoreImportService$Receiver generated event: Broadcast received with context android.app.ReceiverRestrictedContext@53f9cf3 and intent Intent { act=android.intent.action.MEDIA_SCANNER_STARTED dat=file:///storage/emulated/0 flg=0x10 cmp=com.google.android.music/.store.MediaStoreImportService$Receiver }
05-17 09:27:19.924  3601  3601 D MusicLifecycle: com.google.android.music.store.MediaStoreImportService$Receiver generated event: Broadcast received with context android.app.ReceiverRestrictedContext@53f9cf3 and intent Intent { act=android.intent.action.MEDIA_SCANNER_FINISHED dat=file:///storage/emulated/0 flg=0x10 cmp=com.google.android.music/.store.MediaStoreImportService$Receiver }
05-17 09:27:19.964  1884  1884 D VvmSimChangeReceiver: Carrier config changed
05-17 09:27:19.966  1884  1884 I VvmSimChangeReceiver: Sim state or carrier config changed for 1
05-17 09:27:19.966  1884  1884 D VvmTaskScheduler: create task:com.android.phone.vvm.omtp.ActivationTask
05-17 09:27:19.973  3202  3455 I Babel_ConcService: Acquired partial wake lock to keep ConcurrentService alive
05-17 09:27:19.973  3202  3455 I Babel_ConcService: Released partial wake lock as ConcurrentService became idle
05-17 09:27:19.981  3601  3601 D MusicLifecycle: com.google.android.music.store.MediaStoreImportService$Receiver generated event: Broadcast received with context android.app.ReceiverRestrictedContext@53f9cf3 and intent Intent { act=android.intent.action.MEDIA_SCANNER_STARTED dat=file:///system/media flg=0x10 cmp=com.google.android.music/.store.MediaStoreImportService$Receiver }
05-17 09:27:20.017  3601  3635 I MediaStoreImporter: Update: incremental Added music: 0 Updated music: 0 Deleted music: 0 Created playlists: 0 Updated playlists: 0 Deleted playlists: 0 Inserted playlist items: 0 Deleted playlist items: 0 Removed orphaned playlist items: 0
05-17 09:27:20.071  3601  3635 I MediaStoreImporter: Update: incremental Added music: 0 Updated music: 0 Deleted music: 0 Created playlists: 0 Updated playlists: 0 Deleted playlists: 0 Inserted playlist items: 0 Deleted playlist items: 0 Removed orphaned playlist items: 0
05-17 09:27:20.072  3601  3601 D MusicLifecycle: com.google.android.music.store.MediaStoreImportService generated event: Service destroyed
05-17 09:27:20.101  3601  3601 D MusicLifecycle: com.google.android.music.store.MediaStoreImportService$Receiver generated event: Broadcast received with context android.app.ReceiverRestrictedContext@53f9cf3 and intent Intent { act=android.intent.action.MEDIA_SCANNER_FINISHED dat=file:///system/media flg=0x10 cmp=com.google.android.music/.store.MediaStoreImportService$Receiver }
05-17 09:27:20.101  3601  3601 D MusicLifecycle: com.google.android.music.store.MediaStoreImportService$Receiver generated event: Broadcast received with context android.app.ReceiverRestrictedContext@53f9cf3 and intent Intent { act=android.intent.action.MEDIA_SCANNER_STARTED dat=file:///storage/emulated/0 flg=0x10 cmp=com.google.android.music/.store.MediaStoreImportService$Receiver }
05-17 09:27:20.103  3601  3601 D MusicLifecycle: com.google.android.music.store.MediaStoreImportService generated event: Service created
05-17 09:27:20.103  3601  3601 D MusicLifecycle: com.google.android.music.store.MediaStoreImportService$Receiver generated event: Broadcast received with context android.app.ReceiverRestrictedContext@53f9cf3 and intent Intent { act=android.intent.action.MEDIA_SCANNER_FINISHED dat=file:///storage/emulated/0 flg=0x10 cmp=com.google.android.music/.store.MediaStoreImportService$Receiver }
05-17 09:27:20.104  3601  3601 D MusicLifecycle: com.google.android.music.store.MediaStoreImportService generated event: Service destroyed
05-17 09:27:20.124  3601  3601 D MusicLifecycle: com.google.android.music.store.MediaStoreImportService generated event: Service created
05-17 09:27:20.128  1697  3214 I ActivityManager: Killing 2170:com.android.printspooler/u0a69 (adj 906): empty #17
05-17 09:27:20.165  2084  2084 I chatty  : uid=10013 com.google.android.gms.persistent expire 409 lines
05-17 09:27:20.180  1697  2068 D ActivityManager: cleanUpApplicationRecord -- 2170
05-17 09:27:20.186  3601  3660 I MediaStoreImporter: Update: incremental Added music: 0 Updated music: 0 Deleted music: 0 Created playlists: 0 Updated playlists: 0 Deleted playlists: 0 Inserted playlist items: 0 Deleted playlist items: 0 Removed orphaned playlist items: 0
05-17 09:27:20.187  3601  3601 D MusicLifecycle: com.google.android.music.store.MediaStoreImportService generated event: Service destroyed
05-17 09:27:20.187  1697  2013 I ActivityManager: Killing 2982:com.google.android.apps.photos:CameraShortcut/u0a66 (adj 906): empty #17
05-17 09:27:20.193  3080  3080 E ConfigUpdater: Received malformed URL while handling Gservices.CHANGED_ACTION intent_firewall: null null
05-17 09:27:20.194  3080  3080 E ConfigUpdater: Received malformed URL while handling Gservices.CHANGED_ACTION apn_db: null null
05-17 09:27:20.195  3080  3080 E ConfigUpdater: Received malformed URL while handling Gservices.CHANGED_ACTION tzdata: null null
05-17 09:27:20.196  3080  3080 E ConfigUpdater: Received malformed URL while handling Gservices.CHANGED_ACTION selinux: null null
05-17 09:27:20.196  3080  3080 E ConfigUpdater: Received malformed URL while handling Gservices.CHANGED_ACTION carrier_provisioning_urls: null null
05-17 09:27:20.199  2084  3385 I chatty  : uid=10013 com.google.android.gms.persistent expire 6 lines
05-17 09:27:20.221  1697  1916 D ActivityManager: cleanUpApplicationRecord -- 2982
05-17 09:27:20.224  2464  3240 I chatty  : uid=10013(com.google.android.gms) expire 3 lines
05-17 09:27:20.231  1398  1724 V EmulatedCamera_Camera: getCameraInfo
05-17 09:27:20.231  1398  1724 V EmulatedCamera_BaseCamera: getCameraInfo
05-17 09:27:20.231  2464  3300 I chatty  : uid=10013(com.google.android.gms) expire 3 lines
05-17 09:27:20.244  1697  2013 W ActivityManager: Unable to start service Intent { cmp=com.google.android.gms/.analytics.service.RefreshEnabledStateService } U=0: not found
05-17 09:27:20.247  2084  3663 I chatty  : uid=10013 com.google.android.gms.persistent expire 13 lines
05-17 09:27:20.275  2261  3154 I GservicesUpdateTask: Updating Gservices keys
05-17 09:27:20.281  2464  3675 I chatty  : uid=10013(com.google.android.gms) expire 2 lines
05-17 09:27:20.408  2084  3688 I chatty  : uid=10013 com.google.android.gms.persistent expire 2 lines
05-17 09:27:20.423  3601  3601 D MusicLifecycle: com.google.android.music.autocache.AutoCacheSchedulingService$EnablingReceiver generated event: Broadcast received with context android.app.ReceiverRestrictedContext@53f9cf3 and intent Intent { act=com.google.android.music.START_DOWNLOAD_SCHEDULING flg=0x10 cmp=com.google.android.music/.autocache.AutoCacheSchedulingService$EnablingReceiver }
05-17 09:27:20.427  3601  3601 D MusicLifecycle: com.google.android.music.autocache.AutoCacheSchedulingService generated event: Service created
05-17 09:27:20.433  3601  3601 D MusicLifecycle: com.google.android.music.autocache.AutoCacheSchedulingService generated event: Service started with intent Intent { act=com.google.android.music.leanback.APP_IN_USE cmp=com.google.android.music/.autocache.AutoCacheSchedulingService (has extras) }
05-17 09:27:20.435  3601  3601 D MusicLifecycle: com.google.android.music.wear.WearBroadcastReceiver generated event: Broadcast received with context android.app.ReceiverRestrictedContext@53f9cf3 and intent Intent { act=com.google.android.music.START_DOWNLOAD_SCHEDULING flg=0x10 cmp=com.google.android.music/.wear.WearBroadcastReceiver }
05-17 09:27:20.482  3601  3693 E GmsUtils: Failed to connect to Google API client: ConnectionResult{statusCode=API_UNAVAILABLE, resolution=null, message=null}
05-17 09:27:20.503  3601  3689 I MusicLeanback: Conditions not met for autocaching. okToAttempt=false
05-17 09:27:20.503  3601  3689 I MusicLeanback: Stop autocaching.
05-17 09:27:20.505  3601  3601 D MusicLifecycle: com.google.android.music.autocache.AutoCacheSchedulingService generated event: Service destroyed
05-17 09:27:20.532  3698  3698 W art     : Unexpected CPU variant for X86 using defaults: x86
05-17 09:27:20.538  1697  1916 I ActivityManager: Start proc 3698:com.google.android.talk:matchstick/u0a56 for broadcast com.google.android.talk/com.google.android.libraries.matchstick.net.MatchstickInProcessReceiver
05-17 09:27:20.544  3698  3698 W System  : ClassLoader referenced unknown path: /system/app/Hangouts/lib/x86
05-17 09:27:20.573  2464  2977 I chatty  : uid=10013(com.google.android.gms) highpool[2] expire 1 line
05-17 09:27:20.606  3715  3715 I chatty  : uid=10013 com.google.android.gms.feedback expire 8 lines
05-17 09:27:20.612  1697  1710 I ActivityManager: Start proc 3715:com.google.android.gms.feedback/u0a13 for service com.google.android.gms/.feedback.FeedbackService
05-17 09:27:20.642  3698  3712 I MS_RegisterService: RegisterService intent:Intent { act=register_intent_action flg=0x10 cmp=com.google.android.talk/com.google.android.libraries.matchstick.net.SilentRegisterService } isPeriodic:false
05-17 09:27:20.646  3698  3712 W System  : ClassLoader referenced unknown path: /system/priv-app/PrebuiltGmsCore/lib/x86
05-17 09:27:20.646  3698  3712 D ApplicationLoaders: ignored Vulkan layer search path /system/priv-app/PrebuiltGmsCore/lib/x86:/system/fake-libs:/system/priv-app/PrebuiltGmsCore/PrebuiltGmsCore.apk!/lib/x86:/system/lib:/vendor/lib for namespace 0xa8470090
05-17 09:27:20.651  3698  3712 W linker  : /system/priv-app/PrebuiltGmsCore/PrebuiltGmsCore.apk!/lib/x86/libgmscore.so: unused DT entry: type 0x7ffffffd arg 0x754
05-17 09:27:20.653  3698  3712 W linker  : /system/priv-app/PrebuiltGmsCore/PrebuiltGmsCore.apk!/lib/x86/libconscrypt_gmscore_jni.so: unused DT entry: type 0x7ffffffd arg 0x174
05-17 09:27:20.653  3698  3712 V JNIHelp : Registering com/google/android/gms/org/conscrypt/NativeCrypto's 242 native methods...
05-17 09:27:20.656  3698  3712 D NetworkSecurityConfig: No Network Security Config specified, using platform default
05-17 09:27:20.657  3698  3712 I ProviderInstaller: Installed default security provider GmsCore_OpenSSL
05-17 09:27:20.657  3698  3712 I MS_RegisterService: Not registered and not enabled. Doing nothing.
05-17 09:27:20.674  1697  2068 I ActivityManager: Killing 3000:com.google.android.apps.wallpaper/u0a73 (adj 904): empty #17
05-17 09:27:20.695  2876  3735 I Bugle   : ApnsOta: OTA version -1
05-17 09:27:20.730  2211  2822 V DownloadManager: Deleting /data/data/com.android.providers.downloads/cache/ocr_x86.zip via provider delete
05-17 09:27:20.730  1697  3214 D ActivityManager: cleanUpApplicationRecord -- 3000
05-17 09:27:20.742  1697  3214 I ActivityManager: Killing 3160:com.google.android.onetimeinitializer/u0a16 (adj 904): empty #17
05-17 09:27:20.749  3601  3601 D MusicLifecycle: com.google.android.music.wear.WearBroadcastReceiver generated event: Broadcast received with context android.app.ReceiverRestrictedContext@53f9cf3 and intent Intent { act=com.google.android.music.IMPORT_COMPLETE flg=0x10 cmp=com.google.android.music/.wear.WearBroadcastReceiver }
05-17 09:27:20.752  3601  3601 D MusicLifecycle: com.google.android.music.wear.WearBroadcastReceiver generated event: Broadcast received with context android.app.ReceiverRestrictedContext@53f9cf3 and intent Intent { act=com.google.android.music.IMPORT_COMPLETE flg=0x10 cmp=com.google.android.music/.wear.WearBroadcastReceiver }
05-17 09:27:20.753  3601  3601 D MusicLifecycle: com.google.android.music.wear.WearBroadcastReceiver generated event: Broadcast received with context android.app.ReceiverRestrictedContext@53f9cf3 and intent Intent { act=com.google.android.music.IMPORT_COMPLETE flg=0x10 cmp=com.google.android.music/.wear.WearBroadcastReceiver }
05-17 09:27:20.754  3601  3743 E GmsUtils: Failed to connect to Google API client: ConnectionResult{statusCode=API_UNAVAILABLE, resolution=null, message=null}
05-17 09:27:20.755  3601  3745 E GmsUtils: Failed to connect to Google API client: ConnectionResult{statusCode=API_UNAVAILABLE, resolution=null, message=null}
05-17 09:27:20.755  3601  3744 E GmsUtils: Failed to connect to Google API client: ConnectionResult{statusCode=API_UNAVAILABLE, resolution=null, message=null}
05-17 09:27:20.764  1697  1707 I ActivityManager: Killing 2487:com.google.process.gapps/u0a51 (adj 904): empty #17
05-17 09:27:20.767  1697  2015 D ActivityManager: cleanUpApplicationRecord -- 2487
05-17 09:27:20.771  3080  3080 E ConfigUpdater: Received malformed URL while handling Gservices.CHANGED_ACTION intent_firewall: null null
05-17 09:27:20.773  3080  3080 E ConfigUpdater: Received malformed URL while handling Gservices.CHANGED_ACTION apn_db: null null
05-17 09:27:20.774  3080  3080 E ConfigUpdater: Received malformed URL while handling Gservices.CHANGED_ACTION tzdata: null null
05-17 09:27:20.776  3080  3080 E ConfigUpdater: Received malformed URL while handling Gservices.CHANGED_ACTION selinux: null null
05-17 09:27:20.776  3080  3080 E ConfigUpdater: Received malformed URL while handling Gservices.CHANGED_ACTION carrier_provisioning_urls: null null
05-17 09:27:20.800  1697  3218 D ActivityManager: cleanUpApplicationRecord -- 3160
05-17 09:27:20.843  1398  1724 V EmulatedCamera_Camera: getCameraInfo
05-17 09:27:20.843  1398  1724 V EmulatedCamera_BaseCamera: getCameraInfo
05-17 09:27:20.885  2464  2570 I chatty  : uid=10013(com.google.android.gms) expire 8 lines
05-17 09:27:20.885  2084  3687 I chatty  : uid=10013 com.google.android.gms.persistent expire 38 lines
05-17 09:27:20.914  1697  2013 W ActivityManager: Unable to start service Intent { cmp=com.google.android.gms/.analytics.service.RefreshEnabledStateService } U=0: not found
05-17 09:27:20.925  2084  3737 I chatty  : uid=10013 com.google.android.gms.persistent expire 17 lines
05-17 09:27:20.951  2261  3235 I GservicesUpdateTask: Updating Gservices keys
05-17 09:27:20.980  2464  3752 I chatty  : uid=10013(com.google.android.gms) expire 2 lines
05-17 09:27:21.661  3021  3056 I GAV2    : Thread[GAThread,5,main]: No campaign data found.
05-17 09:27:21.791  1697  1732 I InputReader: Reconfiguring input devices.  changes=0x00000010
05-17 09:27:21.791  1697  1732 I InputReader: Reconfiguring input devices.  changes=0x00000010
05-17 09:27:21.793  1697  1916 W ActivityManager: Permission Denial: Accessing service ComponentInfo{com.google.android.music/com.google.android.music.dial.DialMediaRouteProviderService} from pid=3424, uid=10078 that is not exported from uid 10060
05-17 09:27:21.794  1697  2015 W ActivityManager: Permission Denial: Accessing service ComponentInfo{com.google.android.music/com.google.android.music.dial.DialMediaRouteProviderService} from pid=3424, uid=10078 that is not exported from uid 10060
05-17 09:27:21.796  1697  1916 W ActivityManager: Permission Denial: Accessing service ComponentInfo{com.google.android.music/com.google.android.music.dial.DialMediaRouteProviderService} from pid=3424, uid=10078 that is not exported from uid 10060
05-17 09:27:21.798  1884  1884 D CarrierSvcBindHelper: No carrier app for: 0
05-17 09:27:21.801  1697  1709 W ResourceType: No known package when getting value for resource number 0x7f0802ff
05-17 09:27:21.801  1697  1709 W ResourceType: No known package when getting value for resource number 0x7f1a000a
05-17 09:27:21.806  1884  1884 D CarrierSvcBindHelper: No carrier app for: 0
05-17 09:27:21.809  2084  3780 I chatty  : uid=10013 com.google.android.gms.persistent expire 24 lines
05-17 09:27:21.811  1884  1884 D CarrierSvcBindHelper: No carrier app for: 0
05-17 09:27:21.828  3781  3781 W art     : Unexpected CPU variant for X86 using defaults: x86
05-17 09:27:21.835  1697  1709 I ActivityManager: Start proc 3781:com.android.printspooler/u0a69 for service com.android.printspooler/.model.PrintSpoolerService
05-17 09:27:21.851  1697  1709 W ResourceType: No known package when getting value for resource number 0x7f020087
05-17 09:27:21.851  1697  1709 W ResourceType: No known package when getting value for resource number 0x7f090189
05-17 09:27:22.214  2084  3775 I chatty  : uid=10013 com.google.android.gms.persistent expire 21 lines
05-17 09:27:22.253  2084  3765 I chatty  : uid=10013 com.google.android.gms.persistent expire 2 lines
05-17 09:27:22.353  2084  3802 I chatty  : uid=10013(com.google.android.gms) lowpool[13] expire 26 lines
05-17 09:27:22.399  2084  3797 I chatty  : uid=10013 com.google.android.gms.persistent expire 25 lines
05-17 09:27:22.456  2084  3805 I chatty  : uid=10013 com.google.android.gms.persistent expire 24 lines
05-17 09:27:22.504  2084  3806 I chatty  : uid=10013 com.google.android.gms.persistent expire 21 lines
05-17 09:27:22.523  2084  3799 I chatty  : uid=10013 com.google.android.gms.persistent expire 14 lines
05-17 09:27:22.592  2261  2261 I MicroDetectionWorker: Micro detection mode: [mDetectionMode: [1]].
05-17 09:27:22.592  2261  2261 I AudioController: Using mInputStreamFactoryBuilder
05-17 09:27:22.594  2261  3811 I MicroRecognitionRunner: Starting detection.
05-17 09:27:22.594  2261  2403 I MicrophoneInputStream: mic_starting com.google.android.apps.gsa.staticplugins.z.c@6653700
05-17 09:27:22.595  1397  3814 I AudioFlinger: AudioFlinger's thread 0xa8c03040 ready to run
05-17 09:27:22.597  2261  2403 I MicrophoneInputStream: mic_started com.google.android.apps.gsa.staticplugins.z.c@6653700
05-17 09:27:22.597  2261  2403 E ActivityThread: Failed to find provider info for com.google.android.apps.gsa.testing.ui.audio.recorded
05-17 09:27:22.597  2261  2261 I MicroDetectionWorker: onReady
05-17 09:27:22.599  2261  2403 I MicrophoneInputStream: mic_close com.google.android.apps.gsa.staticplugins.z.c@6653700
05-17 09:27:22.599  2261  3811 I MicroRecognitionRunner: Detection finished
05-17 09:27:22.599  2261  3811 W ErrorReporter: reportError [type: 211, code: 524300]: Error reading from input stream
05-17 09:27:22.600  2261  2693 I MicroRecognitionRunner: Stopping hotword detection.
05-17 09:27:22.600  2261  3811 W ErrorProcessor: onFatalError, processing error from engine(4)
05-17 09:27:22.600  2261  3811 W ErrorProcessor: com.google.android.apps.gsa.shared.speech.a.g: Error reading from input stream
