05-17 09:27:44.189  4317  4317 I art     :   at void android.app.ActivityThread$H.handleMessage(android.os.Message) (ActivityThread.java:1545)
05-17 09:27:44.189  4317  4317 I art     :   at void android.os.Handler.dispatchMessage(android.os.Message) (Handler.java:102)
05-17 09:27:44.189  4317  4317 I art     :   at void android.os.Looper.loop() (Looper.java:154)
05-17 09:27:44.189  4317  4317 I art     :   at void android.app.ActivityThread.main(java.lang.String[]) (ActivityThread.java:6119)
05-17 09:27:44.189  4317  4317 I art     :   at java.lang.Object java.lang.reflect.Method.invoke!(java.lang.Object, java.lang.Object[]) (Method.java:-2)
05-17 09:27:44.189  4317  4317 I art     :   at void com.android.internal.os.ZygoteInit$MethodAndArgsCaller.run() (ZygoteInit.java:886)
05-17 09:27:44.189  4317  4317 I art     :   at void com.android.internal.os.ZygoteInit.main(java.lang.String[]) (ZygoteInit.java:776)
05-17 09:27:44.189  4317  4317 I art     : Caused by: java.lang.ClassNotFoundException: Didn't find class "android.window.OnBackInvokedCallback" on path: DexPathList[[zip file "/data/app/com.android.vending-2/base.apk"],nativeLibraryDirectories=[/data/app/com.android.vending-2/lib/x86, /data/app/com.android.vending-2/base.apk!/lib/x86, /system/lib, /vendor/lib]]
05-17 09:27:44.189  4317  4317 I art     :   at java.lang.Class dalvik.system.BaseDexClassLoader.findClass(java.lang.String) (BaseDexClassLoader.java:56)
05-17 09:27:44.189  4317  4317 I art     :   at java.lang.Class java.lang.ClassLoader.loadClass(java.lang.String, boolean) (ClassLoader.java:380)
05-17 09:27:44.189  4317  4317 I art     :   at java.lang.Class java.lang.ClassLoader.loadClass(java.lang.String) (ClassLoader.java:312)
05-17 09:27:44.189  4317  4317 I art     :   at void om.U(java.lang.Object, java.lang.String) (PG:-1)
05-17 09:27:44.189  4317  4317 I art     :   at arbp arbj.a(java.lang.Class) (PG:1)
05-17 09:27:44.189  4317  4317 I art     :   at arbp arbj.b(java.lang.Object) (PG:-1)
05-17 09:27:44.189  4317  4317 I art     :   at aqzv aqzv.x(aqzv, byte[], int, int, aqzj) (PG:2)
05-17 09:27:44.189  4317  4317 I art     :   at void vtr.d() (PG:3)
05-17 09:27:44.189  4317  4317 I art     :   at void voo.b(voo) (PG:1)
05-17 09:27:44.189  4317  4317 I art     :   at void vtr.<clinit>() (PG:-1)
05-17 09:27:44.189  4317  4317 I art     :   at void wch.a() (PG:1)
05-17 09:27:44.189  4317  4317 I art     :   at java.util.Map vpb.a(vor) (PG:-1)
05-17 09:27:44.189  4317  4317 I art     :   at java.lang.Object xlc.b() (PG:113)
05-17 09:27:44.189  4317  4317 I art     :   at java.lang.Object auin.b() (PG:1)
05-17 09:27:44.190  4317  4317 I art     :   at java.lang.Object xlc.b() (PG:114)
05-17 09:27:44.190  4317  4317 I art     :   at java.lang.Object auin.b() (PG:1)
05-17 09:27:44.190  4317  4317 I art     :   at java.lang.Object auim.b() (PG:2)
05-17 09:27:44.190  4317  4317 I art     :   at java.lang.Object auin.b() (PG:1)
05-17 09:27:44.190  4317  4317 I art     :   at void xkz.h(android.content.Context, android.app.Application) (PG:5)
05-17 09:27:44.190  4317  4317 I art     :   at void jkn.i() (PG:9)
05-17 09:27:44.190  4317  4317 I art     :   at void jkn.onCreate() (PG:3)
05-17 09:27:44.190  4317  4317 I art     :   at void android.app.Instrumentation.callApplicationOnCreate(android.app.Application) (Instrumentation.java:1024)
05-17 09:27:44.190  4317  4317 I art     :   at void android.app.ActivityThread.handleBindApplication(android.app.ActivityThread$AppBindData) (ActivityThread.java:5403)
05-17 09:27:44.190  4317  4317 I art     :   at void android.app.ActivityThread.-wrap2(android.app.ActivityThread, android.app.ActivityThread$AppBindData) (ActivityThread.java:-1)
05-17 09:27:44.190  4317  4317 I art     :   at void android.app.ActivityThread$H.handleMessage(android.os.Message) (ActivityThread.java:1545)
05-17 09:27:44.190  4317  4317 I art     :   at void android.os.Handler.dispatchMessage(android.os.Message) (Handler.java:102)
05-17 09:27:44.190  4317  4317 I art     :   at void android.os.Looper.loop() (Looper.java:154)
05-17 09:27:44.190  4317  4317 I art     :   at void android.app.ActivityThread.main(java.lang.String[]) (ActivityThread.java:6119)
05-17 09:27:44.190  4317  4317 I art     :   at java.lang.Object java.lang.reflect.Method.invoke!(java.lang.Object, java.lang.Object[]) (Method.java:-2)
05-17 09:27:44.190  4317  4317 I art     :   at void com.android.internal.os.ZygoteInit$MethodAndArgsCaller.run() (ZygoteInit.java:886)
05-17 09:27:44.190  4317  4317 I art     :   at void com.android.internal.os.ZygoteInit.main(java.lang.String[]) (ZygoteInit.java:776)
05-17 09:27:44.190  4317  4317 I art     : 
05-17 09:27:44.221  4317  4317 I Finsky:quick_launch: [1] tr.aM(20): Finished reading experiment flags from file [0tGUNCGIkbk4o6-fQ335kUYSKwVj4lusnHT-A5Dsy08].
05-17 09:27:44.240  3940  3943 I art     : Do partial code cache collection, code=470KB, data=411KB
05-17 09:27:44.245  3940  3943 I art     : After code cache collection, code=469KB, data=411KB
05-17 09:27:44.245  3940  3943 I art     : Increasing code cache capacity to 2MB
05-17 09:27:44.245  3940  3943 I art     : Compiler allocated 7MB to compile void gyl.c(android.content.Context, java.util.concurrent.Executor, gyk, boolean)
05-17 09:27:44.255  4317  4317 I Finsky:quick_launch: [1] tr.aM(20): Finished reading experiment flags from file [Se-xCc4LzNyh3UrKMIU2sUf-PUKz4oQEbpKZDMuaFno].
05-17 09:27:44.259  4317  4317 I Finsky:quick_launch: [1] rea.onCreate(2): IPC-SERVER: Starting gRPC host service...
05-17 09:27:44.273  4317  4317 W art     : Before Android 4.1, method double java.util.concurrent.ThreadLocalRandom.internalNextDouble(double, double) would have incorrectly overridden the package-private method in java.util.Random
05-17 09:27:44.273  4317  4317 W art     : Before Android 4.1, method int java.util.concurrent.ThreadLocalRandom.internalNextInt(int, int) would have incorrectly overridden the package-private method in java.util.Random
05-17 09:27:44.273  4317  4317 W art     : Before Android 4.1, method long java.util.concurrent.ThreadLocalRandom.internalNextLong(long, long) would have incorrectly overridden the package-private method in java.util.Random
05-17 09:27:44.307  3940  3943 I art     : Compiler allocated 7MB to compile void gyl.c(android.content.Context, java.util.concurrent.Executor, gyk, boolean)
05-17 09:27:44.310  4317  4341 I Finsky:quick_launch: [258] lgo.i(2): Subscription detail: DataSubscriptionInfo{groupIdLevel1=null, serviceProviderName=[bWEqhr7ksKZZuLOv_W8fvK0VxMu7vcSZbGwBx4ZxGiE], simCarrierId=null}
05-17 09:27:44.312  4317  4317 I Finsky:quick_launch: [1] lgn.onSubscriptionsChanged(1): onSubscriptionsChanged
05-17 09:27:44.341  3940  3959 I Finsky  : [236] wym.a(2): [profile-inception]: result 1.
05-17 09:27:44.341  3940  3959 I Finsky  : [236] urk.call(129): [profile-inception]: ProfileInstaller write was successful.
05-17 09:27:44.343  4317  4349 I Finsky:quick_launch: [266] kcm.accept(31): [Counters Flush] Successfully generated counter events
05-17 09:27:44.348  3940  3961 I Finsky  : [238] yhz.r(4): SCH: jobFinished: 10-12. TimeElapsed: 907ms.
05-17 09:27:44.348  3940  3959 I Finsky  : [236] yhz.r(4): SCH: jobFinished: 37-4. TimeElapsed: 159ms.
05-17 09:27:44.361  3940  3972 I Finsky  : [249] xtu.accept(57): SCH: Scheduling phonesky job Id: 44-1027, CT: 1684340864342, Constraints: [{ L: 0, D: 86400000, C: 1, I: 2, N: 0 }]
05-17 09:27:44.365  3940  3971 I Finsky  : [248] xtt.apply(46): SCH: Scheduling 0 system job(s)
05-17 09:27:44.365  3940  3971 I Finsky  : [248] wug.accept(68): [profile-inception]: Aot triggering was successful.
05-17 09:27:44.385  3940  3973 I Finsky  : [250] qob.a(36): FCM registered dCkr_grIRgO7v-Dg9gvr5C:APA91bEwaaY3OmsAJRS0BXg5TQydTkLcw-6gtBHKQergVvhIzoJwRJUKSa6bMizk9-_E-rxK6HbDrMBSjgVcbPf7eDvUjTcYm8QIXAKhSBOEQkjd1H8V0VmPo9Oou8PX1fq50wOQRZdT
05-17 09:27:44.465  3940  3940 I Finsky  : [1] jfk.a(11): [PLUS] Received response
05-17 09:27:44.480  3940  3966 I Finsky  : [243] mhd.a(9): [PLUS] Successfully updated PayloadValueStore
05-17 09:27:44.480  3940  3972 I Finsky  : [249] zqe.a(128): [PLUS] Sync complete, number synced: 1, number failed: 0
05-17 09:27:44.481  3940  3972 W Finsky  : [249] iur.d(17): For unauth, use getDfeApiNonAuthenticated() instead!
05-17 09:27:44.482  3940  3973 D Volley  : [250] agbn.e: Could not delete cache entry for key=[_CsDx08DMCFwfzrL0w6-_7xeZH8kUReee566_LdniDQ], filename=bni2WABMJNDWzMZm7cNuPKqKbJE
05-17 09:27:44.483  3940  3971 I Finsky  : [248] zrh.apply(13): [PLUS] Hygiene sync job success.
05-17 09:27:44.484  3940  3971 I Finsky  : [248] yhz.r(4): SCH: jobFinished: 10-87. TimeElapsed: 676ms.
05-17 09:27:44.621  4132  4179 I qtaguid : Untagging socket -1 failed errno=-9
05-17 09:27:44.621  4132  4179 W NetworkManagementSocketTagger: untagSocket(-1) failed with errno -9
05-17 09:27:44.622  4132  4299 E YouTube : Failed to fetch offline what to watch browse
05-17 09:27:44.622  4132  4299 E YouTube : okc: java.util.concurrent.ExecutionException: awy
05-17 09:27:44.622  4132  4299 E YouTube : 	at ojr.a(SourceFile:100)
05-17 09:27:44.622  4132  4299 E YouTube : 	at ojt.b(SourceFile:169)
05-17 09:27:44.622  4132  4299 E YouTube : 	at olh.a(SourceFile:116)
05-17 09:27:44.622  4132  4299 E YouTube : 	at ehz.a(SourceFile:145)
05-17 09:27:44.622  4132  4299 E YouTube : 	at com.google.android.libraries.youtube.net.gcm.service.YouTubeGcmTaskService.a(SourceFile:1163)
05-17 09:27:44.622  4132  4299 E YouTube : 	at com.google.android.libraries.youtube.common.gcore.gcoreclient.gcm.impl.GcmTaskServiceDelegator.a(SourceFile:64)
05-17 09:27:44.622  4132  4299 E YouTube : 	at iie.run(Unknown Source)
05-17 09:27:44.622  4132  4299 E YouTube : Caused by: java.util.concurrent.ExecutionException: awy
05-17 09:27:44.622  4132  4299 E YouTube : 	at aym.a(SourceFile:117)
05-17 09:27:44.622  4132  4299 E YouTube : 	at aym.get(SourceFile:88)
05-17 09:27:44.622  4132  4299 E YouTube : 	at rht.get(SourceFile:62)
05-17 09:27:44.622  4132  4299 E YouTube : 	at ojr.a(SourceFile:98)
05-17 09:27:44.622  4132  4299 E YouTube : 	... 6 more
05-17 09:27:44.622  4132  4299 E YouTube : Caused by: awy
05-17 09:27:44.622  4132  4299 E YouTube : 	at axy.a(SourceFile:164)
05-17 09:27:44.622  4132  4299 E YouTube : 	at mgk.a(SourceFile:201)
05-17 09:27:44.622  4132  4299 E YouTube : 	at mgk.a(SourceFile:189)
05-17 09:27:44.622  4132  4299 E YouTube : 	at mgn.a(SourceFile:167)
05-17 09:27:44.622  4132  4299 E YouTube : 	at mgn.a(SourceFile:160)
05-17 09:27:44.622  4132  4299 E YouTube : 	at axe.run(SourceFile:112)
05-17 09:27:47.218  1697  3159 I ActivityManager: Killing 2211:android.process.media/u0a11 (adj 906): empty #17
05-17 09:27:47.265  1697  3157 D ActivityManager: cleanUpApplicationRecord -- 2211
05-17 09:27:47.825  1697  2277 E RecoverySystemService: Timed out connecting to uncrypt socket
05-17 09:27:47.826  1697  2277 E RecoverySystemService: Failed to connect to uncrypt socket
05-17 09:27:47.853  2464  3337 E SystemUpdateService: Failed to call RecoverySystem.cancelScheduledUpdate
05-17 09:27:47.853  2464  3337 E SystemUpdateService: java.lang.reflect.InvocationTargetException
05-17 09:27:47.853  2464  3337 E SystemUpdateService: 	at java.lang.reflect.Method.invoke(Native Method)
05-17 09:27:47.853  2464  3337 E SystemUpdateService: 	at xae.c(:com.google.android.gms:134)
05-17 09:27:47.853  2464  3337 E SystemUpdateService: 	at afuw.d(:com.google.android.gms:195)
05-17 09:27:47.853  2464  3337 E SystemUpdateService: 	at afuw.p(:com.google.android.gms:2178)
05-17 09:27:47.853  2464  3337 E SystemUpdateService: 	at afuw.a(:com.google.android.gms:448)
05-17 09:27:47.853  2464  3337 E SystemUpdateService: 	at afuw.doInBackground(:com.google.android.gms:50475)
05-17 09:27:47.853  2464  3337 E SystemUpdateService: 	at android.os.AsyncTask$2.call(AsyncTask.java:305)
05-17 09:27:47.853  2464  3337 E SystemUpdateService: 	at java.util.concurrent.FutureTask.run(FutureTask.java:237)
05-17 09:27:47.853  2464  3337 E SystemUpdateService: 	at java.lang.Thread.run(Thread.java:761)
05-17 09:27:47.853  2464  3337 E SystemUpdateService: Caused by: java.io.IOException: cancel scheduled update failed
05-17 09:27:47.853  2464  3337 E SystemUpdateService: 	at android.os.RecoverySystem.cancelScheduledUpdate(RecoverySystem.java:563)
05-17 09:27:47.853  2464  3337 E SystemUpdateService: 	... 9 more
05-17 09:27:47.854  2464  3337 E SystemUpdateTask: exception trying to cancel scheduled update
05-17 09:27:47.854  2464  3337 E SystemUpdateTask: java.io.IOException: Failed to invoke RecoverySystem.cancelScheduledUpdate
05-17 09:27:47.854  2464  3337 E SystemUpdateTask: 	at xae.c(:com.google.android.gms:140)
05-17 09:27:47.854  2464  3337 E SystemUpdateTask: 	at afuw.d(:com.google.android.gms:195)
05-17 09:27:47.854  2464  3337 E SystemUpdateTask: 	at afuw.p(:com.google.android.gms:2178)
05-17 09:27:47.854  2464  3337 E SystemUpdateTask: 	at afuw.a(:com.google.android.gms:448)
05-17 09:27:47.854  2464  3337 E SystemUpdateTask: 	at afuw.doInBackground(:com.google.android.gms:50475)
05-17 09:27:47.854  2464  3337 E SystemUpdateTask: 	at android.os.AsyncTask$2.call(AsyncTask.java:305)
05-17 09:27:47.854  2464  3337 E SystemUpdateTask: 	at java.util.concurrent.FutureTask.run(FutureTask.java:237)
05-17 09:27:47.854  2464  3337 E SystemUpdateTask: 	at java.lang.Thread.run(Thread.java:761)
05-17 09:27:47.873  2464  4355 I SystemUpdateTask: cancelUpdate (empty URL)
05-17 09:27:47.874  2464  4355 I CmaSystemUpdateService: active receiver: disabled
05-17 09:27:47.875  2261  2261 I MicroDetectionWorker: Micro detection mode: [mDetectionMode: [1]].
05-17 09:27:47.875  2261  2261 I AudioController: Using mInputStreamFactoryBuilder
05-17 09:27:47.879  2261  4357 I MicroRecognitionRunner: Starting detection.
05-17 09:27:47.879  2261  2403 I MicrophoneInputStream: mic_starting com.google.android.apps.gsa.staticplugins.z.c@5f9b81c
05-17 09:27:47.882  1397  4361 I AudioFlinger: AudioFlinger's thread 0xa7f83bc0 ready to run
05-17 09:27:47.886  2261  2403 I MicrophoneInputStream: mic_started com.google.android.apps.gsa.staticplugins.z.c@5f9b81c
05-17 09:27:47.886  2261  2403 E ActivityThread: Failed to find provider info for com.google.android.apps.gsa.testing.ui.audio.recorded
05-17 09:27:47.887  2261  2261 I MicroDetectionWorker: onReady
05-17 09:27:47.890  4360  4360 E uncrypt : failed to read /fstab.ranchu
05-17 09:27:47.891  2261  2403 I MicrophoneInputStream: mic_close com.google.android.apps.gsa.staticplugins.z.c@5f9b81c
05-17 09:27:47.892  2261  4357 I MicroRecognitionRunner: Detection finished
05-17 09:27:47.893  2261  4357 W ErrorReporter: reportError [type: 211, code: 524300]: Error reading from input stream
05-17 09:27:47.893  2261  2693 I MicroRecognitionRunner: Stopping hotword detection.
05-17 09:27:47.894  2261  4357 W ErrorProcessor: onFatalError, processing error from engine(4)
05-17 09:27:47.894  2261  4357 W ErrorProcessor: com.google.android.apps.gsa.shared.speech.a.g: Error reading from input stream
05-17 09:27:47.894  2261  4357 W ErrorProcessor: 	at com.google.android.apps.gsa.staticplugins.recognizer.i.a.a(SourceFile:342)
05-17 09:27:47.894  2261  4357 W ErrorProcessor: 	at com.google.android.apps.gsa.staticplugins.recognizer.i.a$1.run(SourceFile:1367)
05-17 09:27:47.894  2261  4357 W ErrorProcessor: 	at java.util.concurrent.Executors$RunnableAdapter.call(Executors.java:428)
05-17 09:27:47.894  2261  4357 W ErrorProcessor: 	at java.util.concurrent.FutureTask.run(FutureTask.java:237)
05-17 09:27:47.894  2261  4357 W ErrorProcessor: 	at com.google.android.apps.gsa.shared.util.concurrent.a.ak.run(SourceFile:66)
05-17 09:27:47.894  2261  4357 W ErrorProcessor: 	at java.util.concurrent.ThreadPoolExecutor.runWorker(ThreadPoolExecutor.java:1133)
05-17 09:27:47.894  2261  4357 W ErrorProcessor: 	at java.util.concurrent.ThreadPoolExecutor$Worker.run(ThreadPoolExecutor.java:607)
05-17 09:27:47.894  2261  4357 W ErrorProcessor: 	at java.lang.Thread.run(Thread.java:761)
05-17 09:27:47.894  2261  4357 W ErrorProcessor: 	at com.google.android.apps.gsa.shared.util.concurrent.a.ad$1.run(SourceFile:85)
05-17 09:27:47.894  2261  4357 W ErrorProcessor: Caused by: com.google.android.apps.gsa.shared.exception.GsaIOException: Error code: 393238 | Buffer overflow, no available space.
05-17 09:27:47.894  2261  4357 W ErrorProcessor: 	at com.google.android.apps.gsa.speech.audio.Tee.g(SourceFile:2531)
05-17 09:27:47.894  2261  4357 W ErrorProcessor: 	at com.google.android.apps.gsa.speech.audio.ap.read(SourceFile:555)
05-17 09:27:47.894  2261  4357 W ErrorProcessor: 	at java.io.InputStream.read(InputStream.java:101)
05-17 09:27:47.894  2261  4357 W ErrorProcessor: 	at com.google.android.apps.gsa.speech.audio.al.run(SourceFile:362)
05-17 09:27:47.894  2261  4357 W ErrorProcessor: 	at com.google.android.apps.gsa.speech.audio.ak$1.run(SourceFile:471)
05-17 09:27:47.894  2261  4357 W ErrorProcessor: 	at java.util.concurrent.Executors$RunnableAdapter.call(Executors.java:428)
05-17 09:27:47.894  2261  4357 W ErrorProcessor: 	at java.util.concurrent.FutureTask.run(FutureTask.java:237)
05-17 09:27:47.894  2261  4357 W ErrorProcessor: 	at com.google.android.apps.gsa.shared.util.concurrent.a.ak.run(SourceFile:66)
05-17 09:27:47.894  2261  4357 W ErrorProcessor: 	at com.google.android.apps.gsa.shared.util.concurrent.a.ax.run(SourceFile:139)
05-17 09:27:47.894  2261  4357 W ErrorProcessor: 	at com.google.android.apps.gsa.shared.util.concurrent.a.ax.run(SourceFile:139)
05-17 09:27:47.894  2261  4357 W ErrorProcessor: 	... 4 more
05-17 09:27:47.894  2261  4357 I AudioController: internalShutdown
05-17 09:27:47.895  2261  2261 I MicroDetector: Keeping mic open: false
05-17 09:27:47.895  2261  2261 I MicroDetectionWorker: #onError(false)
05-17 09:27:47.895  2261  4356 I DeviceStateChecker: DeviceStateChecker cancelled
05-17 09:27:47.881  4360  4360 W uncrypt : type=1400 audit(0.0:433): avc: denied { write } for name="kmsg" dev="tmpfs" ino=4158 scontext=u:r:uncrypt:s0 tcontext=u:object_r:kmsg_device:s0 tclass=chr_file permissive=0
05-17 09:27:47.881  4360  4360 W uncrypt : type=1400 audit(0.0:434): avc: denied { write } for name="/" dev="tmpfs" ino=3005 scontext=u:r:uncrypt:s0 tcontext=u:object_r:device:s0 tclass=dir permissive=0
05-17 09:27:48.605  1697  3217 I ActivityManager: Killing 2367:com.google.android.gm/u0a68 (adj 906): empty #17
05-17 09:27:48.618  1697  3218 D ActivityManager: cleanUpApplicationRecord -- 2367
05-17 09:27:49.834  2464  4362 I CheckinChimeraService: Checking schedule, now: 1684340869834 next: 1684340866592
05-17 09:27:49.834  2464  4362 I CheckinChimeraService: active receiver: enabled
05-17 09:27:49.835  2464  4362 I CheckinChimeraService: Preparing to send checkin request
05-17 09:27:49.835  2464  4362 I EventLogChimeraService: Accumulating logs since 1684340837358
05-17 09:27:49.882  2464  4362 I CheckinTask: Get token from PseudonymousIdApi: 511=pBIvN1UD_z4q2oHayTDy1zVtiDCF0xLD9xWfkWSYdUe0i6X_lQWRcAFaCKFnkQLrvjq9aCRp_foUg74G20hYCvvbia5BTYqOmlDa8nyQ-j8aSgbjyu4kexMFdN3TTdh58znL_8x7vr2LideuK-vU8SK7s6xlbrecEdUyoxtrIv8
05-17 09:27:49.889  2464  4362 I CheckinRequestBuilder: Checkin reason type: 3 attempt count: 1
05-17 09:27:49.895  2464  4362 E ActivityThread: Failed to find provider info for com.google.android.wearable.settings
05-17 09:27:49.899  2464  2472 W SQLiteConnectionPool: A SQLiteConnection object for database '/data/user/0/com.google.android.gms/databases/metrics.db' was leaked!  Please fix your application to end transactions in progress properly and to close the database when it is no longer needed.
05-17 09:27:49.899  2464  2472 W SQLiteConnectionPool: A SQLiteConnection object for database '/data/user/0/com.google.android.gms/databases/help_responses.db.18' was leaked!  Please fix your application to end transactions in progress properly and to close the database when it is no longer needed.
05-17 09:27:49.899  2464  2472 W SQLiteConnectionPool: A SQLiteConnection object for database '/data/user/0/com.google.android.gms/databases/auto_complete_suggestions.db' was leaked!  Please fix your application to end transactions in progress properly and to close the database when it is no longer needed.
05-17 09:27:50.050  2824  2836 D EGL_emulation: eglCreateContext: 0x9899d080: maj 3 min 0 rcv 3
05-17 09:27:50.055  2824  2836 D EGL_emulation: eglMakeCurrent: 0x9899d080: ver 3 0 (tinfo 0x98985a20)
05-17 09:27:50.055  2824  2836 E eglCodecCommon: glUtilsParamSize: unknow param 0x00008cdf
05-17 09:27:50.055  2824  2836 E eglCodecCommon: glUtilsParamSize: unknow param 0x00008824
05-17 09:27:50.081  2824  2836 D EGL_emulation: eglCreateContext: 0x9899ec40: maj 3 min 0 rcv 3
05-17 09:27:50.086  2824  2836 D EGL_emulation: eglMakeCurrent: 0x9899ec40: ver 3 0 (tinfo 0x98985a20)
05-17 09:27:50.086  2824  2836 E eglCodecCommon: glUtilsParamSize: unknow param 0x00008cdf
05-17 09:27:50.086  2824  2836 E eglCodecCommon: glUtilsParamSize: unknow param 0x00008824
05-17 09:27:50.121  2824  2824 W Binder:2824_2: type=1400 audit(0.0:435): avc: denied { search } for name="run" dev="dm-0" ino=294914 scontext=u:r:priv_app:s0:c512,c768 tcontext=u:object_r:varrun_file:s0 tclass=dir permissive=0
05-17 09:27:50.161  2824  2824 W Binder:2824_2: type=1400 audit(0.0:436): avc: denied { read } for name="/" dev="tmpfs" ino=3005 scontext=u:r:priv_app:s0:c512,c768 tcontext=u:object_r:device:s0 tclass=dir permissive=0
05-17 09:27:50.161  2824  2824 W Binder:2824_2: type=1400 audit(0.0:437): avc: denied { read } for name="/" dev="tmpfs" ino=3005 scontext=u:r:priv_app:s0:c512,c768 tcontext=u:object_r:device:s0 tclass=dir permissive=0
05-17 09:27:50.262  2464  4362 I CheckinUtil: Classify the device as Phone.
05-17 09:27:50.279  2464  4362 I CheckinTask: set cookie as: NID=511=pBIvN1UD_z4q2oHayTDy1zVtiDCF0xLD9xWfkWSYdUe0i6X_lQWRcAFaCKFnkQLrvjq9aCRp_foUg74G20hYCvvbia5BTYqOmlDa8nyQ-j8aSgbjyu4kexMFdN3TTdh58znL_8x7vr2LideuK-vU8SK7s6xlbrecEdUyoxtrIv8
05-17 09:27:50.296  2464  4362 W Conscrypt: Could not set socket write timeout: null
05-17 09:27:50.336  2464  4362 W Conscrypt: Could not set socket write timeout: null
05-17 09:27:50.344  2464  4362 I CheckinTask: Sending checkin request (12708 bytes)
05-17 09:27:50.521  2464  4362 I CheckinRequestBuilder: Checkin reason type: 3 attempt count: 1
05-17 09:27:50.522  2464  4362 E ActivityThread: Failed to find provider info for com.google.android.wearable.settings
05-17 09:27:50.589  2464  4362 I CheckinUtil: Classify the device as Phone.
05-17 09:27:50.601  2464  4362 I CheckinTask: Checkin success: https://android.clients.google.com/checkin (1 requests sent)
05-17 09:27:50.612  2464  4362 I CheckinChimeraService: Checking schedule, now: 1684340870612 next: 1684904387601
05-17 09:27:50.612  2464  4362 I CheckinChimeraService: active receiver: disabled
05-17 09:27:50.637  2464  4094 I GCM-GMS : Scheduling task to register GMS
05-17 09:27:51.266  3940  3971 I ShortcutBadger: Checking if platform supports badge counters, attempt 1/3.
05-17 09:27:51.267  3940  3969 I Finsky  : [246] jid.run(42): Initializing the instant apps module.
05-17 09:27:51.270  3940  3971 I ShortcutBadger: Checking if platform supports badge counters, attempt 2/3.
05-17 09:27:51.272  3940  3971 I ShortcutBadger: Checking if platform supports badge counters, attempt 3/3.
05-17 09:27:51.274  3940  3969 I Finsky  : [246] vpd.h(1): Triggered update for experiment package com.google.android.finsky.stable.
05-17 09:27:51.275  3940  3971 W ShortcutBadger: Badge counter seems not supported in this platform: unable to resolve intent: Intent { act=android.intent.action.BADGE_COUNT_UPDATE (has extras) }
05-17 09:27:51.285  3940  3959 D GetConfigurationSnapsho: getFullConfigurations
05-17 09:27:51.322  3940  3959 D CommitToConfigurationOp: real commit done, callingPackage: com.android.vending snapshot:  com.google.android.finsky.stable 83521950 5 1801002961 com.google.android.finsky.stable 1801002961 0
05-17 09:27:51.322  3940  3959 D ExperimentTokensCache: Clearing ExperimentTokensCache
05-17 09:27:51.325  3940  3969 I Finsky  : [246] tr.aT(3): Writing flags config, size 1.
05-17 09:27:51.325  3940  3969 I Finsky  : [246] tr.aT(3): Started writing experiment flags into file [8uKij9Tp4PZyjSvh8NyLyFvuCv94NONrKvkkdzEKIoQ].
05-17 09:27:51.328  3940  3969 I Finsky  : [246] tr.aT(17): Finished writing experiment flags into file [8uKij9Tp4PZyjSvh8NyLyFvuCv94NONrKvkkdzEKIoQ].
05-17 09:27:51.329  3940  3969 I Finsky  : [246] vpd.g(24): Successfully applied new configurations for package com.google.android.finsky.stable.
05-17 09:27:51.329  3940  3969 I Finsky  : [246] vpd.g(30): [EExp] Exporting experiments for package com.google.android.finsky.stable.
05-17 09:27:51.329  3940  3969 I Finsky  : [246] zsd.B(3): [EExp] Exporting experiments for namespace com.google.android.finsky.stable.
05-17 09:27:51.330  3940  3959 W GooglePlayServicesUtil: Google Play services out of date for com.android.vending.  Requires 223900000 but found 10298470
05-17 09:27:51.330  3940  3969 I Finsky  : [246] vpd.g(35): [EExp] Successfully exported experiments for package com.google.android.finsky.stable.
05-17 09:27:51.330  3940  3971 I Finsky  : [248] vpd.h(1): Triggered update for experiment package com.google.android.finsky.regular.
05-17 09:27:51.331  3940  3969 I Finsky  : [246] afma.b(1): Restoring notifications
05-17 09:27:51.333  3940  3969 I Finsky  : [246] afma.b(4): Done restoring notifications
05-17 09:27:51.338  3940  4002 I Finsky  : [275] nix.run(3): Wrote row to frosting DB: 122
05-17 09:27:51.339  3940  3959 D GetConfigurationSnapsho: getFullConfigurations
05-17 09:27:51.340  3940  3969 I Finsky  : [246] jid.run(74): Component class com.google.android.finsky.wearsupport.WearSupportService disabled via PackageManager.
05-17 09:27:51.340  3940  3969 I Finsky  : [246] jid.run(74): Component class com.google.android.finsky.wearsupport.WearChangeListenerService disabled via PackageManager.
05-17 09:27:51.359  3940  3972 W Finsky  : [249] wwl.a(5): PreloadClasses: Unable to load [androidx.compose.runtime.Recomposer$recompositionRunner$2$2, androidx.compose.ui.semantics.SemanticsModifierCore, androidx.compose.ui.platform.AndroidComposeView$semanticsModifier$1, androidx.compose.ui.platform.AndroidComposeView_androidKt$textInputServiceFactory$1, androidx.compose.foundation.layout.FillModifier, androidx.compose.foundation.layout.SizeModifier, androidx.compose.ui.draw.DrawContentCacheModifier, androidx.compose.runtime.Recomposer$runRecomposeAndApplyChanges$2$2, androidx.compose.foundation.layout.SizeModifier$measure$1, androidx.compose.foundation.layout.FillModifier$measure$1, androidx.compose.foundation.layout.PaddingModifier, androidx.compose.ui.input.pointer.SuspendingPointerInputFilterKt$pointerInput$6, androidx.compose.ui.input.pointer.SuspendingPointerInputFilter, androidx.compose.ui.input.pointer.SuspendingPointerInputFilter$PointerEventHandlerCoroutine, androidx.compose.ui.input.pointer.SuspendingPointerInputFilterKt$pointerInput$6$2$1, androidx.compose.ui.draw.PainterModifier, androidx.compose.ui.layout.LayoutId, androidx.compose.ui.input.pointer.SuspendingPointerInputFilterKt$pointerInput$2, androidx.compose.ui.input.pointer.SuspendingPointerInputFilterKt$pointerInput$2$2$1, androidx.compose.foundation.layout.UnspecifiedConstraintsModifier, androidx.compose.material.ButtonKt$Button$2$1, androidx.compose.material.ButtonKt$Button$2$1$1, androidx.compose.foundation.layout.WrapContentModifier, androidx.compose.ui.input.nestedscroll.NestedScrollModifierKt$nestedScroll$2, androidx.compose.foundation.text.CoreTextKt$InlineChildren$1$2, androidx.compose.ui.draw.PainterModifier$measure$1, androidx.compose.ui.text.android.LayoutIntrinsics$boringMetrics$2, androidx.compose.ui.text.android.LayoutIntrinsics$minIntrinsicWidth$2, androidx.compose.ui.text.android.LayoutIntrinsics$maxIntrinsicWidth$2, androidx.compose.foundation.layout.UnspecifiedConstraintsModifier$measure$1, androidx.compose.foundation.layout.PaddingModifier$measure$1, androidx.compose.foundation.text.CoreTextKt$InlineChildren$1$2$measure$1, androidx.compose.foundation.layout.WrapContentModifier$measure$1, androidx.compose.foundation.lazy.LazyListScopeImpl, androidx.compose.foundation.lazy.LazyMeasuredItemProvider, androidx.compose.foundation.layout.AspectRatioModifier, androidx.compose.foundation.layout.AspectRatioModifier$measure$1, androidx.compose.foundation.lazy.LazyMeasuredItem, androidx.compose.ui.input.pointer.SuspendingPointerInputFilter$awaitPointerEventScope$2$2]
05-17 09:27:51.400  3940  3959 D CommitToConfigurationOp: real commit done, callingPackage: com.android.vending snapshot:  com.google.android.finsky.regular 83521950 5 752930499 com.google.android.finsky.regular 626696481 0
05-17 09:27:51.400  3940  3959 D ExperimentTokensCache: Clearing ExperimentTokensCache
05-17 09:27:51.403  3940  3971 I Finsky  : [248] vpl.c(1): Regular flags synced
05-17 09:27:51.403  3940  3971 I Finsky  : [248] tr.aT(3): Writing flags config, size 1.
05-17 09:27:51.404  3940  3971 I Finsky  : [248] tr.aT(3): Started writing experiment flags into file [4dEVOh7DlClE42ly_19Hs7FqnnFOj9O0dm-zzWqGxeo].
05-17 09:27:51.408  3940  3971 I Finsky  : [248] tr.aT(17): Finished writing experiment flags into file [4dEVOh7DlClE42ly_19Hs7FqnnFOj9O0dm-zzWqGxeo].
05-17 09:27:51.410  3940  3971 I Finsky  : [248] vpd.g(24): Successfully applied new configurations for package com.google.android.finsky.regular.
05-17 09:27:51.410  3940  3971 I Finsky  : [248] vpd.g(30): [EExp] Exporting experiments for package com.google.android.finsky.regular.
05-17 09:27:51.410  3940  3971 I Finsky  : [248] zsd.B(3): [EExp] Exporting experiments for namespace com.google.android.finsky.regular.
05-17 09:27:51.412  3940  3959 W GooglePlayServicesUtil: Google Play services out of date for com.android.vending.  Requires 223900000 but found 10298470
05-17 09:27:51.412  3940  3971 I Finsky  : [248] vpd.g(35): [EExp] Successfully exported experiments for package com.google.android.finsky.regular.
05-17 09:27:51.726  3940  4003 I Finsky  : [276] akzg.d(2): registerListener
05-17 09:27:51.726  3940  4003 I Finsky  : [276] soe.s(1): getDownloads()
05-17 09:27:51.730  3940  4003 I Finsky  : [276] rz.run(11): Initialized AssetModuleDownloader.
05-17 09:27:51.732  4005  4057 I Finsky:background: [249] muf.h(1): getDownloads()
05-17 09:27:51.733  3940  3940 I Finsky  : [1] yil.run(10): Detected restoreservicev2://recovery not needed, will not run
05-17 09:27:51.746  3940  3940 I Finsky  : [1] rea.onDestroy(-1): IPC-SERVER: Stopping gRPC host service...
05-17 09:27:52.707  4132  4209 I qtaguid : Tagging socket -1 with tag 0(0) for uid -1 failed errno=-9
05-17 09:27:52.707  4132  4209 I NetworkManagementSocketTagger: tagSocketFd(-1, 0, -1) failed with errno-9
05-17 09:27:52.741  4132  4209 I qtaguid : Untagging socket -1 failed errno=-9
05-17 09:27:52.741  4132  4209 W NetworkManagementSocketTagger: untagSocket(-1) failed with errno -9
05-17 09:27:52.900  2261  2261 I MicroDetectionWorker: Micro detection mode: [mDetectionMode: [1]].
05-17 09:27:52.901  2261  2261 I AudioController: Using mInputStreamFactoryBuilder
05-17 09:27:52.905  2261  4379 I MicroRecognitionRunner: Starting detection.
05-17 09:27:52.906  2261  2403 I MicrophoneInputStream: mic_starting com.google.android.apps.gsa.staticplugins.z.c@1e0759e
05-17 09:27:52.907  1397  4382 I AudioFlinger: AudioFlinger's thread 0xa7d03140 ready to run
05-17 09:27:52.911  2261  2403 I MicrophoneInputStream: mic_started com.google.android.apps.gsa.staticplugins.z.c@1e0759e
05-17 09:27:52.912  2261  2403 E ActivityThread: Failed to find provider info for com.google.android.apps.gsa.testing.ui.audio.recorded
05-17 09:27:52.912  2261  2261 I MicroDetectionWorker: onReady
05-17 09:27:52.915  2261  2403 I MicrophoneInputStream: mic_close com.google.android.apps.gsa.staticplugins.z.c@1e0759e
05-17 09:27:52.916  2261  4379 I MicroRecognitionRunner: Detection finished
05-17 09:27:52.916  2261  4379 W ErrorReporter: reportError [type: 211, code: 524300]: Error reading from input stream
05-17 09:27:52.916  2261  2693 I MicroRecognitionRunner: Stopping hotword detection.
05-17 09:27:52.917  2261  4379 W ErrorProcessor: onFatalError, processing error from engine(4)
05-17 09:27:52.917  2261  4379 W ErrorProcessor: com.google.android.apps.gsa.shared.speech.a.g: Error reading from input stream
05-17 09:27:52.917  2261  4379 W ErrorProcessor: 	at com.google.android.apps.gsa.staticplugins.recognizer.i.a.a(SourceFile:342)
05-17 09:27:52.917  2261  4379 W ErrorProcessor: 	at com.google.android.apps.gsa.staticplugins.recognizer.i.a$1.run(SourceFile:1367)
05-17 09:27:52.917  2261  4379 W ErrorProcessor: 	at java.util.concurrent.Executors$RunnableAdapter.call(Executors.java:428)
05-17 09:27:52.917  2261  4379 W ErrorProcessor: 	at java.util.concurrent.FutureTask.run(FutureTask.java:237)
05-17 09:27:52.917  2261  4379 W ErrorProcessor: 	at com.google.android.apps.gsa.shared.util.concurrent.a.ak.run(SourceFile:66)
05-17 09:27:52.917  2261  4379 W ErrorProcessor: 	at java.util.concurrent.ThreadPoolExecutor.runWorker(ThreadPoolExecutor.java:1133)
05-17 09:27:52.917  2261  4379 W ErrorProcessor: 	at java.util.concurrent.ThreadPoolExecutor$Worker.run(ThreadPoolExecutor.java:607)
05-17 09:27:52.917  2261  4379 W ErrorProcessor: 	at java.lang.Thread.run(Thread.java:761)
05-17 09:27:52.917  2261  4379 W ErrorProcessor: 	at com.google.android.apps.gsa.shared.util.concurrent.a.ad$1.run(SourceFile:85)
05-17 09:27:52.917  2261  4379 W ErrorProcessor: Caused by: com.google.android.apps.gsa.shared.exception.GsaIOException: Error code: 393238 | Buffer overflow, no available space.
05-17 09:27:52.917  2261  4379 W ErrorProcessor: 	at com.google.android.apps.gsa.speech.audio.Tee.g(SourceFile:2531)
05-17 09:27:52.917  2261  4379 W ErrorProcessor: 	at com.google.android.apps.gsa.speech.audio.ap.read(SourceFile:555)
05-17 09:27:52.917  2261  4379 W ErrorProcessor: 	at java.io.InputStream.read(InputStream.java:101)
05-17 09:27:52.917  2261  4379 W ErrorProcessor: 	at com.google.android.apps.gsa.speech.audio.al.run(SourceFile:362)
05-17 09:27:52.917  2261  4379 W ErrorProcessor: 	at com.google.android.apps.gsa.speech.audio.ak$1.run(SourceFile:471)
05-17 09:27:52.917  2261  4379 W ErrorProcessor: 	at java.util.concurrent.Executors$RunnableAdapter.call(Executors.java:428)
05-17 09:27:52.917  2261  4379 W ErrorProcessor: 	at java.util.concurrent.FutureTask.run(FutureTask.java:237)
05-17 09:27:52.917  2261  4379 W ErrorProcessor: 	at com.google.android.apps.gsa.shared.util.concurrent.a.ak.run(SourceFile:66)
05-17 09:27:52.917  2261  4379 W ErrorProcessor: 	at com.google.android.apps.gsa.shared.util.concurrent.a.ax.run(SourceFile:139)
05-17 09:27:52.917  2261  4379 W ErrorProcessor: 	at com.google.android.apps.gsa.shared.util.concurrent.a.ax.run(SourceFile:139)
05-17 09:27:52.917  2261  4379 W ErrorProcessor: 	... 4 more
05-17 09:27:52.917  2261  4379 I AudioController: internalShutdown
05-17 09:27:52.918  2261  2261 I MicroDetector: Keeping mic open: false
05-17 09:27:52.918  2261  2261 I MicroDetectionWorker: #onError(false)
05-17 09:27:52.918  2261  4378 I DeviceStateChecker: DeviceStateChecker cancelled
05-17 09:27:53.867  4038  4083 W System  : ClassLoader referenced unknown path: /system/priv-app/PrebuiltGmsCore/lib/x86
05-17 09:27:53.868  4038  4083 D ApplicationLoaders: ignored Vulkan layer search path /system/priv-app/PrebuiltGmsCore/lib/x86:/system/fake-libs:/system/priv-app/PrebuiltGmsCore/PrebuiltGmsCore.apk!/lib/x86:/system/lib:/vendor/lib for namespace 0xa8470090
05-17 09:27:53.883  4038  4083 W linker  : /system/priv-app/PrebuiltGmsCore/PrebuiltGmsCore.apk!/lib/x86/libgmscore.so: unused DT entry: type 0x7ffffffd arg 0x754
05-17 09:27:53.889  4038  4083 W linker  : /system/priv-app/PrebuiltGmsCore/PrebuiltGmsCore.apk!/lib/x86/libconscrypt_gmscore_jni.so: unused DT entry: type 0x7ffffffd arg 0x174
05-17 09:27:53.892  4038  4083 V JNIHelp : Registering com/google/android/gms/org/conscrypt/NativeCrypto's 242 native methods...
05-17 09:27:53.902  4038  4083 D NetworkSecurityConfig: No Network Security Config specified, using platform default
05-17 09:27:53.903  4038  4083 I ProviderInstaller: Installed default security provider GmsCore_OpenSSL
05-17 09:27:54.428  4317  4317 I Finsky:quick_launch: [1] rea.onDestroy(-1): IPC-SERVER: Stopping gRPC host service...
05-17 09:27:55.207  2464  4094 W IcingInternalCorpora: getNumBytesRead when not calculated.
05-17 09:27:55.213  2464  3047 I Icing   : Usage reports 0 indexed 0 rejected 0 imm upload false
05-17 09:27:55.251  2464  3047 I Icing   : Usage reports 0 indexed 0 rejected 0 imm upload false
05-17 09:27:55.297  1697  3218 I ActivityManager: Killing 3715:com.google.android.gms.feedback/u0a13 (adj 906): empty #17
05-17 09:27:55.300  2464  3047 I Icing   : Usage reports 0 indexed 0 rejected 0 imm upload false
05-17 09:27:55.304  2464  3047 I Icing   : Usage reports 0 indexed 0 rejected 0 imm upload false
05-17 09:27:55.314  2464  4116 I Icing   : Usage reports 0 indexed 0 rejected 0 imm upload false
05-17 09:27:55.332  2464  4116 I Icing   : Usage reports 0 indexed 0 rejected 0 imm upload false
05-17 09:27:55.345  1697  2013 D ActivityManager: cleanUpApplicationRecord -- 3715
05-17 09:27:55.350  2464  4116 I Icing   : Usage reports 0 indexed 0 rejected 0 imm upload false
05-17 09:27:55.799  1697  1710 I ActivityManager: Waited long enough for: ServiceRecord{3fff4eb u0 com.google.android.gms/.statementservice.OperationService}
05-17 09:27:56.287  3940  3973 E Finsky  : [250] iow.accept(19): GMS compliance query failed.
05-17 09:27:56.287  3940  3973 E Finsky  : com.google.common.util.concurrent.TimeoutFuture$TimeoutFutureException: Timed out (timeout delayed by 40 ms after scheduled time): anqr@2e4d95[status=PENDING, setFuture=[fla@5989eaa[status=PENDING, info=[tag=[aiac@3cf8a9b]]]]]
05-17 09:27:56.289  3940  3940 I Finsky  : [1] jxs.b(32): AU2: Successfully cleaned-up UpdateFailureHistory
05-17 09:27:56.292  3940  3993 W GooglePlayServicesUtil: Google Play services out of date for com.android.vending.  Requires 222100000 but found 10298470
05-17 09:27:56.292  3940  3993 W GoogleApiManager: The service for agrw is not available: ConnectionResult{statusCode=SERVICE_VERSION_UPDATE_REQUIRED, resolution=null, message=null}
05-17 09:27:56.484  3940  3940 E ActivityThread: Failed to find provider info for com.google.android.wearable.settings
05-17 09:27:56.519  3940  3940 E ActivityThread: Failed to find provider info for com.google.android.wearable.settings
05-17 09:27:56.523  3940  3940 E ActivityThread: Failed to find provider info for com.google.android.wearable.settings
05-17 09:27:56.531  3940  3940 E ActivityThread: Failed to find provider info for com.google.android.wearable.settings
05-17 09:27:56.539  3940  3940 E ActivityThread: Failed to find provider info for com.google.android.wearable.settings
05-17 09:27:56.545  3940  3940 E ActivityThread: Failed to find provider info for com.google.android.wearable.settings
05-17 09:27:56.554  3940  3940 E ActivityThread: Failed to find provider info for com.google.android.wearable.settings
05-17 09:27:56.562  3940  3940 E ActivityThread: Failed to find provider info for com.google.android.wearable.settings
05-17 09:27:56.570  3940  3940 E ActivityThread: Failed to find provider info for com.google.android.wearable.settings
05-17 09:27:56.578  3940  3940 E ActivityThread: Failed to find provider info for com.google.android.wearable.settings
05-17 09:27:56.587  3940  3940 E ActivityThread: Failed to find provider info for com.google.android.wearable.settings
05-17 09:27:56.596  3940  3940 E ActivityThread: Failed to find provider info for com.google.android.wearable.settings
05-17 09:27:56.606  3940  3940 E ActivityThread: Failed to find provider info for com.google.android.wearable.settings
05-17 09:27:56.615  3940  3940 E ActivityThread: Failed to find provider info for com.google.android.wearable.settings
05-17 09:27:56.623  3940  3940 E ActivityThread: Failed to find provider info for com.google.android.wearable.settings
05-17 09:27:56.632  3940  3940 E ActivityThread: Failed to find provider info for com.google.android.wearable.settings
05-17 09:27:56.640  3940  3940 E ActivityThread: Failed to find provider info for com.google.android.wearable.settings
05-17 09:27:56.647  3940  3940 E ActivityThread: Failed to find provider info for com.google.android.wearable.settings
05-17 09:27:56.656  3940  3940 E ActivityThread: Failed to find provider info for com.google.android.wearable.settings
05-17 09:27:56.664  3940  3940 E ActivityThread: Failed to find provider info for com.google.android.wearable.settings
05-17 09:27:56.672  3940  3940 E ActivityThread: Failed to find provider info for com.google.android.wearable.settings
05-17 09:27:56.681  3940  3940 E ActivityThread: Failed to find provider info for com.google.android.wearable.settings
05-17 09:27:56.693  3940  3940 E ActivityThread: Failed to find provider info for com.google.android.wearable.settings
05-17 09:27:56.700  3940  3940 E ActivityThread: Failed to find provider info for com.google.android.wearable.settings
05-17 09:27:56.708  3940  3940 E ActivityThread: Failed to find provider info for com.google.android.wearable.settings
05-17 09:27:56.717  3940  3940 E ActivityThread: Failed to find provider info for com.google.android.wearable.settings
05-17 09:27:56.726  3940  3940 E ActivityThread: Failed to find provider info for com.google.android.wearable.settings
05-17 09:27:56.733  3940  3940 E ActivityThread: Failed to find provider info for com.google.android.wearable.settings
05-17 09:27:56.742  3940  3940 E ActivityThread: Failed to find provider info for com.google.android.wearable.settings
05-17 09:27:56.750  3940  3940 E ActivityThread: Failed to find provider info for com.google.android.wearable.settings
05-17 09:27:56.760  3940  3940 E ActivityThread: Failed to find provider info for com.google.android.wearable.settings
05-17 09:27:56.770  3940  3940 E ActivityThread: Failed to find provider info for com.google.android.wearable.settings
05-17 09:27:56.778  3940  3940 E ActivityThread: Failed to find provider info for com.google.android.wearable.settings
05-17 09:27:56.787  3940  3940 E ActivityThread: Failed to find provider info for com.google.android.wearable.settings
05-17 09:27:56.797  3940  3940 E ActivityThread: Failed to find provider info for com.google.android.wearable.settings
05-17 09:27:56.805  3940  3940 E ActivityThread: Failed to find provider info for com.google.android.wearable.settings
05-17 09:27:56.815  3940  3940 E ActivityThread: Failed to find provider info for com.google.android.wearable.settings
05-17 09:27:56.823  3940  3940 E ActivityThread: Failed to find provider info for com.google.android.wearable.settings
05-17 09:27:56.832  3940  3940 E ActivityThread: Failed to find provider info for com.google.android.wearable.settings
05-17 09:27:56.840  3940  3940 E ActivityThread: Failed to find provider info for com.google.android.wearable.settings
05-17 09:27:56.862  3940  3940 E ActivityThread: Failed to find provider info for com.google.android.wearable.settings
05-17 09:27:56.872  3940  3940 E ActivityThread: Failed to find provider info for com.google.android.wearable.settings
05-17 09:27:56.886  3940  3940 E ActivityThread: Failed to find provider info for com.google.android.wearable.settings
05-17 09:27:56.898  3940  3940 E ActivityThread: Failed to find provider info for com.google.android.wearable.settings
05-17 09:27:56.907  3940  3940 E ActivityThread: Failed to find provider info for com.google.android.wearable.settings
05-17 09:27:56.915  3940  3940 E ActivityThread: Failed to find provider info for com.google.android.wearable.settings
05-17 09:27:56.924  3940  3940 E ActivityThread: Failed to find provider info for com.google.android.wearable.settings
05-17 09:27:56.933  3940  3940 E ActivityThread: Failed to find provider info for com.google.android.wearable.settings
05-17 09:27:56.942  3940  3940 E ActivityThread: Failed to find provider info for com.google.android.wearable.settings
05-17 09:27:56.951  3940  3940 E ActivityThread: Failed to find provider info for com.google.android.wearable.settings
05-17 09:27:56.962  3940  3940 E ActivityThread: Failed to find provider info for com.google.android.wearable.settings
05-17 09:27:56.972  3940  3940 E ActivityThread: Failed to find provider info for com.google.android.wearable.settings
05-17 09:27:56.980  3940  3940 E ActivityThread: Failed to find provider info for com.google.android.wearable.settings
05-17 09:27:56.987  3940  3940 E ActivityThread: Failed to find provider info for com.google.android.wearable.settings
05-17 09:27:56.995  3940  3940 E ActivityThread: Failed to find provider info for com.google.android.wearable.settings
05-17 09:27:57.005  3940  3940 E ActivityThread: Failed to find provider info for com.google.android.wearable.settings
05-17 09:27:57.014  3940  3940 E ActivityThread: Failed to find provider info for com.google.android.wearable.settings
05-17 09:27:57.022  3940  3940 E ActivityThread: Failed to find provider info for com.google.android.wearable.settings
05-17 09:27:57.031  3940  3940 E ActivityThread: Failed to find provider info for com.google.android.wearable.settings
05-17 09:27:57.039  3940  3940 E ActivityThread: Failed to find provider info for com.google.android.wearable.settings
05-17 09:27:57.050  3940  3940 E ActivityThread: Failed to find provider info for com.google.android.wearable.settings
05-17 09:27:57.059  3940  3940 E ActivityThread: Failed to find provider info for com.google.android.wearable.settings
05-17 09:27:57.068  3940  3940 E ActivityThread: Failed to find provider info for com.google.android.wearable.settings
05-17 09:27:57.082  3940  3940 E ActivityThread: Failed to find provider info for com.google.android.wearable.settings
05-17 09:27:57.093  3940  3940 E ActivityThread: Failed to find provider info for com.google.android.wearable.settings
05-17 09:27:57.102  3940  3940 E ActivityThread: Failed to find provider info for com.google.android.wearable.settings
05-17 09:27:57.111  3940  3940 E ActivityThread: Failed to find provider info for com.google.android.wearable.settings
05-17 09:27:57.119  3940  3940 E ActivityThread: Failed to find provider info for com.google.android.wearable.settings
05-17 09:27:57.128  3940  3940 E ActivityThread: Failed to find provider info for com.google.android.wearable.settings
05-17 09:27:57.136  3940  3940 E ActivityThread: Failed to find provider info for com.google.android.wearable.settings
05-17 09:27:57.144  3940  3940 E ActivityThread: Failed to find provider info for com.google.android.wearable.settings
05-17 09:27:57.152  3940  3940 E ActivityThread: Failed to find provider info for com.google.android.wearable.settings
05-17 09:27:57.159  3940  3940 E ActivityThread: Failed to find provider info for com.google.android.wearable.settings
05-17 09:27:57.166  3940  3940 E ActivityThread: Failed to find provider info for com.google.android.wearable.settings
05-17 09:27:57.173  3940  3940 E ActivityThread: Failed to find provider info for com.google.android.wearable.settings
05-17 09:27:57.182  3940  3940 E ActivityThread: Failed to find provider info for com.google.android.wearable.settings
05-17 09:27:57.191  3940  3940 E ActivityThread: Failed to find provider info for com.google.android.wearable.settings
05-17 09:27:57.200  3940  3940 E ActivityThread: Failed to find provider info for com.google.android.wearable.settings
05-17 09:27:57.208  3940  3940 E ActivityThread: Failed to find provider info for com.google.android.wearable.settings
05-17 09:27:57.218  3940  3940 E ActivityThread: Failed to find provider info for com.google.android.wearable.settings
05-17 09:27:57.227  3940  3940 E ActivityThread: Failed to find provider info for com.google.android.wearable.settings
05-17 09:27:57.238  3940  3940 E ActivityThread: Failed to find provider info for com.google.android.wearable.settings
05-17 09:27:57.247  3940  3940 E ActivityThread: Failed to find provider info for com.google.android.wearable.settings
05-17 09:27:57.255  3940  3940 E ActivityThread: Failed to find provider info for com.google.android.wearable.settings
05-17 09:27:57.262  3940  3940 E ActivityThread: Failed to find provider info for com.google.android.wearable.settings
05-17 09:27:57.270  3940  3940 E ActivityThread: Failed to find provider info for com.google.android.wearable.settings
05-17 09:27:57.281  3940  3940 E ActivityThread: Failed to find provider info for com.google.android.wearable.settings
05-17 09:27:57.288  3940  3940 E ActivityThread: Failed to find provider info for com.google.android.wearable.settings
05-17 09:27:57.295  3940  3940 E ActivityThread: Failed to find provider info for com.google.android.wearable.settings
05-17 09:27:57.302  3940  3940 E ActivityThread: Failed to find provider info for com.google.android.wearable.settings
05-17 09:27:57.317  3940  3940 E ActivityThread: Failed to find provider info for com.google.android.wearable.settings
05-17 09:27:57.329  3940  3940 E ActivityThread: Failed to find provider info for com.google.android.wearable.settings
05-17 09:27:57.338  3940  3940 E ActivityThread: Failed to find provider info for com.google.android.wearable.settings
05-17 09:27:57.346  3940  3940 E ActivityThread: Failed to find provider info for com.google.android.wearable.settings
05-17 09:27:57.353  3940  3940 E ActivityThread: Failed to find provider info for com.google.android.wearable.settings
05-17 09:27:57.361  3940  3940 E ActivityThread: Failed to find provider info for com.google.android.wearable.settings
05-17 09:27:57.369  3940  3940 E ActivityThread: Failed to find provider info for com.google.android.wearable.settings
