05-16 07:39:33.873: D/StrictMode(3737): 	at com.google.android.apps.gsa.nga.engine.at.c.a(Unknown Source:4)
05-16 07:39:33.873: D/StrictMode(3737): 	at com.google.android.apps.gsa.nga.shared.s.g.a(PG:1)
05-16 07:39:33.873: D/StrictMode(3737): 	at com.google.android.apps.gsa.nga.shared.s.k.a(PG:2)
05-16 07:39:33.873: D/StrictMode(3737): 	at com.google.android.libraries.gsa.k.a.j.call(PG:2)
05-16 07:39:33.873: D/StrictMode(3737): 	at java.util.concurrent.FutureTask.run(FutureTask.java:264)
05-16 07:39:33.873: D/StrictMode(3737): 	at com.google.common.util.concurrent.dq.run(PG:4)
05-16 07:39:33.873: D/StrictMode(3737): 	at com.google.android.libraries.i.af.run(PG:1)
05-16 07:39:33.873: D/StrictMode(3737): 	at com.google.android.libraries.i.an.run(PG:23)
05-16 07:39:33.873: D/StrictMode(3737): 	at com.google.android.libraries.i.l.run(PG:2)
05-16 07:39:33.873: D/StrictMode(3737): 	at com.google.android.libraries.i.q.run(PG:4)
05-16 07:39:33.873: D/StrictMode(3737): 	at java.lang.Thread.run(Thread.java:1012)
05-16 07:39:33.873: D/StrictMode(3737): StrictMode policy violation: android.os.strictmode.DiskReadViolation
05-16 07:39:33.873: D/StrictMode(3737): 	at android.os.StrictMode$AndroidBlockGuardPolicy.onReadFromDisk(StrictMode.java:1658)
05-16 07:39:33.873: D/StrictMode(3737): 	at libcore.io.BlockGuardOs.access(BlockGuardOs.java:74)
05-16 07:39:33.873: D/StrictMode(3737): 	at libcore.io.ForwardingOs.access(ForwardingOs.java:128)
05-16 07:39:33.873: D/StrictMode(3737): 	at android.app.ActivityThread$AndroidOs.access(ActivityThread.java:7749)
05-16 07:39:33.873: D/StrictMode(3737): 	at java.io.UnixFileSystem.checkAccess(UnixFileSystem.java:281)
05-16 07:39:33.873: D/StrictMode(3737): 	at java.io.File.exists(File.java:813)
05-16 07:39:33.873: D/StrictMode(3737): 	at android.app.ContextImpl.getDir(ContextImpl.java:2982)
05-16 07:39:33.873: D/StrictMode(3737): 	at android.content.ContextWrapper.getDir(ContextWrapper.java:347)
05-16 07:39:33.873: D/StrictMode(3737): 	at com.google.android.apps.gsa.nga.engine.recognition.l.a.an.a(PG:12)
05-16 07:39:33.873: D/StrictMode(3737): 	at com.google.android.apps.gsa.nga.engine.recognition.l.a.aj.a(PG:69)
05-16 07:39:33.873: D/StrictMode(3737): 	at com.google.android.apps.gsa.nga.engine.recognition.l.a.az.gC(PG:2)
05-16 07:39:33.873: D/StrictMode(3737): 	at com.google.android.apps.gsa.nga.engine.v.f.a(PG:4)
05-16 07:39:33.873: D/StrictMode(3737): 	at com.google.android.apps.gsa.nga.engine.v.f.S(PG:1)
05-16 07:39:33.873: D/StrictMode(3737): 	at com.google.android.apps.gsa.nga.engine.v.o.W(PG:2)
05-16 07:39:33.873: D/StrictMode(3737): 	at com.google.android.apps.gsa.nga.engine.recognition.l.a.az.H(PG:2)
05-16 07:39:33.873: D/StrictMode(3737): 	at com.google.android.apps.gsa.nga.engine.at.c.a(Unknown Source:4)
05-16 07:39:33.873: D/StrictMode(3737): 	at com.google.android.apps.gsa.nga.shared.s.g.a(PG:1)
05-16 07:39:33.873: D/StrictMode(3737): 	at com.google.android.apps.gsa.nga.shared.s.k.a(PG:2)
05-16 07:39:33.873: D/StrictMode(3737): 	at com.google.android.libraries.gsa.k.a.j.call(PG:2)
05-16 07:39:33.873: D/StrictMode(3737): 	at java.util.concurrent.FutureTask.run(FutureTask.java:264)
05-16 07:39:33.873: D/StrictMode(3737): 	at com.google.common.util.concurrent.dq.run(PG:4)
05-16 07:39:33.873: D/StrictMode(3737): 	at com.google.android.libraries.i.af.run(PG:1)
05-16 07:39:33.873: D/StrictMode(3737): 	at com.google.android.libraries.i.an.run(PG:23)
05-16 07:39:33.873: D/StrictMode(3737): 	at com.google.android.libraries.i.l.run(PG:2)
05-16 07:39:33.873: D/StrictMode(3737): 	at com.google.android.libraries.i.q.run(PG:4)
05-16 07:39:33.873: D/StrictMode(3737): 	at java.lang.Thread.run(Thread.java:1012)
05-16 07:39:33.873: D/StrictMode(3737): StrictMode policy violation: android.os.strictmode.DiskReadViolation
05-16 07:39:33.873: D/StrictMode(3737): 	at android.os.StrictMode$AndroidBlockGuardPolicy.onReadFromDisk(StrictMode.java:1658)
05-16 07:39:33.873: D/StrictMode(3737): 	at libcore.io.BlockGuardOs.access(BlockGuardOs.java:74)
05-16 07:39:33.873: D/StrictMode(3737): 	at libcore.io.ForwardingOs.access(ForwardingOs.java:128)
05-16 07:39:33.873: D/StrictMode(3737): 	at android.app.ActivityThread$AndroidOs.access(ActivityThread.java:7749)
05-16 07:39:33.873: D/StrictMode(3737): 	at java.io.UnixFileSystem.checkAccess(UnixFileSystem.java:281)
05-16 07:39:33.873: D/StrictMode(3737): 	at java.io.File.exists(File.java:813)
05-16 07:39:33.873: D/StrictMode(3737): 	at com.google.android.apps.gsa.nga.engine.recognition.l.a.an.d(PG:1)
05-16 07:39:33.873: D/StrictMode(3737): 	at com.google.android.apps.gsa.nga.engine.recognition.l.a.an.a(PG:13)
05-16 07:39:33.873: D/StrictMode(3737): 	at com.google.android.apps.gsa.nga.engine.recognition.l.a.aj.a(PG:69)
05-16 07:39:33.873: D/StrictMode(3737): 	at com.google.android.apps.gsa.nga.engine.recognition.l.a.az.gC(PG:2)
05-16 07:39:33.873: D/StrictMode(3737): 	at com.google.android.apps.gsa.nga.engine.v.f.a(PG:4)
05-16 07:39:33.873: D/StrictMode(3737): 	at com.google.android.apps.gsa.nga.engine.v.f.S(PG:1)
05-16 07:39:33.873: D/StrictMode(3737): 	at com.google.android.apps.gsa.nga.engine.v.o.W(PG:2)
05-16 07:39:33.873: D/StrictMode(3737): 	at com.google.android.apps.gsa.nga.engine.recognition.l.a.az.H(PG:2)
05-16 07:39:33.873: D/StrictMode(3737): 	at com.google.android.apps.gsa.nga.engine.at.c.a(Unknown Source:4)
05-16 07:39:33.873: D/StrictMode(3737): 	at com.google.android.apps.gsa.nga.shared.s.g.a(PG:1)
05-16 07:39:33.873: D/StrictMode(3737): 	at com.google.android.apps.gsa.nga.shared.s.k.a(PG:2)
05-16 07:39:33.873: D/StrictMode(3737): 	at com.google.android.libraries.gsa.k.a.j.call(PG:2)
05-16 07:39:33.873: D/StrictMode(3737): 	at java.util.concurrent.FutureTask.run(FutureTask.java:264)
05-16 07:39:33.873: D/StrictMode(3737): 	at com.google.common.util.concurrent.dq.run(PG:4)
05-16 07:39:33.873: D/StrictMode(3737): 	at com.google.android.libraries.i.af.run(PG:1)
05-16 07:39:33.873: D/StrictMode(3737): 	at com.google.android.libraries.i.an.run(PG:23)
05-16 07:39:33.873: D/StrictMode(3737): 	at com.google.android.libraries.i.l.run(PG:2)
05-16 07:39:33.873: D/StrictMode(3737): 	at com.google.android.libraries.i.q.run(PG:4)
05-16 07:39:33.873: D/StrictMode(3737): 	at java.lang.Thread.run(Thread.java:1012)
05-16 07:39:33.873: W/A(3737): SODA model not found in g3_models for en-US
05-16 07:39:33.873: D/StrictMode(3737): StrictMode policy violation: android.os.strictmode.DiskReadViolation
05-16 07:39:33.873: D/StrictMode(3737): 	at android.os.StrictMode$AndroidBlockGuardPolicy.onReadFromDisk(StrictMode.java:1658)
05-16 07:39:33.873: D/StrictMode(3737): 	at libcore.io.BlockGuardOs.access(BlockGuardOs.java:74)
05-16 07:39:33.873: D/StrictMode(3737): 	at libcore.io.ForwardingOs.access(ForwardingOs.java:128)
05-16 07:39:33.873: D/StrictMode(3737): 	at android.app.ActivityThread$AndroidOs.access(ActivityThread.java:7749)
05-16 07:39:33.873: D/StrictMode(3737): 	at java.io.UnixFileSystem.checkAccess(UnixFileSystem.java:281)
05-16 07:39:33.873: D/StrictMode(3737): 	at java.io.File.exists(File.java:813)
05-16 07:39:33.873: D/StrictMode(3737): 	at com.google.android.apps.gsa.nga.engine.recognition.l.a.an.d(PG:1)
05-16 07:39:33.873: D/StrictMode(3737): 	at com.google.android.apps.gsa.nga.engine.recognition.l.a.an.a(PG:17)
05-16 07:39:33.873: D/StrictMode(3737): 	at com.google.android.apps.gsa.nga.engine.recognition.l.a.aj.a(PG:69)
05-16 07:39:33.873: D/StrictMode(3737): 	at com.google.android.apps.gsa.nga.engine.recognition.l.a.az.gC(PG:2)
05-16 07:39:33.873: D/StrictMode(3737): 	at com.google.android.apps.gsa.nga.engine.v.f.a(PG:4)
05-16 07:39:33.873: D/StrictMode(3737): 	at com.google.android.apps.gsa.nga.engine.v.f.S(PG:1)
05-16 07:39:33.873: D/StrictMode(3737): 	at com.google.android.apps.gsa.nga.engine.v.o.W(PG:2)
05-16 07:39:33.873: D/StrictMode(3737): 	at com.google.android.apps.gsa.nga.engine.recognition.l.a.az.H(PG:2)
05-16 07:39:33.873: D/StrictMode(3737): 	at com.google.android.apps.gsa.nga.engine.at.c.a(Unknown Source:4)
05-16 07:39:33.873: D/StrictMode(3737): 	at com.google.android.apps.gsa.nga.shared.s.g.a(PG:1)
05-16 07:39:33.873: D/StrictMode(3737): 	at com.google.android.apps.gsa.nga.shared.s.k.a(PG:2)
05-16 07:39:33.873: D/StrictMode(3737): 	at com.google.android.libraries.gsa.k.a.j.call(PG:2)
05-16 07:39:33.873: D/StrictMode(3737): 	at java.util.concurrent.FutureTask.run(FutureTask.java:264)
05-16 07:39:33.873: D/StrictMode(3737): 	at com.google.common.util.concurrent.dq.run(PG:4)
05-16 07:39:33.873: D/StrictMode(3737): 	at com.google.android.libraries.i.af.run(PG:1)
05-16 07:39:33.873: D/StrictMode(3737): 	at com.google.android.libraries.i.an.run(PG:23)
05-16 07:39:33.873: D/StrictMode(3737): 	at com.google.android.libraries.i.l.run(PG:2)
05-16 07:39:33.873: D/StrictMode(3737): 	at com.google.android.libraries.i.q.run(PG:4)
05-16 07:39:33.873: D/StrictMode(3737): 	at java.lang.Thread.run(Thread.java:1012)
05-16 07:39:33.874: W/A(3737): SODA model not found in system image (/system/usr/srec) for en-US
05-16 07:39:33.874: D/StrictMode(3737): StrictMode policy violation: android.os.strictmode.DiskReadViolation
05-16 07:39:33.874: D/StrictMode(3737): 	at android.os.StrictMode$AndroidBlockGuardPolicy.onReadFromDisk(StrictMode.java:1658)
05-16 07:39:33.874: D/StrictMode(3737): 	at java.io.UnixFileSystem.getBooleanAttributes(UnixFileSystem.java:250)
05-16 07:39:33.874: D/StrictMode(3737): 	at java.io.File.isDirectory(File.java:843)
05-16 07:39:33.874: D/StrictMode(3737): 	at com.google.android.apps.gsa.nga.engine.recognition.l.a.an.d(PG:1)
05-16 07:39:33.874: D/StrictMode(3737): 	at com.google.android.apps.gsa.nga.engine.recognition.l.a.an.a(PG:17)
05-16 07:39:33.874: D/StrictMode(3737): 	at com.google.android.apps.gsa.nga.engine.recognition.l.a.aj.a(PG:69)
05-16 07:39:33.874: D/StrictMode(3737): 	at com.google.android.apps.gsa.nga.engine.recognition.l.a.az.gC(PG:2)
05-16 07:39:33.874: D/StrictMode(3737): 	at com.google.android.apps.gsa.nga.engine.v.f.a(PG:4)
05-16 07:39:33.874: D/StrictMode(3737): 	at com.google.android.apps.gsa.nga.engine.v.f.S(PG:1)
05-16 07:39:33.874: D/StrictMode(3737): 	at com.google.android.apps.gsa.nga.engine.v.o.W(PG:2)
05-16 07:39:33.874: D/StrictMode(3737): 	at com.google.android.apps.gsa.nga.engine.recognition.l.a.az.H(PG:2)
05-16 07:39:33.874: D/StrictMode(3737): 	at com.google.android.apps.gsa.nga.engine.at.c.a(Unknown Source:4)
05-16 07:39:33.874: D/StrictMode(3737): 	at com.google.android.apps.gsa.nga.shared.s.g.a(PG:1)
05-16 07:39:33.874: D/StrictMode(3737): 	at com.google.android.apps.gsa.nga.shared.s.k.a(PG:2)
05-16 07:39:33.874: D/StrictMode(3737): 	at com.google.android.libraries.gsa.k.a.j.call(PG:2)
05-16 07:39:33.874: D/StrictMode(3737): 	at java.util.concurrent.FutureTask.run(FutureTask.java:264)
05-16 07:39:33.874: D/StrictMode(3737): 	at com.google.common.util.concurrent.dq.run(PG:4)
05-16 07:39:33.874: D/StrictMode(3737): 	at com.google.android.libraries.i.af.run(PG:1)
05-16 07:39:33.874: D/StrictMode(3737): 	at com.google.android.libraries.i.an.run(PG:23)
05-16 07:39:33.874: D/StrictMode(3737): 	at com.google.android.libraries.i.l.run(PG:2)
05-16 07:39:33.874: D/StrictMode(3737): 	at com.google.android.libraries.i.q.run(PG:4)
05-16 07:39:33.874: D/StrictMode(3737): 	at java.lang.Thread.run(Thread.java:1012)
05-16 07:39:33.874: D/StrictMode(3737): StrictMode policy violation: android.os.strictmode.DiskReadViolation
05-16 07:39:33.874: D/StrictMode(3737): 	at android.os.StrictMode$AndroidBlockGuardPolicy.onReadFromDisk(StrictMode.java:1658)
05-16 07:39:33.874: D/StrictMode(3737): 	at java.io.UnixFileSystem.list(UnixFileSystem.java:344)
05-16 07:39:33.874: D/StrictMode(3737): 	at java.io.File.list(File.java:1129)
05-16 07:39:33.874: D/StrictMode(3737): 	at java.io.File.listFiles(File.java:1214)
05-16 07:39:33.874: D/StrictMode(3737): 	at com.google.android.apps.gsa.nga.engine.recognition.l.a.an.d(PG:2)
05-16 07:39:33.874: D/StrictMode(3737): 	at com.google.android.apps.gsa.nga.engine.recognition.l.a.an.a(PG:17)
05-16 07:39:33.874: D/StrictMode(3737): 	at com.google.android.apps.gsa.nga.engine.recognition.l.a.aj.a(PG:69)
05-16 07:39:33.874: D/StrictMode(3737): 	at com.google.android.apps.gsa.nga.engine.recognition.l.a.az.gC(PG:2)
05-16 07:39:33.874: D/StrictMode(3737): 	at com.google.android.apps.gsa.nga.engine.v.f.a(PG:4)
05-16 07:39:33.874: D/StrictMode(3737): 	at com.google.android.apps.gsa.nga.engine.v.f.S(PG:1)
05-16 07:39:33.874: D/StrictMode(3737): 	at com.google.android.apps.gsa.nga.engine.v.o.W(PG:2)
05-16 07:39:33.874: D/StrictMode(3737): 	at com.google.android.apps.gsa.nga.engine.recognition.l.a.az.H(PG:2)
05-16 07:39:33.874: D/StrictMode(3737): 	at com.google.android.apps.gsa.nga.engine.at.c.a(Unknown Source:4)
05-16 07:39:33.874: D/StrictMode(3737): 	at com.google.android.apps.gsa.nga.shared.s.g.a(PG:1)
05-16 07:39:33.874: D/StrictMode(3737): 	at com.google.android.apps.gsa.nga.shared.s.k.a(PG:2)
05-16 07:39:33.874: D/StrictMode(3737): 	at com.google.android.libraries.gsa.k.a.j.call(PG:2)
05-16 07:39:33.874: D/StrictMode(3737): 	at java.util.concurrent.FutureTask.run(FutureTask.java:264)
05-16 07:39:33.874: D/StrictMode(3737): 	at com.google.common.util.concurrent.dq.run(PG:4)
05-16 07:39:33.874: D/StrictMode(3737): 	at com.google.android.libraries.i.af.run(PG:1)
05-16 07:39:33.874: D/StrictMode(3737): 	at com.google.android.libraries.i.an.run(PG:23)
05-16 07:39:33.874: D/StrictMode(3737): 	at com.google.android.libraries.i.l.run(PG:2)
05-16 07:39:33.874: D/StrictMode(3737): 	at com.google.android.libraries.i.q.run(PG:4)
05-16 07:39:33.874: D/StrictMode(3737): 	at java.lang.Thread.run(Thread.java:1012)
05-16 07:39:33.874: I/A(3737): Found LP metadata file: /product/usr/srec/en-US/metadata
05-16 07:39:33.874: I/A(3737): SODA model found in system image (/product/usr/srec) for en-US
05-16 07:39:33.874: D/StrictMode(3737): StrictMode policy violation: android.os.strictmode.DiskReadViolation
05-16 07:39:33.874: D/StrictMode(3737): 	at android.os.StrictMode$AndroidBlockGuardPolicy.onReadFromDisk(StrictMode.java:1658)
05-16 07:39:33.874: D/StrictMode(3737): 	at libcore.io.BlockGuardOs.access(BlockGuardOs.java:74)
05-16 07:39:33.874: D/StrictMode(3737): 	at libcore.io.ForwardingOs.access(ForwardingOs.java:128)
05-16 07:39:33.874: D/StrictMode(3737): 	at android.app.ActivityThread$AndroidOs.access(ActivityThread.java:7749)
05-16 07:39:33.874: D/StrictMode(3737): 	at java.io.UnixFileSystem.checkAccess(UnixFileSystem.java:281)
05-16 07:39:33.874: D/StrictMode(3737): 	at java.io.File.exists(File.java:813)
05-16 07:39:33.874: D/StrictMode(3737): 	at android.app.ContextImpl.ensurePrivateDirExists(ContextImpl.java:759)
05-16 07:39:33.874: D/StrictMode(3737): 	at android.app.ContextImpl.ensurePrivateCacheDirExists(ContextImpl.java:755)
05-16 07:39:33.874: D/StrictMode(3737): 	at android.app.ContextImpl.getCacheDir(ContextImpl.java:866)
05-16 07:39:33.874: D/StrictMode(3737): 	at android.content.ContextWrapper.getCacheDir(ContextWrapper.java:322)
05-16 07:39:33.874: D/StrictMode(3737): 	at com.google.android.apps.gsa.nga.engine.recognition.l.a.an.b(PG:2)
05-16 07:39:33.874: D/StrictMode(3737): 	at com.google.android.apps.gsa.nga.engine.recognition.l.a.aj.a(PG:132)
05-16 07:39:33.874: D/StrictMode(3737): 	at com.google.android.apps.gsa.nga.engine.recognition.l.a.az.gC(PG:2)
05-16 07:39:33.874: D/StrictMode(3737): 	at com.google.android.apps.gsa.nga.engine.v.f.a(PG:4)
05-16 07:39:33.874: D/StrictMode(3737): 	at com.google.android.apps.gsa.nga.engine.v.f.S(PG:1)
05-16 07:39:33.874: D/StrictMode(3737): 	at com.google.android.apps.gsa.nga.engine.v.o.W(PG:2)
05-16 07:39:33.874: D/StrictMode(3737): 	at com.google.android.apps.gsa.nga.engine.recognition.l.a.az.H(PG:2)
05-16 07:39:33.874: D/StrictMode(3737): 	at com.google.android.apps.gsa.nga.engine.at.c.a(Unknown Source:4)
05-16 07:39:33.874: D/StrictMode(3737): 	at com.google.android.apps.gsa.nga.shared.s.g.a(PG:1)
05-16 07:39:33.874: D/StrictMode(3737): 	at com.google.android.apps.gsa.nga.shared.s.k.a(PG:2)
05-16 07:39:33.874: D/StrictMode(3737): 	at com.google.android.libraries.gsa.k.a.j.call(PG:2)
05-16 07:39:33.874: D/StrictMode(3737): 	at java.util.concurrent.FutureTask.run(FutureTask.java:264)
05-16 07:39:33.874: D/StrictMode(3737): 	at com.google.common.util.concurrent.dq.run(PG:4)
05-16 07:39:33.874: D/StrictMode(3737): 	at com.google.android.libraries.i.af.run(PG:1)
05-16 07:39:33.874: D/StrictMode(3737): 	at com.google.android.libraries.i.an.run(PG:23)
05-16 07:39:33.874: D/StrictMode(3737): 	at com.google.android.libraries.i.l.run(PG:2)
05-16 07:39:33.874: D/StrictMode(3737): 	at com.google.android.libraries.i.q.run(PG:4)
05-16 07:39:33.874: D/StrictMode(3737): 	at java.lang.Thread.run(Thread.java:1012)
05-16 07:39:33.876: W/ImageReader_JNI(1495): Unable to acquire a buffer item, very likely client tried to acquire more than maxImages buffers
05-16 07:39:33.879: V/WindowManagerShell(2674): Display changed: 0
05-16 07:39:33.884: W/GoogleInputMethodService(11662): GoogleInputMethodService.onConfigurationChanged():1606 onConfigurationChanged() : NewConfig = {1.0 ?mcc?mnc [en] ldltr sw411dp w411dp h830dp 420dpi nrml long hdr widecg port night finger -keyb/v/h -nav/h winConfig={ mBounds=Rect(0, 0 - 1080, 2340) mAppBounds=Rect(0, 98 - 1080, 2277) mMaxBounds=Rect(0, 0 - 1080, 2340) mDisplayRotation=ROTATION_0 mWindowingMode=fullscreen mDisplayWindowingMode=fullscreen mActivityType=undefined mAlwaysOnTop=undefined mRotation=ROTATION_0} as.15 s.220 fontWeightAdjustment=0}
05-16 07:39:33.885: I/DeviceModeUtil(11662): DeviceModeUtil.getDeviceMode():117 Get device mode phone by ui mode:1 and smallestScreenWidthDp:411
05-16 07:39:33.886: I/NormalModeController(11662): NormalModeController.getKeyboardBodyViewHolderPaddingBottom():111 currentPrimeKeyboardType:SOFT systemPaddingBottom:21
05-16 07:39:33.888: D/ChangeLocale(16727): Instrumentation completed successfully
05-16 07:39:33.888: I/SsidTranslator(1495): Locale language changed to en, alternate charset is now null
05-16 07:39:33.889: I/AiAiMatchmaker(3659): Locale changed: en-us -> en
05-16 07:39:33.889: D/CompatibilityChangeReporter(1495): Compat change id reported: 135634846; UID 10099; state: DISABLED
05-16 07:39:33.889: D/CompatibilityChangeReporter(1495): Compat change id reported: 177438394; UID 10099; state: DISABLED
05-16 07:39:33.890: D/CompatibilityChangeReporter(1495): Compat change id reported: 135772972; UID 10099; state: DISABLED
05-16 07:39:33.890: D/CompatibilityChangeReporter(1495): Compat change id reported: 135754954; UID 10099; state: ENABLED
05-16 07:39:33.890: D/LoaderTask(3132): loadWorkspace: loading default favorites
05-16 07:39:33.890: D/CompatibilityChangeReporter(1495): Compat change id reported: 143937733; UID 10099; state: ENABLED
05-16 07:39:33.891: I/ActivityThread(3132): Schedule relaunch activity: com.google.android.apps.nexuslauncher.NexusLauncherActivity
05-16 07:39:33.894: I/ActivityManager(1495): Force stopping com.google.android.apps.mtaas.tools appid=10247 user=0: finished inst
05-16 07:39:33.894: D/OneSearchSuggestProvider(3132): Shut down the binder channel
05-16 07:39:33.895: I/ActivityManager(1495): Killing 16727:com.google.android.apps.mtaas.tools/u0a247 (adj 0): stop com.google.android.apps.mtaas.tools due to finished inst
05-16 07:39:33.901: I/libprocessgroup(1495): Successfully killed process cgroup uid 10247 pid 16727 in 0ms
05-16 07:39:33.902: I/s.nexuslauncher(3132): oneway function results for code 2 on binder at 0xb4000077ace48f30 will be dropped but finished with status UNKNOWN_TRANSACTION
05-16 07:39:33.907: D/SearchUiPerUserService(1495): Removing all callbacks for session Id=com.google.android.apps.nexuslauncher:4570d650-6329-4579-aca4-446324afa35b,0 and 0 callbacks.
05-16 07:39:33.909: I/GsaVoiceInteractionSrv(3737): Handling ACTION_STOP_HOTWORD
05-16 07:39:33.912: I/A(10908): Trying to enqueue PieTriggeringWorker
05-16 07:39:33.913: D/CoreBackPreview(1495): Window{dec2969 u0 pip-dismiss-overlay}: Setting back callback OnBackInvokedCallbackInfo{mCallback=android.window.IOnBackInvokedCallback$Stub$Proxy@1143c8f, mPriority=0}
05-16 07:39:33.914: W/OnBackInvokedCallback(3132): OnBackInvokedCallback is not enabled for the application.
05-16 07:39:33.914: W/OnBackInvokedCallback(3132): Set 'android:enableOnBackInvokedCallback="true"' in the application manifest.
05-16 07:39:33.915: I/Telephony(2974): Locale change; re-registering phone accounts.
05-16 07:39:33.915: I/app_process(16711): System.exit called, status: 0
05-16 07:39:33.915: I/AndroidRuntime(16711): VM exiting with result code 0.
05-16 07:39:33.915: I/Telephony(2974): PstnIncomingCallNotifier: Unregistering: [0]
05-16 07:39:33.915: D/Telephony(2974): Unregistering: Handler (com.android.internal.telephony.GsmCdmaPhone) {fd28b16}
05-16 07:39:33.916: D/UsbDeviceManager(1495): Clear notification
05-16 07:39:33.916: I/Telephony(2974): TelecomAccountRegistry: setupAccounts: Found 2 phones.  Attempting to register.
05-16 07:39:33.916: I/Telephony(2974): TelecomAccountRegistry: setupAccounts: Phone with subscription id -1
05-16 07:39:33.916: D/Telephony(2974): TelecomAccountRegistry: setupAccounts: skipping invalid subid -1
05-16 07:39:33.917: I/Telephony(2974): TelecomAccountRegistry: setupAccounts: Phone with subscription id -1
05-16 07:39:33.917: D/Telephony(2974): TelecomAccountRegistry: setupAccounts: skipping invalid subid -1
05-16 07:39:33.917: I/Telephony(2974): setupAccounts: adding default
05-16 07:39:33.917: D/UsbDeviceManager(1495): push notification:Charging this device via USB
05-16 07:39:33.918: D/Telephony(2974): isEmergencyPreferredAccount: subId=-1, activeData=-1
05-16 07:39:33.918: D/Telephony(2974): isEmergencyPreferredAccount: Device does not require preference.
05-16 07:39:33.918: I/Telephony(2974): isRttCurrentlySupported -- emergency acct and not supported in this country: 
05-16 07:39:33.921: D/SearchConfig(3132): Enable One Search if AGA is 13.11+.
05-16 07:39:33.921: W/Bugle(12379): SubscriptionUtilsAsOfQ: subscriberId is empty. Does TelephonyManager have necessary permissions?
05-16 07:39:33.922: D/LockscreenSmartspaceController(2674): Ending smartspace session for lockscreen
05-16 07:39:33.923: I/AiAiEcho(3659): EchoSearch: AppFetcherImpl is initialized with [24] apps [time=29, reason=device locale is changed.]
05-16 07:39:33.924: I/AiAiTextClassifier(3659): Locale changed, triggering a sync of Webref model
05-16 07:39:33.925: W/AlarmManager(2674): Unrecognized alarm listener com.google.android.systemui.smartspace.KeyguardZenAlarmViewController$showNextAlarm$1@51a31a4
05-16 07:39:33.925: I/AiAiTextClassifier(3659): Syncing webref with url: https://gstatic.com/webref-ondevice/aiai/23050201_pir/2/en/superpacks_manifest.zip, version 23050201
05-16 07:39:33.925: W/AlarmManager(2674): Unrecognized alarm listener com.google.android.systemui.smartspace.KeyguardZenAlarmViewController$showNextAlarm$1@51a31a4
05-16 07:39:33.925: I/Telecom(1495): PhoneAccountRegistrar: Modify account: [ComponentInfo{com.android.phone/com.android.services.telephony.TelephonyConnectionService}, E, UserHandle{0}]: TSI.rPA@AgA
05-16 07:39:33.926: I/Telecom(1495): CallsManager: handlePhoneAccountChanged: phoneAccount=[[X] PhoneAccount: ComponentInfo{com.android.phone/com.android.services.telephony.TelephonyConnectionService}, E, UserHandle{0} Capabilities: CallProvider MultiUser PlaceEmerg SimSub  Audio Routes: BESW Schemes: tel voicemail  Extras: Bundle[{android.telecom.extra.SUPPORTS_VIDEO_CALLING_FALLBACK=true}] GroupId: ***]: TSI.rPA@AgA
05-16 07:39:33.926: D/Zygote(810): Forked child process 16760
05-16 07:39:33.927: I/SP.Model.AiAi(3659): Setting manifest to https://gstatic.com/webref-ondevice/aiai/23050201_pir/2/en/superpacks_manifest.zip.23050201 and syncing
05-16 07:39:33.927: I/AiAiTextClassifier(3659): Location is not available in Webref slicing strategy
05-16 07:39:33.927: I/ActivityManager(1495): Start proc 16760:com.android.carrierdefaultapp/u0a99 for broadcast {com.android.carrierdefaultapp/com.android.carrierdefaultapp.CarrierDefaultBroadcastReceiver}
05-16 07:39:33.928: I/SP.AiAi(3659): Registering webref-2-en.23050201, url: https://gstatic.com/webref-ondevice/aiai/23050201_pir/2/en/superpacks_manifest.zip, constraints: W:b:u:l, flags: *, requested: 23050201, current: -1
05-16 07:39:33.928: I/A(3737): eventData = # com.google.android.apps.gsa.search.shared.service.b.us@e82e51e2
05-16 07:39:33.928: I/A(3737): [255935327] {
05-16 07:39:33.928: I/A(3737): }
05-16 07:39:33.929: I/Telecom(1495): PhoneAccountRegistrar: getSimCallManager: SimCallManager for subId -1 queried, returning: null: TSI.rPA@AgA
05-16 07:39:33.929: I/Telecom(1495): PhoneAccountRegistrar: Notifying telephony of voice service override change for 1 SIMs, hasService = false: TSI.rPA@AgA
05-16 07:39:33.929: I/AiAiEcho(3659): Predicting[8]: { Feature:WEATHER, creation:2023-05-16T14:21:34Z, expiry:2023-05-16T15:00:00Z, isExpired: false}, { Feature:WEATHER, creation:2023-05-16T15:00:00Z, expiry:2023-05-16T16:00:00Z, isExpired: true}, { Feature:WEATHER, creation:2023-05-16T16:00:00Z, expiry:2023-05-16T17:00:00Z, isExpired: true}, { Feature:WEATHER, creation:2023-05-16T17:00:00Z, expiry:2023-05-16T18:00:00Z, isExpired: true}, { Feature:WEATHER, creation:2023-05-16T18:00:00Z, expiry:2023-05-16T19:00:00Z, isExpired: true}, { Feature:WEATHER, creation:2023-05-16T19:00:00Z, expiry:2023-05-16T20:00:00Z, isExpired: true}, { Feature:WEATHER, creation:2023-05-16T20:00:00Z, expiry:2023-05-16T20:21:34Z, isExpired: true}, { Feature:TIPS, creation:2023-05-16T14:36:04.811Z, expiry:2023-05-19T14:36:04.601Z, isExpired: false}
05-16 07:39:33.930: I/Telephony(2974): AccountEntry: Registered phoneAccount: [[ ] PhoneAccount: ComponentInfo{com.android.phone/com.android.services.telephony.TelephonyConnectionService}, E, UserHandle{0} Capabilities: CallProvider MultiUser PlaceEmerg SimSub  Audio Routes: BESW Schemes: tel voicemail  Extras: Bundle[{android.telecom.extra.SUPPORTS_VIDEO_CALLING_FALLBACK=true}] GroupId: ***] with handle: ComponentInfo{com.android.phone/com.android.services.telephony.TelephonyConnectionService}, E, UserHandle{0}
05-16 07:39:33.931: I/Telephony(2974): PstnIncomingCallNotifier: Registering: [0]
05-16 07:39:33.931: D/Telephony(2974): Registering: Handler (com.android.internal.telephony.GsmCdmaPhone) {fd28b16}
05-16 07:39:33.931: I/AiAiEcho(3659): Ranked targets strategy: WEIGHTED, count: 2, ranking metadata: { cardId: TIPS-2029576961, card type: TIPS, update time: 2023-05-16T14:36:04.811Z, expiration time: 2023-05-19T14:36:04.601Z, ranking metadata: RankingMetaData(urgency=0.992, priority=1.0, recency=1.0, rankScore=0.992, importantTimePoints=# krk@7bca4) }, { cardId: WEATHER-569377243, card type: WEATHER, update time: 2023-05-16T14:21:34Z, expiration time: 2023-05-16T15:00:00Z, ranking metadata: RankingMetaData(urgency=0.901, priority=0.3, recency=0.8, rankScore=0.27030003, importantTimePoints=# krk@7bca4) }
05-16 07:39:33.932: I/A(3737): Logging success flow
05-16 07:39:33.934: I/AiAiEcho(3659): #postPredictionTargets: Sending updates to UISurface home with targets# 1
05-16 07:39:33.934: I/DeviceModeUtil(11662): DeviceModeUtil.getDeviceMode():117 Get device mode phone by ui mode:1 and smallestScreenWidthDp:411
05-16 07:39:33.934: I/DeviceModeUtil(11662): DeviceModeUtil.getDeviceMode():117 Get device mode phone by ui mode:1 and smallestScreenWidthDp:411
05-16 07:39:33.935: I/DeviceModeUtil(11662): DeviceModeUtil.getDeviceMode():117 Get device mode phone by ui mode:1 and smallestScreenWidthDp:411
05-16 07:39:33.935: I/DeviceModeUtil(11662): DeviceModeUtil.getDeviceMode():117 Get device mode phone by ui mode:1 and smallestScreenWidthDp:411
05-16 07:39:33.935: I/GoogleInputMethodService(11662): GoogleInputMethodService.initializeKeyboardTheme():1396 Apply keyboard theme: theme_border_bottom4dp_stylesheet_noshadow_pgsans_pillkey_silkpopup_phone_overlay_builtin_dynamic_color_dark_base.binarypb:dynamic-dark-ff201a1a-ffffdad7-c7a52bf6d9612fb27f05625a14e774d1_port
05-16 07:39:33.937: V/ActivityManager(1495): Got obituary of 16727:com.google.android.apps.mtaas.tools
05-16 07:39:33.937: I/Zygote(810): Process 16727 exited due to signal 9 (Killed)
05-16 07:39:33.937: E/rrierdefaultapp(16760): Not starting debugger since process cannot load the jdwp agent.
05-16 07:39:33.938: D/LockscreenSmartspaceController(2674): Starting smartspace session for lockscreen
05-16 07:39:33.941: I/AiAiEcho(3659): Predicting[8]: { Feature:WEATHER, creation:2023-05-16T14:21:34Z, expiry:2023-05-16T15:00:00Z, isExpired: false}, { Feature:WEATHER, creation:2023-05-16T15:00:00Z, expiry:2023-05-16T16:00:00Z, isExpired: true}, { Feature:WEATHER, creation:2023-05-16T16:00:00Z, expiry:2023-05-16T17:00:00Z, isExpired: true}, { Feature:WEATHER, creation:2023-05-16T17:00:00Z, expiry:2023-05-16T18:00:00Z, isExpired: true}, { Feature:WEATHER, creation:2023-05-16T18:00:00Z, expiry:2023-05-16T19:00:00Z, isExpired: true}, { Feature:WEATHER, creation:2023-05-16T19:00:00Z, expiry:2023-05-16T20:00:00Z, isExpired: true}, { Feature:WEATHER, creation:2023-05-16T20:00:00Z, expiry:2023-05-16T20:21:34Z, isExpired: true}, { Feature:TIPS, creation:2023-05-16T14:36:04.811Z, expiry:2023-05-19T14:36:04.601Z, isExpired: false}
05-16 07:39:33.942: D/IwlanNetworkServiceHandler(3249): msg.what = EVENT_NETWORK_REGISTRATION_INFO_REQUEST
05-16 07:39:33.943: I/AiAiEcho(3659): Ranked targets strategy: WEIGHTED, count: 2, ranking metadata: { cardId: TIPS-2029576961, card type: TIPS, update time: 2023-05-16T14:36:04.811Z, expiration time: 2023-05-19T14:36:04.601Z, ranking metadata: RankingMetaData(urgency=0.992, priority=1.0, recency=1.0, rankScore=0.992, importantTimePoints=# krk@7bca4) }, { cardId: WEATHER-569377243, card type: WEATHER, update time: 2023-05-16T14:21:34Z, expiration time: 2023-05-16T15:00:00Z, ranking metadata: RankingMetaData(urgency=0.901, priority=0.3, recency=0.8, rankScore=0.27030003, importantTimePoints=# krk@7bca4) }
05-16 07:39:33.944: D/IwlanNetworkServiceHandler(3249): reg state REGISTRATION_STATE_HOME
05-16 07:39:33.944: D/IwlanNetworkServiceHandler(3249): msg.what = EVENT_NETWORK_REGISTRATION_INFO_REQUEST
05-16 07:39:33.944: D/IwlanNetworkServiceHandler(3249): reg state REGISTRATION_STATE_HOME
05-16 07:39:33.945: I/SP.AiAi(3659): Scheduling job with delay of 0s for {W:b:I:l, bg}, 1 candidates
05-16 07:39:33.947: I/AiAiEcho(3659): Predicting[8]: { Feature:WEATHER, creation:2023-05-16T14:21:34Z, expiry:2023-05-16T15:00:00Z, isExpired: false}, { Feature:WEATHER, creation:2023-05-16T15:00:00Z, expiry:2023-05-16T16:00:00Z, isExpired: true}, { Feature:WEATHER, creation:2023-05-16T16:00:00Z, expiry:2023-05-16T17:00:00Z, isExpired: true}, { Feature:WEATHER, creation:2023-05-16T17:00:00Z, expiry:2023-05-16T18:00:00Z, isExpired: true}, { Feature:WEATHER, creation:2023-05-16T18:00:00Z, expiry:2023-05-16T19:00:00Z, isExpired: true}, { Feature:WEATHER, creation:2023-05-16T19:00:00Z, expiry:2023-05-16T20:00:00Z, isExpired: true}, { Feature:WEATHER, creation:2023-05-16T20:00:00Z, expiry:2023-05-16T20:21:34Z, isExpired: true}, { Feature:TIPS, creation:2023-05-16T14:36:04.811Z, expiry:2023-05-19T14:36:04.601Z, isExpired: false}
05-16 07:39:33.948: I/DeviceModeUtil(11662): DeviceModeUtil.getDeviceMode():117 Get device mode phone by ui mode:1 and smallestScreenWidthDp:411
05-16 07:39:33.949: I/AiAiEcho(3659): Ranked targets strategy: WEIGHTED, count: 2, ranking metadata: { cardId: TIPS-2029576961, card type: TIPS, update time: 2023-05-16T14:36:04.811Z, expiration time: 2023-05-19T14:36:04.601Z, ranking metadata: RankingMetaData(urgency=0.992, priority=1.0, recency=1.0, rankScore=0.992, importantTimePoints=# krk@7bca4) }, { cardId: WEATHER-569377243, card type: WEATHER, update time: 2023-05-16T14:21:34Z, expiration time: 2023-05-16T15:00:00Z, ranking metadata: RankingMetaData(urgency=0.901, priority=0.3, recency=0.8, rankScore=0.27030003, importantTimePoints=# krk@7bca4) }
05-16 07:39:33.951: I/AiAiEcho(3659): #postPredictionTargets: Sending updates to UISurface lockscreen with targets# 1
05-16 07:39:33.951: I/DeviceModeUtil(11662): DeviceModeUtil.getDeviceMode():117 Get device mode phone by ui mode:1 and smallestScreenWidthDp:411
05-16 07:39:33.952: I/AiAiEcho(3659): #postPredictionTargets: Sending updates to UISurface home with targets# 1
05-16 07:39:33.952: I/ImsExternalCallTracker(2974): handleVideoCapabilitiesChanged : isVideoCapable = false
05-16 07:39:33.952: D/ImsExternalCallTracker(2974): refreshCallPullState
05-16 07:39:33.952: I/Telephony(2974): handleVideoCapabilitesChanged. Video capability - false
05-16 07:39:33.952: I/KeyboardViewUtil(11662): KeyboardViewUtil.getKeyboardHeightRatio():168 systemKeyboardHeightRatio:1.025000; userKeyboardHeightRatio:1.000000.
05-16 07:39:33.953: D/Telephony(2974): isEmergencyPreferredAccount: subId=-1, activeData=-1
05-16 07:39:33.953: D/Telephony(2974): isEmergencyPreferredAccount: Device does not require preference.
05-16 07:39:33.953: I/GoogleInputMethodService(11662): GoogleInputMethodService.onStartInput():1919 onStartInput(EditorInfo{inputType=0x0(NULL) imeOptions=0x0 privateImeOptions=null actionName=UNSPECIFIED actionLabel=null actionId=0 initialSelStart=-1 initialSelEnd=-1 initialCapsMode=0x0 hintText=null label=null packageName=com.google.android.apps.nexuslauncher fieldId=2131361913 fieldName=null extras=null}, true)
05-16 07:39:33.953: I/Telephony(2974): isRttCurrentlySupported -- emergency acct and not supported in this country: 
05-16 07:39:33.954: I/AiAiEcho(3659): #postPredictionTargets: Sending updates to UISurface lockscreen with targets# 1
05-16 07:39:33.954: I/SP.AiAi(3659): Scheduling job with delay of 0s for {W:b:u:l, bg}, 1 candidates
05-16 07:39:33.954: I/AiAiEcho(3659): #postPredictionTargets: Sending updates to UISurface home with targets# 1
05-16 07:39:33.957: I/Telecom(1495): PhoneAccountRegistrar: Modify account: [ComponentInfo{com.android.phone/com.android.services.telephony.TelephonyConnectionService}, E, UserHandle{0}]: TSI.rPA@AgI
05-16 07:39:33.958: I/Telecom(1495): CallsManager: handlePhoneAccountChanged: phoneAccount=[[X] PhoneAccount: ComponentInfo{com.android.phone/com.android.services.telephony.TelephonyConnectionService}, E, UserHandle{0} Capabilities: CallProvider MultiUser PlaceEmerg SimSub  Audio Routes: BESW Schemes: tel voicemail  Extras: Bundle[{android.telecom.extra.SUPPORTS_VIDEO_CALLING_FALLBACK=true}] GroupId: ***]: TSI.rPA@AgI
05-16 07:39:33.960: D/CompatibilityChangeReporter(1495): Compat change id reported: 168419799; UID 10099; state: DISABLED
05-16 07:39:33.962: I/Telecom(1495): PhoneAccountRegistrar: getSimCallManager: SimCallManager for subId -1 queried, returning: null: TSI.rPA@AgI
05-16 07:39:33.962: I/Telecom(1495): PhoneAccountRegistrar: Notifying telephony of voice service override change for 1 SIMs, hasService = false: TSI.rPA@AgI
05-16 07:39:33.962: I/GoogleInputMethodService(11662): GoogleInputMethodService.updateDeviceLockedStatus():2114 repeatCheckTimes = 2, unlocked = true
05-16 07:39:33.962: W/SessionManager(11662): SessionManager.beginSession():53 Try to begin an already begun session [INPUT_SESSION], end it first
05-16 07:39:33.964: I/A(3737): uninitializing SODA
05-16 07:39:33.966: V/ClearcutMetricXmitter(3737): Transmission is done.
05-16 07:39:33.968: I/AiAiTextClassifier(3659): Locale changed, triggering a sync and reload in TextClassifierLibProviderImpl.
05-16 07:39:33.968: I/AiAiTextClassifier(3659): Syncing webref with url: https://gstatic.com/webref-ondevice/aiai/23050201_pir/2/en/superpacks_manifest.zip, version 23050201
05-16 07:39:33.968: I/SP.Model.AiAi(3659): Setting manifest to https://gstatic.com/webref-ondevice/aiai/23050201_pir/2/en/superpacks_manifest.zip.23050201 and syncing
05-16 07:39:33.969: I/AiAiTextClassifier(3659): Location is not available in Webref slicing strategy
05-16 07:39:33.969: I/AiAiTextClassifier(3659): ===> [TextClassifierLibProviderImpl]: Maybe loading public slice in TcLib
05-16 07:39:33.969: I/SP.Model.AiAi(3659): Downloadable packs for webref-2-en are not ready
05-16 07:39:33.970: E/AiAiTextClassifier(3659): [TextClassifierLibProviderImpl]: Failed to load webref in TcLib, keeping the existing instance
05-16 07:39:33.970: E/AiAiTextClassifier(3659): ixo: No downloadable or bundled packs are available.
05-16 07:39:33.970: E/AiAiTextClassifier(3659): 	at ixk.a(PG:19)
05-16 07:39:33.970: E/AiAiTextClassifier(3659): 	at hde.c(PG:1)
05-16 07:39:33.970: E/AiAiTextClassifier(3659): 	at hem.h(PG:3)
05-16 07:39:33.970: E/AiAiTextClassifier(3659): 	at hem.c(PG:2)
05-16 07:39:33.970: E/AiAiTextClassifier(3659): 	at hem.d(Unknown Source:13)
05-16 07:39:33.970: E/AiAiTextClassifier(3659): 	at hda.a(PG:9)
05-16 07:39:33.970: E/AiAiTextClassifier(3659): 	at edy.e(PG:5)
05-16 07:39:33.970: E/AiAiTextClassifier(3659): 	at cwx.run(PG:57)
05-16 07:39:33.970: E/AiAiTextClassifier(3659): 	at cyv.run(PG:66)
05-16 07:39:33.970: E/AiAiTextClassifier(3659): 	at java.util.concurrent.Executors$RunnableAdapter.call(Executors.java:463)
05-16 07:39:33.970: E/AiAiTextClassifier(3659): 	at java.util.concurrent.FutureTask.run(FutureTask.java:264)
05-16 07:39:33.970: E/AiAiTextClassifier(3659): 	at java.util.concurrent.ScheduledThreadPoolExecutor$ScheduledFutureTask.run(ScheduledThreadPoolExecutor.java:307)
05-16 07:39:33.970: E/AiAiTextClassifier(3659): 	at java.util.concurrent.ThreadPoolExecutor.runWorker(ThreadPoolExecutor.java:1137)
05-16 07:39:33.970: E/AiAiTextClassifier(3659): 	at java.util.concurrent.ThreadPoolExecutor$Worker.run(ThreadPoolExecutor.java:637)
05-16 07:39:33.970: E/AiAiTextClassifier(3659): 	at cyv.run(PG:64)
05-16 07:39:33.970: E/AiAiTextClassifier(3659): 	at java.lang.Thread.run(Thread.java:1012)
05-16 07:39:33.971: D/CompatibilityChangeReporter(1495): Compat change id reported: 168419799; UID 10099; state: DISABLED
05-16 07:39:33.972: D/CompatibilityChangeReporter(16760): Compat change id reported: 171979766; UID 10099; state: ENABLED
05-16 07:39:33.974: I/BugleRcsEngine(12379): [55] baru.b: Deleted transfers file: false
05-16 07:39:33.976: I/InputMethodEntryManager(11662): InputMethodEntryManager$2.onReceive():362 Receive action: android.intent.action.LOCALE_CHANGED
05-16 07:39:33.977: I/InputMethodEntryManager(11662): InputMethodEntryManager.startLoadingInputMethodEntrySettings():773 Start loading input method entry settings: [LanguageTagVariantTuple{languageTag=en-US, variant=qwerty}, LanguageTagVariantTuple{languageTag=zz, variant=qwerty}]
05-16 07:39:33.982: D/QSPanel(2674): setUsingHorizontalLayout: false, true
05-16 07:39:33.982: D/QSPanel(2674): Reattaching media host: false, current com.android.systemui.qs.QSPanel{76ce73e IFE...... ......ID 0,171-996,1694 #7f0a054d app:id/quick_settings_panel}, new com.android.systemui.qs.QSPanel{7697611 VFE...... ......I. 0,0-0,0 #7f0a054d app:id/quick_settings_panel}
05-16 07:39:33.983: D/QSPanel(2674): setUsingHorizontalLayout: false, true
05-16 07:39:33.983: D/QSPanel(2674): Reattaching media host: false, current com.android.systemui.qs.QSPanel{7697611 VFE...... ......I. 0,0-0,0 #7f0a054d app:id/quick_settings_panel}, new com.android.systemui.qs.QSPanel{7697611 VFE...... ......I. 0,0-0,0 #7f0a054d app:id/quick_settings_panel}
05-16 07:39:33.983: I/InputMethodEntryManager(11662): InputMethodEntryManager.updateInputMethodEntrySettingsLoadingTask():861 update loading task with resetImplicitlyEnabledEntries is true
05-16 07:39:33.985: D/QuickQSPanel(2674): setUsingHorizontalLayout: false, true
05-16 07:39:33.985: D/QuickQSPanel(2674): Reattaching media host: false, current com.android.systemui.qs.QuickQSPanel{3de3aec VFE...... ......ID 0,213-996,613 #7f0a054a app:id/quick_qs_panel}, new com.android.systemui.qs.QuickQSPanel{7e5bd77 VFE...... ......I. 0,0-0,0 #7f0a054a app:id/quick_qs_panel}
05-16 07:39:33.990: D/nativeloader(16760): Configuring classloader-namespace-shared for other apk /system/app/CarrierDefaultApp/CarrierDefaultApp.apk. target_sdk_version=33, uses_libraries=, library_path=/system/app/CarrierDefaultApp/lib/arm64:/system/lib64:/system_ext/lib64, permitted_path=/data:/mnt/expand:/data/user/0/com.android.carrierdefaultapp:/system/app/CarrierDefaultApp:/system/lib64:/system_ext/lib64
05-16 07:39:33.991: D/RILClient(1024): [OemClient]IND: (clientId = 0, msgId = 3005, dataLength = 17, channel = 0)
05-16 07:39:33.992: D/RILClient(899): [OemClient]IND: (clientId = 1, msgId = 3005, dataLength = 17, channel = 0)
05-16 07:39:33.992: D/RILClient(899): [OemClient]IND: (clientId = 1, msgId = 3005, dataLength = 17, channel = 1)
05-16 07:39:33.992: D/RILClient(1024): [OemClient]IND: (clientId = 0, msgId = 3005, dataLength = 17, channel = 1)
05-16 07:39:33.994: I/SHANNON_IMS(2923): 0627 [NETW] #:PURP:# UNSOL {RILC_UNSOL_IMS_SUPPORT_SERVICE} : VoPS : 0  EMC : 0  SIM_IDX : 0  RAT : 0  REG_STATE : 0  CELL_ID : 0  LAC/TAC : 0  (NetworkAdaptor$AdaptorChannel%onMessage:298)
05-16 07:39:33.994: I/SHANNON_IMS(2923): 0628 [CONN] #:ORNG:# supportService [VoPS : 0/ EMC : 0/ RAT_INFO : 0/ REG_STATE : 0/ CELL_ID : 0/ LAC-TAC Info : 0]  [SLID:0 ] (ImsConnectivityMgr$RegistrationListener%supportService:2786)
05-16 07:39:33.997: W/InputMethodManagerService(1495): Illegal subtype state: old subtype = null, new subtype = android.view.inputmethod.InputMethodSubtype@70bfcd7e
05-16 07:39:33.997: I/Telecom(1495): : Locale change; recreating channels.
05-16 07:39:33.998: W/SHANNON_IMS(2923): 0629 [SIM#] Invalid sub id : -1   with slot id : 0 (SubscriptionWrapper%getSubId:55)
05-16 07:39:33.999: D/DeviceSearchAlg(3132): search timeout = %d200
05-16 07:39:34.000: I/SHANNON_IMS(2923): 0635 [NETW] #:PURP:# UNSOL {RILC_UNSOL_IMS_SUPPORT_SERVICE} : VoPS : 0  EMC : 0  SIM_IDX : 1  RAT : 0  REG_STATE : 0  CELL_ID : 0  LAC/TAC : 0  (NetworkAdaptor$AdaptorChannel%onMessage:298)
05-16 07:39:34.000: I/AiAiEcho(3659): Settings cha with uri: content://settings/secure/input_methods_subtype_history
05-16 07:39:34.001: I/AiAiEcho(3659): Settings cha with uri: content://settings/secure/default_input_method
05-16 07:39:34.002: I/SP.AiAi(3659): Scheduling: download registered, 0 started, 0 paused, 2 scheduled, 2 pending: manifests:spelling_correction-21080420 * {W:b:I:l, bg}, manifests:webref-2-en-23050201 * {W:b:u:l, bg}
05-16 07:39:34.002: I/AiAiEcho(3659): Predicting[8]: { Feature:WEATHER, creation:2023-05-16T14:21:34Z, expiry:2023-05-16T15:00:00Z, isExpired: false}, { Feature:WEATHER, creation:2023-05-16T15:00:00Z, expiry:2023-05-16T16:00:00Z, isExpired: true}, { Feature:WEATHER, creation:2023-05-16T16:00:00Z, expiry:2023-05-16T17:00:00Z, isExpired: true}, { Feature:WEATHER, creation:2023-05-16T17:00:00Z, expiry:2023-05-16T18:00:00Z, isExpired: true}, { Feature:WEATHER, creation:2023-05-16T18:00:00Z, expiry:2023-05-16T19:00:00Z, isExpired: true}, { Feature:WEATHER, creation:2023-05-16T19:00:00Z, expiry:2023-05-16T20:00:00Z, isExpired: true}, { Feature:WEATHER, creation:2023-05-16T20:00:00Z, expiry:2023-05-16T20:21:34Z, isExpired: true}, { Feature:TIPS, creation:2023-05-16T14:36:04.811Z, expiry:2023-05-19T14:36:04.601Z, isExpired: false}
05-16 07:39:34.003: I/SHANNON_IMS(2923): 0636 [CONN] #:ORNG:# supportService [VoPS : 0/ EMC : 0/ RAT_INFO : 0/ REG_STATE : 0/ CELL_ID : 0/ LAC-TAC Info : 0]  [SLID:1 ] (ImsConnectivityMgr$RegistrationListener%supportService:2786)
05-16 07:39:34.003: I/SP.AiAi(3659): Registering webref-2-en.23050201, url: https://gstatic.com/webref-ondevice/aiai/23050201_pir/2/en/superpacks_manifest.zip, constraints: W:b:u:l, flags: *, requested: 23050201, current: -1
05-16 07:39:34.004: W/SHANNON_IMS(2923): 0637 [SIM#] Invalid sub id : -1   with slot id : 1 (SubscriptionWrapper%getSubId:55)
05-16 07:39:34.006: I/AiAiEcho(3659): Settings cha with uri: content://settings/secure/immersive_mode_confirmations
05-16 07:39:34.008: I/AiAiSuggestUi(3132): Connecting to system intelligence module.
05-16 07:39:34.009: I/ProvidersCache(6803): Provider returned no roots. Possibly naughty: com.google.android.apps.docs.storage
05-16 07:39:34.010: I/AiAiEcho(3659): Ranked targets strategy: WEIGHTED, count: 2, ranking metadata: { cardId: TIPS-2029576961, card type: TIPS, update time: 2023-05-16T14:36:04.811Z, expiration time: 2023-05-19T14:36:04.601Z, ranking metadata: RankingMetaData(urgency=0.992, priority=1.0, recency=1.0, rankScore=0.992, importantTimePoints=# krk@7bca4) }, { cardId: WEATHER-569377243, card type: WEATHER, update time: 2023-05-16T14:21:34Z, expiration time: 2023-05-16T15:00:00Z, ranking metadata: RankingMetaData(urgency=0.9, priority=0.3, recency=0.8, rankScore=0.27, importantTimePoints=# krk@7bca4) }
05-16 07:39:34.011: I/AiAiTranslate(3659): AutoTranslateSettingJobService: onStartJob
05-16 07:39:34.011: D/EglHelper(2674): createEglContext start
05-16 07:39:34.012: I/AiAiEcho(3659): Predicting[8]: { Feature:WEATHER, creation:2023-05-16T14:21:34Z, expiry:2023-05-16T15:00:00Z, isExpired: false}, { Feature:WEATHER, creation:2023-05-16T15:00:00Z, expiry:2023-05-16T16:00:00Z, isExpired: true}, { Feature:WEATHER, creation:2023-05-16T16:00:00Z, expiry:2023-05-16T17:00:00Z, isExpired: true}, { Feature:WEATHER, creation:2023-05-16T17:00:00Z, expiry:2023-05-16T18:00:00Z, isExpired: true}, { Feature:WEATHER, creation:2023-05-16T18:00:00Z, expiry:2023-05-16T19:00:00Z, isExpired: true}, { Feature:WEATHER, creation:2023-05-16T19:00:00Z, expiry:2023-05-16T20:00:00Z, isExpired: true}, { Feature:WEATHER, creation:2023-05-16T20:00:00Z, expiry:2023-05-16T20:21:34Z, isExpired: true}, { Feature:TIPS, creation:2023-05-16T14:36:04.811Z, expiry:2023-05-19T14:36:04.601Z, isExpired: false}
05-16 07:39:34.012: D/NoBackGesture(2674): Config changed: newConfig={1.0 ?mcc?mnc [en] ldltr sw411dp w411dp h830dp 420dpi nrml long hdr widecg port night finger -keyb/v/h -nav/h winConfig={ mBounds=Rect(0, 0 - 1080, 2340) mAppBounds=Rect(0, 98 - 1080, 2277) mMaxBounds=Rect(0, 0 - 1080, 2340) mDisplayRotation=ROTATION_0 mWindowingMode=fullscreen mDisplayWindowingMode=fullscreen mActivityType=undefined mAlwaysOnTop=undefined mRotation=ROTATION_0} as.15 s.339 fontWeightAdjustment=0} lastReportedConfig={1.0 ?mcc?mnc [en_US] ldltr sw411dp w411dp h830dp 420dpi nrml long hdr widecg port night finger -keyb/v/h -nav/h winConfig={ mBounds=Rect(0, 0 - 1080, 2340) mAppBounds=Rect(0, 98 - 1080, 2277) mMaxBounds=Rect(0, 0 - 1080, 2340) mDisplayRotation=ROTATION_0 mWindowingMode=fullscreen mDisplayWindowingMode=fullscreen mActivityType=undefined mAlwaysOnTop=undefined mRotation=ROTATION_0} as.15 s.218 fontWeightAdjustment=0}
05-16 07:39:34.012: I/SP.AiAi(3659): ====> Starting job {W:b:u:l, bg}
05-16 07:39:34.012: I/SP.AiAi(3659): Scheduling job with delay of 0s for {W:b:I:l, bg}, 1 candidates
05-16 07:39:34.014: I/AiAiEcho(3659): Ranked targets strategy: WEIGHTED, count: 2, ranking metadata: { cardId: TIPS-2029576961, card type: TIPS, update time: 2023-05-16T14:36:04.811Z, expiration time: 2023-05-19T14:36:04.601Z, ranking metadata: RankingMetaData(urgency=0.992, priority=1.0, recency=1.0, rankScore=0.992, importantTimePoints=# krk@7bca4) }, { cardId: WEATHER-569377243, card type: WEATHER, update time: 2023-05-16T14:21:34Z, expiration time: 2023-05-16T15:00:00Z, ranking metadata: RankingMetaData(urgency=0.9, priority=0.3, recency=0.8, rankScore=0.27, importantTimePoints=# krk@7bca4) }
05-16 07:39:34.016: W/PageIndicator(3132): Total number of pages invalid: 0. Assuming 1 page.
05-16 07:39:34.016: W/BcSmartspaceView(3132): Current card is not present in the Adapter; cannot log.
05-16 07:39:34.017: D/EglHelper(2674): createEglContext done
05-16 07:39:34.017: D/EglHelper(2674): createEglSurface start
05-16 07:39:34.017: D/EglHelper(2674): createEglSurface done
05-16 07:39:34.017: I/SP.AiAi(3659): Scheduling job with delay of 0s for {W:b:u:l, bg}, 1 candidates
05-16 07:39:34.017: I/InputMethodEntryManager(11662): InputMethodEntryManager$5.onSuccess():880 Success load entries: [LanguageTagVariantTuple{languageTag=en-US, variant=qwerty}, LanguageTagVariantTuple{languageTag=zz, variant=qwerty}], resetImplicitlyEnabledEntries=true
05-16 07:39:34.018: I/AiAiEcho(3659): Predicting[8]: { Feature:WEATHER, creation:2023-05-16T14:21:34Z, expiry:2023-05-16T15:00:00Z, isExpired: false}, { Feature:WEATHER, creation:2023-05-16T15:00:00Z, expiry:2023-05-16T16:00:00Z, isExpired: true}, { Feature:WEATHER, creation:2023-05-16T16:00:00Z, expiry:2023-05-16T17:00:00Z, isExpired: true}, { Feature:WEATHER, creation:2023-05-16T17:00:00Z, expiry:2023-05-16T18:00:00Z, isExpired: true}, { Feature:WEATHER, creation:2023-05-16T18:00:00Z, expiry:2023-05-16T19:00:00Z, isExpired: true}, { Feature:WEATHER, creation:2023-05-16T19:00:00Z, expiry:2023-05-16T20:00:00Z, isExpired: true}, { Feature:WEATHER, creation:2023-05-16T20:00:00Z, expiry:2023-05-16T20:21:34Z, isExpired: true}, { Feature:TIPS, creation:2023-05-16T14:36:04.811Z, expiry:2023-05-19T14:36:04.601Z, isExpired: false}
05-16 07:39:34.018: I/AiAiSuggestUi(3132): Successfully connected to system intelligence: 
05-16 07:39:34.020: I/AiAiEcho(3659): Ranked targets strategy: WEIGHTED, count: 2, ranking metadata: { cardId: TIPS-2029576961, card type: TIPS, update time: 2023-05-16T14:36:04.811Z, expiration time: 2023-05-19T14:36:04.601Z, ranking metadata: RankingMetaData(urgency=0.992, priority=1.0, recency=1.0, rankScore=0.992, importantTimePoints=# krk@7bca4) }, { cardId: WEATHER-569377243, card type: WEATHER, update time: 2023-05-16T14:21:34Z, expiration time: 2023-05-16T15:00:00Z, ranking metadata: RankingMetaData(urgency=0.9, priority=0.3, recency=0.8, rankScore=0.27, importantTimePoints=# krk@7bca4) }
05-16 07:39:34.023: I/DictionarySuperpacksManager(11662): DictionarySuperpacksManager$1.onEnabledInputMethodEntriesChanged():60 onEnabledInputMethodEntriesChanged
