05-17 09:27:08.819  1697  1753 E ActivityThread: Failed to find provider info for com.android.calendar
05-17 09:27:08.869  1697  1708 I ActivityManager: Start proc 2009:com.android.deskclock/u0a42 for broadcast com.android.deskclock/.AlarmInitReceiver
05-17 09:27:08.883  1884  1884 D MccTable: updateMccMncConfiguration mccmnc='310260' fromServiceState=true
05-17 09:27:08.883  1884  1884 D MccTable: updateMccMncConfiguration defaultMccMnc=
05-17 09:27:08.883  1884  1884 D MccTable: updateMccMncConfiguration: mcc=310, mnc=260
05-17 09:27:08.883  1884  1884 D MccTable: WIFI_COUNTRY_CODE set to us
05-17 09:27:08.883  1697  2015 I WifiService: WifiService trying to set country code to us with persist set to false
05-17 09:27:08.918  1697  1697 D ConditionProviders.SCP: onReceive android.intent.action.TIMEZONE_CHANGED
05-17 09:27:08.918  1697  1697 D ConditionProviders.SCP: notifyCondition condition://android/schedule?days=6.7&start=23.30&end=10.0&exitAtAlarm=false STATE_FALSE reason=!meetsSchedule
05-17 09:27:08.919  1697  1697 D ConditionProviders.SCP: notifyCondition condition://android/schedule?days=1.2.3.4.5&start=22.0&end=7.0&exitAtAlarm=false STATE_FALSE reason=!meetsSchedule
05-17 09:27:08.919  1697  1697 D ConditionProviders.SCP: Scheduling evaluate for Wed May 17 10:00:00 AKDT 2023 (1684346400000), in +1h32m51s82ms, now=Wed May 17 08:27:08 AKDT 2023 (1684340828918)
05-17 09:27:08.920  1697  1753 E ActivityThread: Failed to find provider info for com.android.calendar
05-17 09:27:08.920  1697  1753 E ActivityThread: Failed to find provider info for com.android.calendar
05-17 09:27:08.933  1697  1708 I Telecom : PhoneAccountRegistrar: New phone account registered: [[ ] PhoneAccount: ComponentInfo{com.android.phone/com.android.services.telephony.TelephonyConnectionService}, [e0184adedf913b076626646d3f52c3b49c39ad6d], UserHandle{0} Capabilities: CallProvider MultiUser PlaceEmerg SimSub  Schemes: tel voicemail  Extras: null GroupId: [da39a3ee5e6b4b0d3255bfef95601890afd80709]]: TSI.rPA@AAM
05-17 09:27:08.935  1697  1708 I Telecom : : Sending phone-account registered intent as user: TSI.rPA@AAM
05-17 09:27:08.941  1697  1916 I Telecom : : Sending phone-account unregistered intent as user: TSI.uPA@AAU
05-17 09:27:08.961  1697  1916 I Telecom : PhoneAccountRegistrar: [ComponentInfo{com.android.phone/com.android.services.telephony.TelephonyConnectionService}, [e0184adedf913b076626646d3f52c3b49c39ad6d], UserHandle{0}(icon: Icon(typ=BITMAP size=50x63) -> Icon(typ=BITMAP size=50x63))]: TSI.rPA@AAc
05-17 09:27:08.962  1697  1916 I Telecom : : Sending phone-account registered intent as user: TSI.rPA@AAc
05-17 09:27:08.968  1697  1913 I StatusBarManagerService: registerStatusBar bar=com.android.internal.statusbar.IStatusBar$Stub$Proxy@6d2341d
05-17 09:27:08.971  1884  1884 D MccTable: updateMccMncConfiguration mccmnc='310260' fromServiceState=false
05-17 09:27:08.971  1884  1884 D MccTable: updateMccMncConfiguration defaultMccMnc=
05-17 09:27:08.971  1884  1884 D MccTable: updateMccMncConfiguration: mcc=310, mnc=260
05-17 09:27:08.971  1884  1884 D MccTable: updateMccMncConfiguration updateConfig config={1.0 310mcc260mnc ?localeList ?layoutDir ?swdp ?wdp ?hdp ?density ?lsize ?long ?orien ?uimode ?night ?touch ?keyb/?/? ?nav/?}
05-17 09:27:08.971  1697  1707 I ActivityManager: Config changes=3 {1.0 310mcc260mnc [en_US] ldltr sw411dp w411dp h659dp 420dpi nrml port finger qwerty/v/v -nav/h s.5}
05-17 09:27:08.979  1697  1707 I Telecom : PhoneAccountRegistrar: [ComponentInfo{com.android.phone/com.android.services.telephony.TelephonyConnectionService}, [e0184adedf913b076626646d3f52c3b49c39ad6d], UserHandle{0}(addr: tel:************ -> tel:)(icon: Icon(typ=BITMAP size=50x63) -> Icon(typ=BITMAP size=50x63))(subAddr: tel:************ -> tel:)]: TSI.rPA@AAg
05-17 09:27:08.986  1697  1707 I Telecom : : Sending phone-account registered intent as user: TSI.rPA@AAg
05-17 09:27:08.992  1697  2015 I Telecom : PhoneAccountRegistrar: [ComponentInfo{com.android.phone/com.android.services.telephony.TelephonyConnectionService}, [e0184adedf913b076626646d3f52c3b49c39ad6d], UserHandle{0}(icon: Icon(typ=BITMAP size=50x63) -> Icon(typ=BITMAP size=50x63))]: TSI.rPA@AAs
05-17 09:27:08.993  1697  2015 I Telecom : : Sending phone-account registered intent as user: TSI.rPA@AAs
05-17 09:27:08.996  1697  1916 I Telecom : PhoneAccountRegistrar: [ComponentInfo{com.android.phone/com.android.services.telephony.TelephonyConnectionService}, [e0184adedf913b076626646d3f52c3b49c39ad6d], UserHandle{0}(icon: Icon(typ=BITMAP size=50x63) -> Icon(typ=BITMAP size=50x63))]: TSI.rPA@AAw
05-17 09:27:08.996  1697  1916 I Telecom : : Sending phone-account registered intent as user: TSI.rPA@AAw
05-17 09:27:09.020  1884  1884 D MccTable: updateMccMncConfiguration mccmnc='310260' fromServiceState=false
05-17 09:27:09.021  1884  1884 D MccTable: updateMccMncConfiguration defaultMccMnc=310260
05-17 09:27:09.021  1884  1884 D MccTable: updateMccMncConfiguration: mcc=310, mnc=260
05-17 09:27:09.021  1884  1884 D MccTable: updateMccMncConfiguration updateConfig config={1.0 310mcc260mnc ?localeList ?layoutDir ?swdp ?wdp ?hdp ?density ?lsize ?long ?orien ?uimode ?night ?touch ?keyb/?/? ?nav/?}
05-17 09:27:09.126  1884  1884 D MccTable: updateMccMncConfiguration mccmnc='310260' fromServiceState=false
05-17 09:27:09.126  1884  1884 D MccTable: updateMccMncConfiguration defaultMccMnc=310260
05-17 09:27:09.126  1884  1884 D MccTable: updateMccMncConfiguration: mcc=310, mnc=260
05-17 09:27:09.126  1884  1884 D MccTable: updateMccMncConfiguration updateConfig config={1.0 310mcc260mnc ?localeList ?layoutDir ?swdp ?wdp ?hdp ?density ?lsize ?long ?orien ?uimode ?night ?touch ?keyb/?/? ?nav/?}
05-17 09:27:09.142  1697  1717 I SystemServiceManager: Starting phase 1000
05-17 09:27:09.153  1697  1717 I ActivityManager: Start proc 2044:com.google.android.ext.services/u0a14 for on-hold
05-17 09:27:09.154  1697  1717 D ActivityManager: Finishing user boot 0
05-17 09:27:09.155  1697  1717 D CryptdConnector: SND -> {3 cryptfs prepare_user_storage ! 0 0 2}
05-17 09:27:09.155  1303  1338 D vold    : e4crypt_prepare_user_storage for volume null, user 0, serial 0, flags 2
05-17 09:27:09.155  1303  1338 D vold    : Preparing: /data/system_ce/0
05-17 09:27:09.155  1303  1338 D vold    : Preparing: /data/misc_ce/0
05-17 09:27:09.155  1303  1338 D vold    : Preparing: /data/media/0
05-17 09:27:09.155  1303  1338 D vold    : Preparing: /data/data
05-17 09:27:09.155  1697  1735 D CryptdConnector: RCV <- {200 3 Command succeeded}
05-17 09:27:09.156  1697  1717 V UserManagerService: Found /data/user/0 with serial number 0
05-17 09:27:09.156  1697  1717 V UserManagerService: Found /data/system_ce/0 with serial number 0
05-17 09:27:09.156  1697  1717 V PackageManager: reconcileAppsData for null u0 0x2
05-17 09:27:09.215  1697  1717 V PackageManager: reconcileAppsData finished 104 packages
05-17 09:27:09.219  1697  1710 D MountService: onUnlockUser 0
05-17 09:27:09.219  1697  1710 D VoldConnector: SND -> {8 volume user_started 0}
05-17 09:27:09.220  1303  1337 D vold    : Linking /storage/emulated/0 to /mnt/user/0/primary
05-17 09:27:09.220  1697  1734 D VoldConnector: RCV <- {200 8 Command succeeded}
05-17 09:27:09.220  1697  1733 D MountService: Volume public:253,64 broadcasting mounted to UserHandle{0}
05-17 09:27:09.220  1697  1733 D MountService: Volume emulated broadcasting mounted to UserHandle{0}
05-17 09:27:09.229  1697  1710 V BackupManagerService: No ancestral data
05-17 09:27:09.232  1697  1710 V BackupManagerService: Starting with transport com.google.android.gms/.backup.BackupTransportService
05-17 09:27:09.232  1697  1710 V BackupManagerService: Found transports: 2
05-17 09:27:09.243  1697  1697 I ActivityManager: Start proc 2075:com.google.android.apps.maps/u0a59 for service com.google.android.apps.maps/com.google.android.apps.gmm.offline.OfflineAutoUpdateJobService
05-17 09:27:09.245  1697  2072 V KeyValueBackupJob: Scheduling k/v pass in 244 minutes
05-17 09:27:09.254  1697  1710 I ActivityManager: Start proc 2084:com.google.android.gms.persistent/u0a13 for service com.google.android.gms/.backup.BackupTransportService
05-17 09:27:09.254  1697  1710 I BackupManagerService: Backup enabled => false
05-17 09:27:09.272  1697  1697 V BackupManagerService: Connected to transport ComponentInfo{android/com.android.internal.backup.LocalTransportService}
05-17 09:27:09.272  1697  1697 V BackupManagerService: Registering transport android/com.android.internal.backup.LocalTransportService::android/com.android.internal.backup.LocalTransport = android.app.backup.BackupTransport$TransportImpl@20ae04d
05-17 09:27:09.278  1697  2068 I Telecom : PhoneAccountRegistrar: [ComponentInfo{com.android.phone/com.android.services.telephony.TelephonyConnectionService}, [e0184adedf913b076626646d3f52c3b49c39ad6d], UserHandle{0}(icon: Icon(typ=BITMAP size=50x63) -> Icon(typ=BITMAP size=50x63))]: TSI.rPA@AA8
05-17 09:27:09.279  1697  2068 I Telecom : : Sending phone-account registered intent as user: TSI.rPA@AA8
05-17 09:27:09.279  1697  2072 V KeyValueBackupJob: Scheduling k/v pass in 248 minutes
05-17 09:27:09.310  1697  1707 I Telecom : PhoneAccountRegistrar: New phone account registered: [[ ] PhoneAccount: ComponentInfo{com.android.phone/com.android.services.telephony.TelephonyConnectionService}, [e2f7d48dd2b5ca523e7313cf4ba0f6ea830b6281], UserHandle{0} Capabilities: CallProvider MultiUser PlaceEmerg SimSub  Schemes: tel voicemail  Extras: null GroupId: [da39a3ee5e6b4b0d3255bfef95601890afd80709]]: TSI.rPA@ABA
05-17 09:27:09.312  1697  1707 I Telecom : : Sending phone-account registered intent as user: TSI.rPA@ABA
05-17 09:27:09.316  1697  1708 I Telecom : : Sending phone-account unregistered intent as user: TSI.uPA@ABI
05-17 09:27:09.326  1697  2072 I BackupManagerService: Found stale backup journal, scheduling
05-17 09:27:09.373  1697  1710 I ActivityManager: Start proc 2126:com.google.android.googlequicksearchbox:interactor/u0a29 for service com.google.android.googlequicksearchbox/com.google.android.voiceinteraction.GsaVoiceInteractionService
05-17 09:27:09.379  1697  1710 I ActivityManager: Loading recents for user 0 into memory.
05-17 09:27:09.380  1697  1913 I Telecom : PhoneAccountRegistrar: [ComponentInfo{com.android.phone/com.android.services.telephony.TelephonyConnectionService}, [e2f7d48dd2b5ca523e7313cf4ba0f6ea830b6281], UserHandle{0}(icon: Icon(typ=BITMAP size=50x63) -> Icon(typ=BITMAP size=50x63))]: TSI.rPA@ABQ
05-17 09:27:09.381  1697  1913 I Telecom : : Sending phone-account registered intent as user: TSI.rPA@ABQ
05-17 09:27:09.383  1697  1710 D ActivityManager: Sending BOOT_COMPLETE user #0
05-17 09:27:09.390  1697  2068 I ActivityManager: START u0 {act=android.intent.action.MAIN cat=[android.intent.category.HOME] flg=0x10000100 cmp=com.google.android.apps.nexuslauncher/.NexusLauncherActivity} from uid 0 on display 0
05-17 09:27:09.416  1697  2068 I ActivityManager: Start proc 2140:com.google.android.apps.nexuslauncher/u0a20 for activity com.google.android.apps.nexuslauncher/.NexusLauncherActivity
05-17 09:27:09.459  1697  1755 I ActivityManager: Start proc 2157:com.android.keychain/1000 for service com.android.keychain/.KeyChainService
05-17 09:27:09.499  1697  1709 I ActivityManager: Start proc 2170:com.android.printspooler/u0a69 for service com.android.printspooler/.model.PrintSpoolerService
05-17 09:27:09.519  1697  1707 I Telecom : PhoneAccountRegistrar: [ComponentInfo{com.android.phone/com.android.services.telephony.TelephonyConnectionService}, [e2f7d48dd2b5ca523e7313cf4ba0f6ea830b6281], UserHandle{0}(icon: Icon(typ=BITMAP size=50x63) -> Icon(typ=BITMAP size=50x63))]: TSI.rPA@ABc
05-17 09:27:09.520  1697  1707 I Telecom : : Sending phone-account registered intent as user: TSI.rPA@ABc
05-17 09:27:09.530  1697  1713 E BatteryStatsService: no controller energy info supplied
05-17 09:27:09.530  1697  1713 E KernelCpuSpeedReader: Failed to read cpu-freq: /sys/devices/system/cpu/cpu0/cpufreq/stats/time_in_state (No such file or directory)
05-17 09:27:09.530  1697  1713 E KernelUidCpuTimeReader: Failed to read uid_cputime: /proc/uid_cputime/show_uid_stat (No such file or directory)
05-17 09:27:09.533  1697  1713 E BatteryStatsService: no controller energy info supplied
05-17 09:27:09.533  1697  1713 E KernelCpuSpeedReader: Failed to read cpu-freq: /sys/devices/system/cpu/cpu0/cpufreq/stats/time_in_state (No such file or directory)
05-17 09:27:09.533  1697  1713 E KernelUidCpuTimeReader: Failed to read uid_cputime: /proc/uid_cputime/show_uid_stat (No such file or directory)
05-17 09:27:09.583  1697  2015 I Telecom : PhoneAccountRegistrar: [ComponentInfo{com.android.phone/com.android.services.telephony.TelephonyConnectionService}, [e2f7d48dd2b5ca523e7313cf4ba0f6ea830b6281], UserHandle{0}(icon: Icon(typ=BITMAP size=50x63) -> Icon(typ=BITMAP size=50x63))]: TSI.rPA@ABs
05-17 09:27:09.585  1697  2015 I Telecom : : Sending phone-account registered intent as user: TSI.rPA@ABs
05-17 09:27:09.605  1697  1916 I ActivityManager: Start proc 2186:android.process.acore/u0a1 for content provider com.android.providers.contacts/.ContactsProvider2
05-17 09:27:09.611  1697  2013 I Telecom : PhoneAccountRegistrar: [ComponentInfo{com.android.phone/com.android.services.telephony.TelephonyConnectionService}, [e2f7d48dd2b5ca523e7313cf4ba0f6ea830b6281], UserHandle{0}(icon: Icon(typ=BITMAP size=50x63) -> Icon(typ=BITMAP size=50x63))]: TSI.rPA@AB8
05-17 09:27:09.612  1697  2013 I Telecom : : Sending phone-account registered intent as user: TSI.rPA@AB8
05-17 09:27:09.635  1697  1697 I Telecom : PhoneAccountRegistrar: SimCallManager queried, returning: null: TSI.gSCMFU@ACI
05-17 09:27:09.635  1697  1747 D ConnectivityService: Got NetworkFactory Messenger for WIFI
05-17 09:27:09.635  1697  1747 D ConnectivityService: Got NetworkFactory Messenger for WIFI_UT
05-17 09:27:09.640  1697  2015 I Telecom : PhoneAccountRegistrar: [ComponentInfo{com.android.phone/com.android.services.telephony.TelephonyConnectionService}, [e2f7d48dd2b5ca523e7313cf4ba0f6ea830b6281], UserHandle{0}(icon: Icon(typ=BITMAP size=50x63) -> Icon(typ=BITMAP size=50x63))]: TSI.rPA@ACM
05-17 09:27:09.641  1697  2015 I Telecom : : Sending phone-account registered intent as user: TSI.rPA@ACM
05-17 09:27:09.745  1697  2013 D ConnectivityService: registerNetworkAgent NetworkAgentInfo{ ni{[type: MOBILE[LTE], state: CONNECTED/CONNECTED, reason: connected, extra: epc.tmobile.com, failover: false, available: true, roaming: false, metered: true]}  network{100}  nethandle{429513165534}  lp{{InterfaceName: radio0 LinkAddresses: [192.168.200.2/24,]  Routes: [0.0.0.0/0 -> 192.168.200.1 radio0,] DnsAddresses: [10.0.2.3,] Domains: null MTU: 1500 TcpBufferSizes: 524288,1048576,2097152,262144,524288,1048576}}  nc{[ Transports: CELLULAR Capabilities: MMS&SUPL&FOTA&IMS&CBS&IA&INTERNET&NOT_RESTRICTED&TRUSTED&NOT_VPN LinkUpBandwidth>=51200Kbps LinkDnBandwidth>=102400Kbps Specifier: <1>]}  Score{10}  everValidated{false}  lastValidated{false}  created{false} lingering{false} explicitlySelected{false} acceptUnvalidated{false} everCaptivePortalDetected{false} lastCaptivePortalDetected{false} }
05-17 09:27:09.761  1697  1747 D ConnectivityService: NetworkAgentInfo [MOBILE (LTE) - 100] EVENT_NETWORK_INFO_CHANGED, going from null to CONNECTED
05-17 09:27:09.762  1697  1747 D ConnectivityService: Adding iface radio0 to network 100
05-17 09:27:09.764  1697  2068 I ActivityManager: Start proc 2211:android.process.media/u0a11 for broadcast com.android.providers.downloads/.DownloadReceiver
05-17 09:27:09.769  1697  1708 D NetworkNotificationManager: clearNotification id=65537
05-17 09:27:09.832  1697  1747 D ConnectivityService: Setting DNS servers for network 100 to [/10.0.2.3]
05-17 09:27:09.836  1697  1747 D ConnectivityService: Switching to new default network: NetworkAgentInfo{ ni{[type: MOBILE[LTE], state: CONNECTED/CONNECTED, reason: connected, extra: epc.tmobile.com, failover: false, available: true, roaming: false, metered: true]}  network{100}  nethandle{429513165534}  lp{{InterfaceName: radio0 LinkAddresses: [192.168.200.2/24,]  Routes: [0.0.0.0/0 -> 192.168.200.1 radio0,] DnsAddresses: [10.0.2.3,] Domains: null MTU: 1500 TcpBufferSizes: 524288,1048576,2097152,262144,524288,1048576}}  nc{[ Transports: CELLULAR Capabilities: MMS&SUPL&FOTA&IMS&CBS&IA&INTERNET&NOT_RESTRICTED&TRUSTED&NOT_VPN&FOREGROUND LinkUpBandwidth>=51200Kbps LinkDnBandwidth>=102400Kbps Specifier: <1>]}  Score{10}  everValidated{false}  lastValidated{false}  created{true} lingering{false} explicitlySelected{false} acceptUnvalidated{false} everCaptivePortalDetected{false} lastCaptivePortalDetected{false} }
05-17 09:27:09.862  1697  1708 I ActivityManager: Start proc 2244:com.google.process.gapps/u0a13 for content provider com.google.android.gsf/.gservices.GservicesProvider
05-17 09:27:09.881  1697  2015 I ActivityManager: Start proc 2261:com.google.android.googlequicksearchbox:search/u0a29 for service com.google.android.googlequicksearchbox/com.google.android.apps.gsa.nowoverlayservice.DrawerOverlayService
05-17 09:27:09.903  1697  1747 D ConnectivityService: Sending CONNECTED broadcast for type 0 NetworkAgentInfo [MOBILE (LTE) - 100] isDefaultNetwork=true
05-17 09:27:10.246  1697  1742 D WifiService: New client listening to asynchronous messages
05-17 09:27:10.247  1697  1747 D NetworkNotificationManager: clearNotification id=100
05-17 09:27:10.247  1697  1747 D ConnectivityService: NetworkAgentInfo [MOBILE (LTE) - 100] validation passed
05-17 09:27:10.397  1697  2277 I ActivityManager: Start proc 2350:com.google.android.music:main/u0a60 for broadcast com.google.android.music/.store.MediaStoreImportService$Receiver
05-17 09:27:10.477  1697  1708 I ActivityManager: Start proc 2367:com.google.android.gm/u0a68 for content provider com.google.android.gm/com.android.exchange.provider.ExchangeDirectoryProvider
05-17 09:27:10.586  1697  1707 D CryptdConnector: SND -> {4 cryptfs getpwtype}
05-17 09:27:10.586  1303  1338 D VoldCryptCmdListener: cryptfs getpwtype
05-17 09:27:10.588  1697  1735 D CryptdConnector: RCV <- {213 4 default}
05-17 09:27:10.641  1697  2015 I ActivityManager: Start proc 2408:com.google.android.gms.feedback/u0a13 for service com.google.android.gms/.feedback.FeedbackService
05-17 09:27:10.811  1697  1697 V BackupManagerService: Connected to transport ComponentInfo{com.google.android.gms/com.google.android.gms.backup.BackupTransportService}
05-17 09:27:10.812  1697  1697 V BackupManagerService: Registering transport com.google.android.gms/.backup.BackupTransportService::com.google.android.gms/.backup.BackupTransportService = com.android.internal.backup.IBackupTransport$Stub$Proxy@98b5439
05-17 09:27:10.859  2367  2432 D ActivityThread: Loading provider com.google.android.gmail.provider;com.android.mail.notifier;com.google.android.gm.email.provider;com.google.android.gm.email.notifier: com.android.email.provider.EmailProvider
05-17 09:27:11.029  2126  2126 W KeyphraseEnrollmentInfo: No Enrollment application supports the given keyphrase/locale
05-17 09:27:11.435  1697  1717 W WindowManager: App freeze timeout expired.
05-17 09:27:11.470  1697  1913 I ActivityManager: Start proc 2464:com.google.android.gms/u0a13 for service com.google.android.gms/.people.service.PeopleService
05-17 09:27:11.530  1697  1743 D ConnectivityService: registerNetworkAgent NetworkAgentInfo{ ni{[type: WIFI[], state: CONNECTING/CONNECTING, reason: (unspecified), extra: "AndroidWifi", failover: false, available: true, roaming: false, metered: false]}  network{101}  nethandle{433808132830}  lp{{LinkAddresses: []  Routes: [] DnsAddresses: [] Domains: null MTU: 0}}  nc{[ Transports: WIFI Capabilities: NOT_METERED&INTERNET&NOT_RESTRICTED&TRUSTED&NOT_VPN LinkUpBandwidth>=1048576Kbps LinkDnBandwidth>=1048576Kbps]}  Score{20}  everValidated{false}  lastValidated{false}  created{false} lingering{false} explicitlySelected{false} acceptUnvalidated{false} everCaptivePortalDetected{false} lastCaptivePortalDetected{false} }
05-17 09:27:11.530  1697  1747 D ConnectivityService: NetworkAgentInfo [WIFI () - 101] EVENT_NETWORK_INFO_CHANGED, going from null to CONNECTING
05-17 09:27:11.568  1697  1913 I ActivityManager: Start proc 2487:com.google.process.gapps/u0a51 for content provider com.google.android.syncadapters.contacts/.ProxyGalProvider
05-17 09:27:11.637  1697  1747 D ConnectivityService: NetworkAgentInfo [WIFI () - 101] EVENT_NETWORK_INFO_CHANGED, going from CONNECTING to CONNECTED
05-17 09:27:11.638  1697  1747 D ConnectivityService: Adding iface wlan0 to network 101
05-17 09:27:11.682  1697  1747 D ConnectivityService: Setting DNS servers for network 101 to [/10.0.2.3]
05-17 09:27:11.777  1697  1708 W ActivityManager: Unable to start service Intent { cmp=com.google.android.gm/com.android.email.service.AttachmentService } U=0: not found
05-17 09:27:11.806  1697  1707 W ActivityManager: Unable to start service Intent { cmp=com.google.android.gm.exchange/com.android.exchange.service.EasService } U=0: not found
05-17 09:27:11.810  1697  1747 D NetworkNotificationManager: clearNotification id=101
05-17 09:27:11.810  1697  1747 D ConnectivityService: NetworkAgentInfo [WIFI () - 101] validation passed
05-17 09:27:11.811  1697  1747 D ConnectivityService: Switching to new default network: NetworkAgentInfo{ ni{[type: WIFI[], state: CONNECTED/CONNECTED, reason: (unspecified), extra: "AndroidWifi", failover: false, available: true, roaming: false, metered: false]}  network{101}  nethandle{433808132830}  lp{{InterfaceName: wlan0 LinkAddresses: [fe80::ff:fe44:5566/64,192.168.232.2/21,]  Routes: [fe80::/64 -> :: wlan0,192.168.232.0/21 -> 0.0.0.0 wlan0,0.0.0.0/0 -> 192.168.232.1 wlan0,] DnsAddresses: [10.0.2.3,] Domains: null MTU: 0 TcpBufferSizes: 524288,1048576,2097152,262144,524288,1048576}}  nc{[ Transports: WIFI Capabilities: NOT_METERED&INTERNET&NOT_RESTRICTED&TRUSTED&NOT_VPN&VALIDATED&FOREGROUND LinkUpBandwidth>=1048576Kbps LinkDnBandwidth>=1048576Kbps SignalStrength: -50]}  Score{57}  everValidated{true}  lastValidated{true}  created{true} lingering{false} explicitlySelected{false} acceptUnvalidated{false} everCaptivePortalDetected{false} lastCaptivePortalDetected{false} }
05-17 09:27:11.836  1697  1708 I ActivityManager: Start proc 2538:com.android.providers.calendar/u0a2 for content provider com.android.providers.calendar/.CalendarProvider2
05-17 09:27:11.850  1697  2277 I ActivityManager: Start proc 2551:com.google.android.partnersetup/u0a18 for content provider com.google.android.partnersetup/.RlzAppProvider
05-17 09:27:11.851  1697  1747 D ConnectivityService: Lingering NetworkAgentInfo [MOBILE (LTE) - 100] for 30000ms
05-17 09:27:11.851  1697  1747 D ConnectivityService: Sending DISCONNECTED broadcast for type 0 NetworkAgentInfo [MOBILE (LTE) - 100] isDefaultNetwork=true
05-17 09:27:11.854  1697  1747 D ConnectivityService: Sending CONNECTED broadcast for type 1 NetworkAgentInfo [WIFI () - 101] isDefaultNetwork=true
05-17 09:27:11.882  1697  1707 W InputMethodManagerService: Window already focused, ignoring focus gain of: com.android.internal.view.IInputMethodClient$Stub$Proxy@64df44b attribute=null, token = android.os.BinderProxy@f1e2e6a
05-17 09:27:12.448  1697  2068 I ActivityManager: Start proc 2678:com.android.vending/u0a21 for broadcast com.android.vending/com.google.android.finsky.simhandler.SimStateReceiver
05-17 09:27:12.563  2261  2403 E ActivityThread: Failed to find provider info for com.google.android.apps.gsa.testing.ui.audio.recorded
05-17 09:27:14.088  1697  1697 I ActivityManager: Start proc 2758:com.android.dialer/u0a9 for broadcast com.android.dialer/.calllog.CallLogReceiver
05-17 09:27:14.093  1697  2757 I BootReceiver: Copying audit failures to DropBox
05-17 09:27:14.093  1697  2757 I BootReceiver: Checking for fsck errors
05-17 09:27:14.186  2464  2756 E ActivityThread: Failed to find provider info for com.google.android.wearable.settings
05-17 09:27:14.218  1697  2015 I ActivityManager: Start proc 2790:com.android.vending:background/u0a21 for service com.android.vending/com.google.android.finsky.ipcservers.background.BackgroundGrpcServerAndroidService
05-17 09:27:14.233  1697  1697 I Telecom : PhoneAccountRegistrar: SimCallManager queried, returning: null: TSI.gSCMFU@ACg
05-17 09:27:14.266  1697  1916 I ActivityManager: Start proc 2805:com.android.managedprovisioning/u0a19 for broadcast com.android.managedprovisioning/.BootReminder
05-17 09:27:14.328  1697  1913 I ActivityManager: Start proc 2824:com.google.android.gms.unstable/u0a13 for service com.google.android.gms/.droidguard.DroidGuardService
--------- beginning of main
05-17 09:27:14.436  1884  2841 V OmtpMessageSender: Sending BINARY sms 'Activate:dt=15' to 122:1808
05-17 09:27:14.442  1884  1884 D VvmStatusSmsFetcher: Request SMS successfully sent
05-17 09:27:14.444  2678  2775 I chatty  : uid=10021(com.android.vending) expire 6 lines
05-17 09:27:14.450  2464  2480 I chatty  : uid=10013(com.google.android.gms) Binder:2464_3 expire 3 lines
05-17 09:27:14.453  1697  1708 D ConnectivityService: requestNetwork for uid/pid:10021/2790 NetworkRequest [ TRACK_DEFAULT id=6, [ Capabilities: INTERNET&NOT_RESTRICTED&TRUSTED&NOT_VPN] ]
05-17 09:27:14.453  1697  1743 D WIFI_UT : got request NetworkRequest [ TRACK_DEFAULT id=6, [ Capabilities: INTERNET&NOT_RESTRICTED&TRUSTED&NOT_VPN] ] with score 57
05-17 09:27:14.453  1884  1884 D PhoneSwitcherNetworkRequstListener: got request NetworkRequest [ TRACK_DEFAULT id=6, [ Capabilities: INTERNET&NOT_RESTRICTED&TRUSTED&NOT_VPN] ] with score 57
05-17 09:27:14.453  1697  1743 D WIFI    : got request NetworkRequest [ TRACK_DEFAULT id=6, [ Capabilities: INTERNET&NOT_RESTRICTED&TRUSTED&NOT_VPN] ] with score 57
05-17 09:27:14.461  2790  2794 I chatty  : uid=10021 com.android.vending:background expire 9 lines
05-17 09:27:14.570  2790  2870 I chatty  : uid=10021 com.android.vending:background expire 5 lines
05-17 09:27:14.609  2678  2855 I chatty  : uid=10021(com.android.vending) expire 2 lines
05-17 09:27:14.647  2876  2876 W art     : Unexpected CPU variant for X86 using defaults: x86
05-17 09:27:14.652  1697  2277 I ActivityManager: Start proc 2876:com.google.android.apps.messaging/u0a67 for broadcast com.google.android.apps.messaging/.shared.receiver.BootAndPackageReplacedReceiver
05-17 09:27:14.664  2678  2873 I chatty  : uid=10021(com.android.vending) expire 1 line
05-17 09:27:14.681  2876  2876 W System  : ClassLoader referenced unknown path: /system/app/PrebuiltBugle/lib/x86
05-17 09:27:14.711  2678  2891 I chatty  : uid=10021(com.android.vending) expire 1 line
05-17 09:27:14.769  2211  2861 W MediaScanner: Error opening directory '/oem/media/', skipping: No such file or directory.
05-17 09:27:14.850  2678  2871 I chatty  : uid=10021(com.android.vending) expire 6 lines
05-17 09:27:14.852  2211  2861 V MediaScanner: pruneDeadThumbnailFiles... android.content.ContentProviderClient$CursorWrapperInner@5f5a751
05-17 09:27:14.852  2211  2861 V MediaScanner: /pruneDeadThumbnailFiles... android.content.ContentProviderClient$CursorWrapperInner@5f5a751
05-17 09:27:14.988  2824  2837 I chatty  : uid=10013(com.google.android.gms) Binder:2824_3 expire 14 lines
05-17 09:27:15.002  2876  2876 I Bugle   : BootAndPackageReplacedReceiver: run after reboot tasks
05-17 09:27:15.009  2912  2912 W art     : Unexpected CPU variant for X86 using defaults: x86
05-17 09:27:15.011  2876  2908 I Bugle   : ApnsOta: OTA version -1
05-17 09:27:15.014  1697  2277 I ActivityManager: Start proc 2912:com.google.android.apps.photos/u0a66 for broadcast com.google.android.apps.photos/.camerashortcut.CameraShortcutBroadcastReceiver
05-17 09:27:15.023  2876  2876 I Bugle   : Carrier config changed. Reloading MMS config.
05-17 09:27:15.033  2912  2912 W System  : ClassLoader referenced unknown path: /system/app/Photos/lib/x86
05-17 09:27:15.071  2876  2908 W Bugle   : canonicalizeMccMnc: invalid mccmnc:null ,null
05-17 09:27:15.071  2928  2928 I chatty  : uid=10013(com.google.android.gms) /system/bin/dex2oat expire 8 lines
05-17 09:27:15.076  1697  1913 D MmsServiceBroker: getCarrierConfigValues() by com.google.android.apps.messaging
05-17 09:27:15.076  1697  1913 W MmsServiceBroker: MmsService not connected. Try connecting...
05-17 09:27:15.077  1697  1697 I MmsServiceBroker: Connecting to MmsService
05-17 09:27:15.077  1697  1697 W ContextImpl: Calling a method in the system process without a qualified user: android.app.ContextImpl.bindService:1421 com.android.server.MmsServiceBroker.tryConnecting:241 com.android.server.MmsServiceBroker.-wrap3:-1 com.android.server.MmsServiceBroker$1.handleMessage:83 android.os.Handler.dispatchMessage:102 
05-17 09:27:15.086  2876  2911 I BugleDataModel: Fixup: Send failed - 0 Download failed - 0
05-17 09:27:15.091  1884  1884 W System  : ClassLoader referenced unknown path: /system/priv-app/MmsService/lib/x86
05-17 09:27:15.092  1884  1884 D ApplicationLoaders: ignored Vulkan layer search path /system/priv-app/MmsService/lib/x86:/system/lib:/vendor/lib for namespace 0xa84700d0
05-17 09:27:15.093  1884  1884 D MmsService: onCreate
05-17 09:27:15.095  1884  1884 I MmsService: MmsConfigManager receiver action: android.intent.action.SIM_STATE_CHANGED
05-17 09:27:15.095  1884  1884 I MmsService: MmsConfigManager receiver action: android.telephony.action.CARRIER_CONFIG_CHANGED
05-17 09:27:15.096  1884  2934 I MmsService: MmsConfigManager loads in background mcc/mnc: 310/260
05-17 09:27:15.096  1697  1697 I MmsServiceBroker: MmsService connected
05-17 09:27:15.096  1884  2071 D MmsService: getCarrierConfigValues
05-17 09:27:15.096  1884  2071 I MmsService: mms config for sub 1: null
05-17 09:27:15.096  2876  2908 I Bugle   : Carrier configs loaded: Bundle[{spamForwardingNumber=7726, maxImageHeight=1944, maxMessageSize=1048576, maxImageWidth=2592}] from resources+system for subId=1
05-17 09:27:15.100  1884  2935 I MmsService: MmsConfigManager loads in background mcc/mnc: 310/260
05-17 09:27:15.104  1884  2936 I MmsService: MmsConfigManager loads in background mcc/mnc: 310/260
05-17 09:27:15.110  2876  2926 W Bugle   : canonicalizeMccMnc: invalid mccmnc:null ,null
05-17 09:27:15.112  1697  2277 D MmsServiceBroker: getCarrierConfigValues() by com.google.android.apps.messaging
05-17 09:27:15.112  1884  2112 D MmsService: getCarrierConfigValues
05-17 09:27:15.112  1884  2112 I MmsService: mms config for sub 1: Bundle[{httpSocketTimeout=60000, aliasMinChars=2, smsToMmsTextThreshold=-1, enableSMSDeliveryReports=true, maxMessageTextSize=-1, supportMmsContentDisposition=true, enabledTransID=false, aliasEnabled=false, supportHttpCharsetHeader=false, allowAttachAudio=true, smsToMmsTextLengthThreshold=-1, recipientLimit=2147483647, uaProfTagName=x-wap-profile, aliasMaxChars=48, maxImageHeight=1944, enableMMSDeliveryReports=false, userAgent=, mmsCloseConnection=false, config_cellBroadcastAppLinks=true, maxSubjectLength=40, httpParams=, enableGroupMms=true, emailGatewayNumber=, maxMessageSize=1048576, naiSuffix=, enableMMSReadReports=false, maxImageWidth=2592, uaProfUrl=, enabledMMS=false, enabledNotifyWapMMSC=false, sendMultipartSmsAsSeparateMessages=false, enableMultipartSMS=true}]
05-17 09:27:15.112  2876  2926 I Bugle   : Carrier configs loaded: Bundle[{httpSocketTimeout=60000, aliasMinChars=2, smsToMmsTextThreshold=-1, enableSMSDeliveryReports=true, maxMessageTextSize=-1, supportMmsContentDisposition=true, enabledTransID=false, aliasEnabled=false, supportHttpCharsetHeader=false, allowAttachAudio=true, spamForwardingNumber=7726, smsToMmsTextLengthThreshold=-1, recipientLimit=2147483647, uaProfTagName=x-wap-profile, aliasMaxChars=48, maxImageHeight=1944, enableMMSDeliveryReports=false, userAgent=, mmsCloseConnection=false, config_cellBroadcastAppLinks=true, maxSubjectLength=40, httpParams=, enableGroupMms=true, emailGatewayNumber=, maxMessageSize=1048576, naiSuffix=, enableMMSReadReports=false, maxImageWidth=2592, uaProfUrl=, enabledMMS=false, enabledNotifyWapMMSC=false, sendMultipartSmsAsSeparateMessages=false, enableMultipartSMS=true}] from resources+system for subId=1
05-17 09:27:15.116  2876  2926 W Bugle   : canonicalizeMccMnc: invalid mccmnc:null ,null
05-17 09:27:15.118  1697  1913 D MmsServiceBroker: getCarrierConfigValues() by com.google.android.apps.messaging
05-17 09:27:15.118  1884  1898 D MmsService: getCarrierConfigValues
05-17 09:27:15.118  1884  1898 I MmsService: mms config for sub 1: Bundle[{httpSocketTimeout=60000, aliasMinChars=2, smsToMmsTextThreshold=-1, enableSMSDeliveryReports=true, maxMessageTextSize=-1, supportMmsContentDisposition=true, enabledTransID=false, aliasEnabled=false, supportHttpCharsetHeader=false, allowAttachAudio=true, smsToMmsTextLengthThreshold=-1, recipientLimit=2147483647, uaProfTagName=x-wap-profile, aliasMaxChars=48, maxImageHeight=1944, enableMMSDeliveryReports=false, userAgent=, mmsCloseConnection=false, config_cellBroadcastAppLinks=true, maxSubjectLength=40, httpParams=, enableGroupMms=true, emailGatewayNumber=, maxMessageSize=1048576, naiSuffix=, enableMMSReadReports=false, maxImageWidth=2592, uaProfUrl=, enabledMMS=false, enabledNotifyWapMMSC=false, sendMultipartSmsAsSeparateMessages=false, enableMultipartSMS=true}]
05-17 09:27:15.118  2876  2926 I Bugle   : Carrier configs loaded: Bundle[{httpSocketTimeout=60000, aliasMinChars=2, smsToMmsTextThreshold=-1, enableSMSDeliveryReports=true, maxMessageTextSize=-1, supportMmsContentDisposition=true, enabledTransID=false, aliasEnabled=false, supportHttpCharsetHeader=false, allowAttachAudio=true, spamForwardingNumber=7726, smsToMmsTextLengthThreshold=-1, recipientLimit=2147483647, uaProfTagName=x-wap-profile, aliasMaxChars=48, maxImageHeight=1944, enableMMSDeliveryReports=false, userAgent=, mmsCloseConnection=false, config_cellBroadcastAppLinks=true, maxSubjectLength=40, httpParams=, enableGroupMms=true, emailGatewayNumber=, maxMessageSize=1048576, naiSuffix=, enableMMSReadReports=false, maxImageWidth=2592, uaProfUrl=, enabledMMS=false, enabledNotifyWapMMSC=false, sendMultipartSmsAsSeparateMessages=false, enableMultipartSMS=true}] from resources+system for subId=1
05-17 09:27:15.486  2876  2952 I BugleDataModel: ExpireWapPushSiMessageAction
05-17 09:27:15.492  1697  1708 D CountryDetector: The first listener is added
05-17 09:27:15.497  2876  2952 W BugleDataModel: ExpireWapPushSiMessageAction: no WAP Push SI messages
05-17 09:27:15.567  2959  2959 W ps      : type=1400 audit(0.0:17): avc: denied { getattr } for path="/proc/1" dev="proc" ino=3168 scontext=u:r:untrusted_app:s0:c512,c768 tcontext=u:r:init:s0 tclass=dir permissive=0
05-17 09:27:15.567  2959  2959 W ps      : type=1400 audit(0.0:18): avc: denied { search } for name="1" dev="proc" ino=3168 scontext=u:r:untrusted_app:s0:c512,c768 tcontext=u:r:init:s0 tclass=dir permissive=0
05-17 09:27:15.567  2959  2959 W ps      : type=1400 audit(0.0:19): avc: denied { search } for name="1" dev="proc" ino=3168 scontext=u:r:untrusted_app:s0:c512,c768 tcontext=u:r:init:s0 tclass=dir permissive=0
05-17 09:27:15.567  2959  2959 W ps      : type=1400 audit(0.0:20): avc: denied { getattr } for path="/proc/2" dev="proc" ino=7843 scontext=u:r:untrusted_app:s0:c512,c768 tcontext=u:r:kernel:s0 tclass=dir permissive=0
05-17 09:27:15.567  2959  2959 W ps      : type=1400 audit(0.0:21): avc: denied { search } for name="2" dev="proc" ino=7843 scontext=u:r:untrusted_app:s0:c512,c768 tcontext=u:r:kernel:s0 tclass=dir permissive=0
05-17 09:27:15.567  2959  2959 W ps      : type=1400 audit(0.0:22): avc: denied { search } for name="2" dev="proc" ino=7843 scontext=u:r:untrusted_app:s0:c512,c768 tcontext=u:r:kernel:s0 tclass=dir permissive=0
05-17 09:27:15.582  1884  2071 D TelephonyProvider: subIdString = 1 subId = 1
05-17 09:27:15.567  2959  2959 W ps      : type=1400 audit(0.0:23): avc: denied { getattr } for path="/proc/3" dev="proc" ino=7844 scontext=u:r:untrusted_app:s0:c512,c768 tcontext=u:r:kernel:s0 tclass=dir permissive=0
05-17 09:27:15.567  2959  2959 W ps      : type=1400 audit(0.0:24): avc: denied { search } for name="3" dev="proc" ino=7844 scontext=u:r:untrusted_app:s0:c512,c768 tcontext=u:r:kernel:s0 tclass=dir permissive=0
05-17 09:27:15.567  2959  2959 W ps      : type=1400 audit(0.0:25): avc: denied { search } for name="3" dev="proc" ino=7844 scontext=u:r:untrusted_app:s0:c512,c768 tcontext=u:r:kernel:s0 tclass=dir permissive=0
05-17 09:27:15.567  2959  2959 W ps      : type=1400 audit(0.0:26): avc: denied { getattr } for path="/proc/4" dev="proc" ino=7845 scontext=u:r:untrusted_app:s0:c512,c768 tcontext=u:r:kernel:s0 tclass=dir permissive=0
05-17 09:27:15.567  2959  2959 W ps      : type=1400 audit(0.0:27): avc: denied { search } for name="4" dev="proc" ino=7845 scontext=u:r:untrusted_app:s0:c512,c768 tcontext=u:r:kernel:s0 tclass=dir permissive=0
05-17 09:27:15.567  2959  2959 W ps      : type=1400 audit(0.0:28): avc: denied { search } for name="4" dev="proc" ino=7845 scontext=u:r:untrusted_app:s0:c512,c768 tcontext=u:r:kernel:s0 tclass=dir permissive=0
05-17 09:27:15.567  2959  2959 W ps      : type=1400 audit(0.0:29): avc: denied { getattr } for path="/proc/5" dev="proc" ino=7846 scontext=u:r:untrusted_app:s0:c512,c768 tcontext=u:r:kernel:s0 tclass=dir permissive=0
05-17 09:27:15.567  2959  2959 W ps      : type=1400 audit(0.0:30): avc: denied { search } for name="5" dev="proc" ino=7846 scontext=u:r:untrusted_app:s0:c512,c768 tcontext=u:r:kernel:s0 tclass=dir permissive=0
05-17 09:27:15.567  2959  2959 W ps      : type=1400 audit(0.0:31): avc: denied { search } for name="5" dev="proc" ino=7846 scontext=u:r:untrusted_app:s0:c512,c768 tcontext=u:r:kernel:s0 tclass=dir permissive=0
05-17 09:27:15.567  2959  2959 W ps      : type=1400 audit(0.0:32): avc: denied { getattr } for path="/proc/6" dev="proc" ino=7847 scontext=u:r:untrusted_app:s0:c512,c768 tcontext=u:r:kernel:s0 tclass=dir permissive=0
05-17 09:27:15.567  2959  2959 W ps      : type=1400 audit(0.0:33): avc: denied { search } for name="6" dev="proc" ino=7847 scontext=u:r:untrusted_app:s0:c512,c768 tcontext=u:r:kernel:s0 tclass=dir permissive=0
05-17 09:27:15.567  2959  2959 W ps      : type=1400 audit(0.0:34): avc: denied { search } for name="6" dev="proc" ino=7847 scontext=u:r:untrusted_app:s0:c512,c768 tcontext=u:r:kernel:s0 tclass=dir permissive=0
05-17 09:27:15.567  2959  2959 W ps      : type=1400 audit(0.0:35): avc: denied { getattr } for path="/proc/7" dev="proc" ino=7848 scontext=u:r:untrusted_app:s0:c512,c768 tcontext=u:r:kernel:s0 tclass=dir permissive=0
05-17 09:27:15.567  2959  2959 W ps      : type=1400 audit(0.0:36): avc: denied { search } for name="7" dev="proc" ino=7848 scontext=u:r:untrusted_app:s0:c512,c768 tcontext=u:r:kernel:s0 tclass=dir permissive=0
05-17 09:27:15.567  2959  2959 W ps      : type=1400 audit(0.0:37): avc: denied { search } for name="7" dev="proc" ino=7848 scontext=u:r:untrusted_app:s0:c512,c768 tcontext=u:r:kernel:s0 tclass=dir permissive=0
05-17 09:27:15.567  2959  2959 W ps      : type=1400 audit(0.0:38): avc: denied { getattr } for path="/proc/8" dev="proc" ino=7849 scontext=u:r:untrusted_app:s0:c512,c768 tcontext=u:r:kernel:s0 tclass=dir permissive=0
05-17 09:27:15.567  2959  2959 W ps      : type=1400 audit(0.0:39): avc: denied { search } for name="8" dev="proc" ino=7849 scontext=u:r:untrusted_app:s0:c512,c768 tcontext=u:r:kernel:s0 tclass=dir permissive=0
05-17 09:27:15.567  2959  2959 W ps      : type=1400 audit(0.0:40): avc: denied { search } for name="8" dev="proc" ino=7849 scontext=u:r:untrusted_app:s0:c512,c768 tcontext=u:r:kernel:s0 tclass=dir permissive=0
05-17 09:27:15.567  2959  2959 W ps      : type=1400 audit(0.0:41): avc: denied { getattr } for path="/proc/9" dev="proc" ino=7850 scontext=u:r:untrusted_app:s0:c512,c768 tcontext=u:r:kernel:s0 tclass=dir permissive=0
05-17 09:27:15.567  2959  2959 W ps      : type=1400 audit(0.0:42): avc: denied { search } for name="9" dev="proc" ino=7850 scontext=u:r:untrusted_app:s0:c512,c768 tcontext=u:r:kernel:s0 tclass=dir permissive=0
05-17 09:27:15.567  2959  2959 W ps      : type=1400 audit(0.0:43): avc: denied { search } for name="9" dev="proc" ino=7850 scontext=u:r:untrusted_app:s0:c512,c768 tcontext=u:r:kernel:s0 tclass=dir permissive=0
05-17 09:27:15.774  2464  2967 I chatty  : uid=10013(com.google.android.gms) OkHttpClientTra expire 51 lines
05-17 09:27:15.792  2982  2982 W art     : Unexpected CPU variant for X86 using defaults: x86
05-17 09:27:15.798  1697  2015 I ActivityManager: Start proc 2982:com.google.android.apps.photos:CameraShortcut/u0a66 for service com.google.android.apps.photos/.camerashortcut.CameraShortcutServiceImpl
05-17 09:27:15.804  2982  2982 W System  : ClassLoader referenced unknown path: /system/app/Photos/lib/x86
05-17 09:27:15.858  3000  3000 W art     : Unexpected CPU variant for X86 using defaults: x86
05-17 09:27:15.863  1697  2013 I ActivityManager: Start proc 3000:com.google.android.apps.wallpaper/u0a73 for broadcast com.google.android.apps.wallpaper/.module.GoogleBootReceiver
05-17 09:27:15.883  3000  3000 W System  : ClassLoader referenced unknown path: /system/app/WallpaperPickerGooglePrebuilt/lib/x86
05-17 09:27:15.895  2678  2997 I chatty  : uid=10021(com.android.vending) expire 4 lines
05-17 09:27:15.951  3021  3021 W art     : Unexpected CPU variant for X86 using defaults: x86
05-17 09:27:15.952  1697  1916 I ActivityManager: Start proc 3021:com.google.android.calendar/u0a34 for broadcast com.google.android.calendar/com.android.calendar.alerts.AlertReceiver
05-17 09:27:15.997  3021  3021 W System  : ClassLoader referenced unknown path: /system/app/CalendarGooglePrebuilt/lib/x86
05-17 09:27:16.020  2824  2848 I chatty  : uid=10013 com.google.android.gms.unstable expire 18 lines
05-17 09:27:16.034  2678  2715 I chatty  : uid=10021(com.android.vending) expire 2 lines
05-17 09:27:16.043  2678  2736 I chatty  : uid=10021(com.android.vending) expire 2 lines
05-17 09:27:16.155  2678  2738 I chatty  : uid=10021(com.android.vending) expire 2 lines
05-17 09:27:16.522  2244  2663 I chatty  : uid=10013(com.google.android.gms) Binder:2244_4 expire 1 line
05-17 09:27:16.545  2464  2756 E ActivityThread: Failed to find provider info for com.google.android.wearable.settings
05-17 09:27:16.552  2876  3053 I Bugle   : ApnsOta: OTA version -1
05-17 09:27:16.593  1697  2013 W ActivityManager: Unable to start service Intent { act=com.google.android.gms.playlog.service.START pkg=com.google.android.gms } U=0: not found
05-17 09:27:16.593  1697  2277 W ActivityManager: Unbind failed: could not find connection for android.os.BinderProxy@1cd501d
05-17 09:27:16.593  3021  3021 E GmsClient: unable to connect to service: com.google.android.gms.playlog.service.START
05-17 09:27:16.624  3021  3021 E TimelyPrefService: Primary account is null
05-17 09:27:16.681  2367  2502 I GAV2    : Thread[GAThread,5,main]: No campaign data found.
05-17 09:27:16.731  1400  1400 I         : free_cache(20098016) avail 5992886272
05-17 09:27:16.734  1400  1400 I         : free_cache(0) avail 5992890368
05-17 09:27:16.737  3021  3021 W AnalyticsLogBase: PlayLogger.onLoggerFailedConnection
05-17 09:27:16.782  3080  3080 W art     : Unexpected CPU variant for X86 using defaults: x86
05-17 09:27:16.786  1697  2013 I ActivityManager: Start proc 3080:com.google.android.configupdater/u0a5 for broadcast com.google.android.configupdater/.CertPin.CertPinUpdateRequestReceiver
05-17 09:27:16.799  2790  2865 I chatty  : uid=10021 com.android.vending:background expire 9 lines
05-17 09:27:16.801  3080  3080 W System  : ClassLoader referenced unknown path: /system/priv-app/ConfigUpdater/lib/x86
05-17 09:27:16.841  2790  3100 I chatty  : uid=10021 com.android.vending:background expire 4 lines
05-17 09:27:16.845  2790  3101 I chatty  : uid=10021 com.android.vending:background expire 1 line
05-17 09:27:16.849  3080  3080 E ConfigUpdater: ignoring update request
05-17 09:27:16.850  3080  3080 E ConfigUpdater: ignoring update request
05-17 09:27:16.901  3080  3080 E ConfigUpdater: ignoring update request
05-17 09:27:16.903  3080  3080 E ConfigUpdater: ignoring update request
05-17 09:27:16.904  3080  3080 E ConfigUpdater: ignoring update request
05-17 09:27:16.905  3080  3080 E ConfigUpdater: ignoring update request
05-17 09:27:16.906  3080  3080 E ConfigUpdater: ignoring update request
05-17 09:27:16.921  2367  2367 W EasBundling: Gmail: isExchangeLegacy=false action=android.intent.action.BOOT_COMPLETED data=null
05-17 09:27:16.926  2367  2367 I Exchange: EasService.onCreate
05-17 09:27:16.926  1697  2277 W ActivityManager: Unable to start service Intent { cmp=com.google.android.gm.exchange/com.android.exchange.service.EasService } U=0: not found
05-17 09:27:16.926  2367  2367 I Exchange: EasService.onCreate stoppedOldService=false
05-17 09:27:16.926  2367  2367 I Exchange: needResyncCalendar: false, hasCalendarPermission: true, needResyncContacts: false, hasContactsPermission: true
05-17 09:27:16.927  2367  2431 I Exchange: RestartPingTask
05-17 09:27:16.931  2367  2367 I Exchange: RestartPingsTask did not start any pings.
05-17 09:27:16.931  2367  2367 I Exchange: onDestroy
05-17 09:27:16.935  2678  2748 I chatty  : uid=10021(com.android.vending) expire 2 lines
05-17 09:27:16.941  2367  2432 I Gmail   : getAccountsCursor
05-17 09:27:16.950  2464  3126 I chatty  : uid=10013(com.google.android.gms) expire 7 lines
05-17 09:27:16.955  2790  3129 I chatty  : uid=10021 com.android.vending:background expire 2 lines
05-17 09:27:16.975  2084  3135 I chatty  : uid=10013 com.google.android.gms.persistent expire 1 line
05-17 09:27:16.981  3139  3139 W art     : Unexpected CPU variant for X86 using defaults: x86
05-17 09:27:16.989  1697  2013 I ActivityManager: Start proc 3139:com.android.chrome/u0a38 for service com.android.chrome/org.chromium.chrome.browser.customtabs.CustomTabsConnectionService
05-17 09:27:17.046  2678  2744 I chatty  : uid=10021(com.android.vending) expire 5 lines
05-17 09:27:17.124  2678  2864 I chatty  : uid=10021(com.android.vending) expire 5 lines
05-17 09:27:17.133  2464  3127 I chatty  : uid=10013(com.google.android.gms) expire 10 lines
05-17 09:27:17.138  3139  3139 W System  : ClassLoader referenced unknown path: /system/app/Chrome/lib/x86
05-17 09:27:17.139  3160  3160 W art     : Unexpected CPU variant for X86 using defaults: x86
05-17 09:27:17.144  1697  1913 I ActivityManager: Start proc 3160:com.google.android.onetimeinitializer/u0a16 for broadcast com.google.android.onetimeinitializer/.OneTimeInitializerReceiver
05-17 09:27:17.151  2790  3098 I chatty  : uid=10021 com.android.vending:background expire 3 lines
05-17 09:27:17.156  2084  3175 I chatty  : uid=10013 com.google.android.gms.persistent expire 5 lines
05-17 09:27:17.158  3160  3160 W System  : ClassLoader referenced unknown path: /system/priv-app/GoogleOneTimeInitializer/lib/x86
05-17 09:27:17.160  2464  3125 I chatty  : uid=10013(com.google.android.gms) expire 1 line
05-17 09:27:17.161  3160  3160 V OneTimeInitializerReceiver: OneTimeInitializerReceiver.onReceive
05-17 09:27:17.168  2790  3178 I chatty  : uid=10021 com.android.vending:background expire 1 line
05-17 09:27:17.173  3160  3181 V OneTimeService: OneTimeService.onHandleIntent
05-17 09:27:17.174  2790  3177 I chatty  : uid=10021 com.android.vending:background expire 2 lines
05-17 09:27:17.176  3160  3181 V OneTimeService: Already run, doing nothing.
05-17 09:27:17.178  2464  3133 I chatty  : uid=10013(com.google.android.gms) expire 4 lines
05-17 09:27:17.178  1697  1913 I ActivityManager: Killing 2157:com.android.keychain/1000 (adj 906): empty #17
05-17 09:27:17.183  2261  3154 I LegacySearchBackgroundT: Creating music Logger runnable task
05-17 09:27:17.184  2261  3154 I LegacySearchBackgroundT: refreshing internal icing corpora
05-17 09:27:17.184  2261  3154 I LegacySearchBackgroundT: Checking for language pack updates
05-17 09:27:17.190  2464  3183 I chatty  : uid=10013(com.google.android.gms) expire 1 line
05-17 09:27:17.201  3202  3202 W art     : Unexpected CPU variant for X86 using defaults: x86
05-17 09:27:17.203  2790  3186 I chatty  : uid=10021 com.android.vending:background expire 3 lines
05-17 09:27:17.208  1697  2277 I ActivityManager: Start proc 3202:com.google.android.talk/u0a56 for broadcast com.google.android.talk/com.google.android.apps.hangouts.service.broadcastreceiver.BootReceiver
05-17 09:27:17.212  2261  3220 W ThreadPoolDumper: Queue length for executor Non-User-Facing Blocking is now 6. Perhaps some tasks are too long, or the pool is too small.
05-17 09:27:17.220  2464  2972 I chatty  : uid=10013(com.google.android.gms) highpool[1] expire 3 lines
05-17 09:27:17.221  1697  3218 D ActivityManager: cleanUpApplicationRecord -- 2157
05-17 09:27:17.218  2261  2671 I GservicesUpdateTask: Updating Gservices keys
05-17 09:27:17.248  2464  3242 I chatty  : uid=10013(com.google.android.gms) expire 6 lines
05-17 09:27:17.248  2464  3179 I chatty  : uid=10013(com.google.android.gms) expire 2 lines
05-17 09:27:17.251  2551  3199 I RlzPingService: Setting next ping for 1680121068024
05-17 09:27:17.258  2261  3250 I UpdateIcingCorporaServi: Updating corpora: APPS=MAYBE, CONTACTS=MAYBE
05-17 09:27:17.261  2464  3158 I chatty  : uid=10013(com.google.android.gms) expire 3 lines
05-17 09:27:17.263  2551  2551 I RlzPingService: Setting next ping for 1684945637262
05-17 09:27:17.266  2261  3235 W System  : ClassLoader referenced unknown path: /system/app/Chrome/lib/x86
05-17 09:27:17.267  2261  3235 D ApplicationLoaders: ignored Vulkan layer search path /system/app/Chrome/lib/x86:/system/app/Chrome/Chrome.apk!/lib/x86:/system/lib:/vendor/lib for namespace 0xa8329090
05-17 09:27:17.268  2261  3235 I WebViewFactory: Loading com.android.chrome version 55.0.2883.91 (code 288309112)
05-17 09:27:17.274  2487  3201 I GoogleHttpClient: GMS http client unavailable, use old client
05-17 09:27:17.275  2551  3194 I art     : Waiting for a blocking GC DisableMovingGc
