05-16 07:39:34.832: D/AOC(1054): A3:MSG: controller.cc, 811: CNTRL: ipc: control, cmd ID: 0x000a, tag: 0x99, rc: 0
05-16 07:39:34.833: D/AOC(1054): A3:MSG: controller.cc, 273: CNTRL: cmd ID: 0x000a, tag: 0x9a [cntr = 164]
05-16 07:39:34.833: D/AOC(1054): A3:MSG: controller.cc, 811: CNTRL: ipc: control, cmd ID: 0x000a, tag: 0x9a, rc: 0
05-16 07:39:34.834: D/AOC(1054): A3:MSG: controller.cc, 273: CNTRL: cmd ID: 0x000a, tag: 0x9b [cntr = 165]
05-16 07:39:34.834: D/AOC(1054): A3:MSG: controller.cc, 811: CNTRL: ipc: control, cmd ID: 0x000a, tag: 0x9b, rc: 0
05-16 07:39:34.834: D/AOC(1054): A3:MSG: controller.cc, 273: CNTRL: cmd ID: 0x000a, tag: 0x9c [cntr = 166]
05-16 07:39:34.834: D/AOC(1054): A3:MSG: controller.cc, 811: CNTRL: ipc: control, cmd ID: 0x000a, tag: 0x9c, rc: 0
05-16 07:39:34.835: D/AOC(1054): A3:MSG: controller.cc, 273: CNTRL: cmd ID: 0x000a, tag: 0x9d [cntr = 167]
05-16 07:39:34.835: D/AOC(1054): A3:MSG: controller.cc, 811: CNTRL: ipc: control, cmd ID: 0x000a, tag: 0x9d, rc: 0
05-16 07:39:34.837: D/AOC(1054): A3:MSG: controller.cc, 273: CNTRL: cmd ID: 0x000a, tag: 0x9e [cntr = 168]
05-16 07:39:34.837: D/AOC(1054): A3:MSG: controller.cc, 811: CNTRL: ipc: control, cmd ID: 0x000a, tag: 0x9e, rc: 0
05-16 07:39:34.837: D/AOC(1054): A3:MSG: controller.cc, 273: CNTRL: cmd ID: 0x000a, tag: 0x9f [cntr = 169]
05-16 07:39:34.837: D/AOC(1054): A3:MSG: controller.cc, 811: CNTRL: ipc: control, cmd ID: 0x000a, tag: 0x9f, rc: 0
05-16 07:39:34.838: D/AOC(1054): A3:MSG: controller.cc, 273: CNTRL: cmd ID: 0x000a, tag: 0xa0 [cntr = 170]
05-16 07:39:34.839: D/AOC(1054): A3:MSG: controller.cc, 811: CNTRL: ipc: control, cmd ID: 0x000a, tag: 0xa0, rc: 0
05-16 07:39:34.839: I/Tips_TipsContentJobServ(12399): executeBackgroundSyncWork
05-16 07:39:34.839: I/Tips_TipsContentJobServ(12399): enqueueBackgroundSyncWork: PT0S
05-16 07:39:34.839: I/Tips_TipsContentJobServ(12399): resolvedType is 
05-16 07:39:34.839: D/Tips_TipsContentJobServ(12399): Apply default Tips server URI
05-16 07:39:34.840: I/bthal.activitywatcher(825): getStateResidency: ActivityStat{0 : totalTimeMs 0 totalEntryCount 0 lastEntryMs 37819}
05-16 07:39:34.840: I/bthal.activitywatcher(825): getStateResidency: ActivityStat{1 : totalTimeMs 0 totalEntryCount 2 lastEntryMs 37940}
05-16 07:39:34.840: I/bthal.activitywatcher(825): getStateResidency: ActivityStat{2 : totalTimeMs 0 totalEntryCount 0 lastEntryMs 0}
05-16 07:39:34.840: I/bthal.activitywatcher(825): getStateResidency: ActivityStat{3 : totalTimeMs 0 totalEntryCount 0 lastEntryMs 37808}
05-16 07:39:34.840: I/bthal.activitywatcher(825): send_hci_activities_vsc: Sent VSC <[4]{89, 253, 1, 1}>
05-16 07:39:34.842: I/bthal.activitywatcher(825): filter_hci_activities_vse: Filtered <[103]{14, 101, 1, 89, 253, 0, 1, 0, 0, 0, 0, 0, 0, 0, 0, 64, 220, 7, 0, 0, 0, 0, 0, 127, 222, 7, 0, 0, 0, 0, 0, 1, 0, 0, 0, 0, 0, 0, 0, 127, 222, 7, 0, 0, 0, 0, 0, 64, 220, 7, 0, 0, 0, 0, 0, 0, 0, 0, 0, 0, 0, 0, 0, 201, 143, 2, 0, 0, 0, 0, 0, 212, 143, 2, 0, 0, 0, 0, 0, 0, 0, 0, 0, 0, 0, 0, 0, 53, 220, 7, 0, 0, 0, 0, 0, 53, 220, 7, 0, 0, 0, 0, 0}>
05-16 07:39:34.842: I/bthal.flowcontrol(825): HciEventPreProcess: HCI Event 0xe Opcode 0xfd59 Length 103 handled by ControllerActivityWatcher
05-16 07:39:34.843: E/FrameEvents(3132): updateAcquireFence: Did not find frame.
05-16 07:39:34.849: I/Tips_NotificationReceiv(12399): onReceive: android.intent.action.LOCALE_CHANGED
05-16 07:39:34.850: I/Tips_TipsContentJobServ(12399): Job start
05-16 07:39:34.852: I/Tips_LocaleChangedRecei(12399): onReceive: android.intent.action.LOCALE_CHANGED
05-16 07:39:34.852: I/Tips_OnboardingJobServi(12399): [Trigger] forceUpdateSmartspace
05-16 07:39:34.853: I/Tips_SmartspaceConfig(12399): Should send the card for updating.
05-16 07:39:34.854: I/Tips_OnboardingJobServi(12399): Set network request none
05-16 07:39:34.854: D/Tips_ModuleReadingStatu(12399): Module reading status of tips content 1678953000 had already logged.
05-16 07:39:34.854: I/Tips_GetContentInfoWork(12399): startSetupTask: 3, force: false, allow: false
05-16 07:39:34.854: I/Tips_GetContentInfoWork(12399): Task status: 3
05-16 07:39:34.854: I/Tips_WorkerTools(12399): Notify UI to load Tips
05-16 07:39:34.860: I/Tips_OnboardingJobServi(12399): onStartJob
05-16 07:39:34.860: I/Tips_TipsContentJobServ(12399): Downloading flow is canceled: Not allow to start the task
05-16 07:39:34.861: I/Tips_TipsContentJobServ(12399): finishSetupTask: 3
05-16 07:39:34.861: I/Tips_TipsContentJobServ(12399): enqueueBackgroundSyncWork
05-16 07:39:34.861: I/Tips_OnboardingJobServi(12399): [Step 2] send the card
05-16 07:39:34.862: I/Tips_OnboardingJobServi(12399): SendSmartspaceNotificationTask run
05-16 07:39:34.863: I/Tips_TipsContentJobServ(12399): Job finish
05-16 07:39:34.865: I/Tips_OnboardingJobServi(12399): The device has been provisioned
05-16 07:39:34.865: I/Tips_OnboardingJobServi(12399): au: 1 fu: true
05-16 07:39:34.865: D/CompatibilityChangeReporter(1495): Compat change id reported: 168419799; UID 10139; state: DISABLED
05-16 07:39:34.870: I/Tips_OnboardingJobServi(12399): Update Tips app icon visible/invisible after device provisioned
05-16 07:39:34.872: D/TelephonyManager(1495): requestModemActivityInfo: Sending result to app: ModemActivityInfo{ mTimestamp=549237 mSleepTimeMs=14041 mIdleTimeMs=13946 mActivityStatsTechSpecificInfo=[{mRat=GERAN,mFrequencyRange=UNKNOWN,mTxTimeMs[]=[0, 0, 0, 0, 0],mRxTimeMs=66627}, {mRat=UTRAN,mFrequencyRange=UNKNOWN,mTxTimeMs[]=[0, 0, 0, 0, 0],mRxTimeMs=163290}, {mRat=EUTRAN,mFrequencyRange=UNKNOWN,mTxTimeMs[]=[0, 0, 0, 0, 0],mRxTimeMs=278386}, {mRat=NGRAN,mFrequencyRange=HIGH,mTxTimeMs[]=[0, 0, 0, 0, 0],mRxTimeMs=0}, {mRat=NGRAN,mFrequencyRange=MMWAVE,mTxTimeMs[]=[0, 0, 0, 0, 0],mRxTimeMs=0}, {mRat=UNKNOWN,mFrequencyRange=UNKNOWN,mTxTimeMs[]=[0, 0, 0, 0, 0],mRxTimeMs=0}]}
05-16 07:39:34.875: I/Tips_TipsContentJobServ(12399): The next sync time is May 30
05-16 07:39:34.875: I/Tips_TipsContentJobServ(12399): enqueueBackgroundSyncWork: PT336H
05-16 07:39:34.875: I/Tips_TipsContentJobServ(12399): resolvedType is 
05-16 07:39:34.875: D/Tips_TipsContentJobServ(12399): Apply default Tips server URI
05-16 07:39:34.882: I/A(10908): Creating pss binder().
05-16 07:39:34.887: I/A(10908): Calling beginSession().
05-16 07:39:34.888: E/AppOps(1495): Bad call made by uid 10163. Package "com.google.android.gms" does not belong to uid 10163.
05-16 07:39:34.889: E/AppOps(1495): Bad call made by uid 10163. Package "com.google.android.gms" does not belong to uid 10163.
05-16 07:39:34.890: E/AppOps(1495): Bad call made by uid 10163. Package "com.google.android.gms" does not belong to uid 10163.
05-16 07:39:34.890: I/A(10908): New PSS started. SessionType: SMARTSPACE_GENERIC_UPDATE_SESSION
05-16 07:39:34.906: W/PackageManager(1495): Cannot suspend package "com.android.vending": required for package verification
05-16 07:39:34.906: W/PackageManager(1495): Cannot suspend package "com.google.android.apps.work.oobconfig": protected package
05-16 07:39:34.906: W/PackageManager(1495): Cannot suspend the platform package: android
05-16 07:39:34.906: W/PackageManager(1495): Cannot suspend package "com.google.android.permissioncontroller": required for permissions management
05-16 07:39:34.907: W/PackageManager(1495): Cannot suspend package "com.google.android.dialer": is the default dialer
05-16 07:39:34.907: W/PackageManager(1495): Cannot suspend package "com.google.android.packageinstaller": required for package installation
05-16 07:39:34.907: W/PackageManager(1495): Cannot suspend package "com.google.android.apps.nexuslauncher": contains the active launcher
05-16 07:39:34.908: W/PackageManager(1495): Cannot suspend package "com.google.android.apps.mtaas.deviceadmin": has an active device admin
05-16 07:39:34.910: I/TNG.TipsDataController(10908): Success to write to pcp database.
05-16 07:39:34.918: D/ConnectivityService(1495): requestNetwork for uid/pid:10116/12386 activeRequest: null callbackRequest: 276 [NetworkRequest [ REQUEST id=277, [ Capabilities: INTERNET&NOT_RESTRICTED&TRUSTED&NOT_VCN_MANAGED Uid: 10116 RequestorUid: 10116 RequestorPkg: com.google.android.apps.safetyhub UnderlyingNetworks: Null] ]] callback flags: 0 order: 2147483647
05-16 07:39:34.919: D/WifiNetworkFactory(1495): got request NetworkRequest [ REQUEST id=277, [ Capabilities: INTERNET&NOT_RESTRICTED&TRUSTED&NOT_VCN_MANAGED Uid: 10116 RequestorUid: 10116 RequestorPkg: com.google.android.apps.safetyhub UnderlyingNetworks: Null] ]
05-16 07:39:34.919: D/UntrustedWifiNetworkFactory(1495): got request NetworkRequest [ REQUEST id=277, [ Capabilities: INTERNET&NOT_RESTRICTED&TRUSTED&NOT_VCN_MANAGED Uid: 10116 RequestorUid: 10116 RequestorPkg: com.google.android.apps.safetyhub UnderlyingNetworks: Null] ]
05-16 07:39:34.919: D/OemPaidWifiNetworkFactory(1495): got request NetworkRequest [ REQUEST id=277, [ Capabilities: INTERNET&NOT_RESTRICTED&TRUSTED&NOT_VCN_MANAGED Uid: 10116 RequestorUid: 10116 RequestorPkg: com.google.android.apps.safetyhub UnderlyingNetworks: Null] ]
05-16 07:39:34.919: D/ConnectivityService(1495): NetReassign [277 : null  100] [c 0] [a 0] [i 1]
05-16 07:39:34.919: D/MultiInternetWifiNetworkFactory(1495): got request NetworkRequest [ REQUEST id=277, [ Capabilities: INTERNET&NOT_RESTRICTED&TRUSTED&NOT_VCN_MANAGED Uid: 10116 RequestorUid: 10116 RequestorPkg: com.google.android.apps.safetyhub UnderlyingNetworks: Null] ]
05-16 07:39:34.920: D/AndroidRuntime(16958): >>>>>> START com.android.internal.os.RuntimeInit uid 2000 <<<<<<
05-16 07:39:34.923: I/AndroidRuntime(16958): Using default boot image
05-16 07:39:34.923: I/AndroidRuntime(16958): Leaving lock profiling enabled
05-16 07:39:34.927: I/o(10908): display valid entity dataId tips_data_id, dataType 100002, clientType 23
05-16 07:39:34.928: D/KernelCpuUidUserSysTimeReader(1495): Removing uids 90000-90000
05-16 07:39:34.937: I/o(10908): display valid entity dataId tips_data_id, dataType 100002, clientType 39
05-16 07:39:34.947: I/SSDataManagerImpl(10908): #handlePcpDataUpdate
05-16 07:39:34.947: I/PCP.ImplV0(10908): getProactiveContent
05-16 07:39:34.947: I/PCP.ImplV0(10908): PCP V1 flow is enabled.
05-16 07:39:34.947: I/e(10908): BC Smartspace data listener is not enabled on device
05-16 07:39:34.967: I/jpx(3659): local initialization done
05-16 07:39:34.968: I/AiAiTranslate(3659): adding platformmanager
05-16 07:39:34.976: I/InputReader(1495): Reconfiguring input devices, changes=KEYBOARD_LAYOUTS | 
05-16 07:39:34.977: I/Telecom(1495): DefaultDialerCache: Refreshing default dialer for user 0: now com.google.android.dialer: DDC.oR@Ags
05-16 07:39:34.978: V/MediaPlayerList(2838): mPackageChangedBroadcastReceiver: action: android.intent.action.PACKAGE_CHANGED
05-16 07:39:34.978: D/MediaPlayerList(2838): Name of package changed: com.google.android.googlequicksearchbox
05-16 07:39:34.985: I/PermissionControllerServiceImpl(3480): Updating user sensitive for uid 10163
05-16 07:39:34.990: I/Bugle(12379): BroadcastReceiverAsyncWorkTracker: Acknowledging broadcast of aorm@d502349
05-16 07:39:34.990: D/app_process(16958): Time zone APEX ICU file found: /apex/com.android.tzdata/etc/icu/icu_tzdata.dat
05-16 07:39:34.990: D/app_process(16958): I18n APEX ICU file found: /apex/com.android.i18n/etc/icu/icudt70l.dat
05-16 07:39:34.994: I/GsaConfigFlagsSyncer(10908): Flags already sync'ed.
05-16 07:39:34.996: I/Fitness(10395): OnPackageChangedOperation got intent: Intent { act=android.intent.action.PACKAGE_CHANGED dat=package: flg=0x45000010 pkg=com.google.android.gms cmp=com.google.android.gms/.chimera.PersistentIntentOperationService (has extras) } [CONTEXT service_id=17 ]
05-16 07:39:34.999: I/RoleService(1495): Granting default roles...
05-16 07:39:35.008: D/AndroidRuntime(16958): Calling main entry com.android.commands.am.Am
05-16 07:39:35.010: E/AppOps(1495): Bad call made by uid 10163. Package "com.google.android.gms" does not belong to uid 10163.
05-16 07:39:35.015: I/ActivityManager(1495): Force stopping com.google.android.apps.mtaas.tools appid=10247 user=0: start instr
05-16 07:39:35.017: D/CarrierSvcBindHelper(2974): onPackageModified: com.google.android.googlequicksearchbox
05-16 07:39:35.018: D/CarrierSvcBindHelper(2974): No carrier app for: 0
05-16 07:39:35.019: D/CompatibilityChangeReporter(1495): Compat change id reported: 135634846; UID 10247; state: DISABLED
05-16 07:39:35.019: D/CompatibilityChangeReporter(1495): Compat change id reported: 177438394; UID 10247; state: DISABLED
05-16 07:39:35.019: D/CompatibilityChangeReporter(1495): Compat change id reported: 135772972; UID 10247; state: DISABLED
05-16 07:39:35.019: D/CompatibilityChangeReporter(1495): Compat change id reported: 135754954; UID 10247; state: DISABLED
05-16 07:39:35.019: D/CompatibilityChangeReporter(1495): Compat change id reported: 143937733; UID 10247; state: DISABLED
05-16 07:39:35.021: D/CarrierSvcBindHelper(2974): No carrier app for: 1
05-16 07:39:35.021: D/ImsResolver(2974): maybeAddedImsService, packageName: com.google.android.googlequicksearchbox
05-16 07:39:35.022: I/ProvidersCache(6803): Provider returned no roots. Possibly naughty: com.google.android.apps.docs.storage
05-16 07:39:35.025: E/AppOps(1495): Bad call made by uid 10163. Package "com.google.android.gms" does not belong to uid 10163.
05-16 07:39:35.026: E/AppOps(1495): Bad call made by uid 10163. Package "com.google.android.gms" does not belong to uid 10163.
05-16 07:39:35.031: D/RegisteredNfcFServicesCache(3748): Service unchanged, not updating
05-16 07:39:35.034: D/SecureElementService(2906): getReaders() for com.android.nfc
05-16 07:39:35.035: I/Fitness(10395): FitCleanupIntentOperation received Intent android.intent.action.PACKAGE_CHANGED [CONTEXT service_id=17 ]
05-16 07:39:35.036: D/Zygote(810): Forked child process 16985
05-16 07:39:35.037: I/ActivityManager(1495): Start proc 16985:com.google.android.apps.mtaas.tools/u0a247 for added application com.google.android.apps.mtaas.tools
05-16 07:39:35.038: I/SecureElement-Terminal-SIM2(2906): isNfcEventAllowed: No access rules for checking.
05-16 07:39:35.039: I/libc(16985): SetHeapTaggingLevel: tag level set to 0
05-16 07:39:35.044: E/pps.mtaas.tools(16985): Not starting debugger since process cannot load the jdwp agent.
05-16 07:39:35.051: D/CompatibilityChangeReporter(1495): Compat change id reported: 168419799; UID 10247; state: DISABLED
05-16 07:39:35.054: W/QsbUiManager(3132): Doodle is not valid.
05-16 07:39:35.054: W/QsbUiManager(3132): Doodle bitmap is not valid.
05-16 07:39:35.056: W/Icing(15673): Package com.google.android.googlequicksearchbox targets Android P and isn't allowed to use AppDataSearch indexing API
05-16 07:39:35.056: D/CompatibilityChangeReporter(16985): Compat change id reported: 171979766; UID 10247; state: DISABLED
05-16 07:39:35.062: D/ApplicationLoaders(16985): Returning zygote-cached class loader: /system/framework/android.test.base.jar
05-16 07:39:35.065: D/nativeloader(16985): Configuring classloader-namespace for other apk /system/framework/org.apache.http.legacy.jar. target_sdk_version=19, uses_libraries=ALL, library_path=/data/app/~~NXDoHxZzJd2MEUTHY0OWJA==/com.google.android.apps.mtaas.tools-Y6lr9CtWOpwXcgOW0BRTuw==/lib/arm64, permitted_path=/data:/mnt/expand:/data/user/0/com.google.android.apps.mtaas.tools
05-16 07:39:35.071: D/nativeloader(16985): Configuring classloader-namespace for other apk /data/app/~~NXDoHxZzJd2MEUTHY0OWJA==/com.google.android.apps.mtaas.tools-Y6lr9CtWOpwXcgOW0BRTuw==/base.apk. target_sdk_version=19, uses_libraries=, library_path=/data/app/~~NXDoHxZzJd2MEUTHY0OWJA==/com.google.android.apps.mtaas.tools-Y6lr9CtWOpwXcgOW0BRTuw==/lib/arm64, permitted_path=/data:/mnt/expand:/data/user/0/com.google.android.apps.mtaas.tools
05-16 07:39:35.079: V/GraphicsEnvironment(16985): ANGLE Developer option for 'com.google.android.apps.mtaas.tools' set to: 'default'
05-16 07:39:35.080: V/GraphicsEnvironment(16985): ANGLE GameManagerService for com.google.android.apps.mtaas.tools: false
05-16 07:39:35.080: V/GraphicsEnvironment(16985): Neither updatable production driver nor prerelease driver is supported.
05-16 07:39:35.084: D/NetworkSecurityConfig(16985): No Network Security Config specified, using platform default
05-16 07:39:35.084: D/NetworkSecurityConfig(16985): No Network Security Config specified, using platform default
05-16 07:39:35.084: W/ChimeraUtils(10395): Module com.google.android.gms.nearby_en has empty metadata display_name_string_id
05-16 07:39:35.086: W/LocationOracle(10908): getBestLocation(): no location is available
05-16 07:39:35.087: I/AstreaHttpConnection(3659): Started download from url='https://gstatic.com/webref-ondevice/aiai/23050201_pir/2/en/superpacks_manifest.zip'
05-16 07:39:35.087: E/jee(3659): Non-success http response code 404 for: https://gstatic.com/webref-ondevice/aiai/23050201_pir/2/en/superpacks_manifest.zip
05-16 07:39:35.087: I/AstreaHttpConnection(3659): DOWNLOAD COMPLETE: Downloaded 0 bytes from https://gstatic.com/webref-ondevice/aiai/23050201_pir/2/en/superpacks_manifest.zip.
05-16 07:39:35.089: W/SP.AiAi(3659): Error downloading: manifests:webref-2-en-23050201
05-16 07:39:35.089: W/SP.AiAi(3659): iyq: HTTP_ERROR 404, url: https://gstatic.com/webref-ondevice/aiai/23050201_pir/2/en/superpacks_manifest.zip
05-16 07:39:35.089: W/SP.AiAi(3659): 	at iyo.b(Unknown Source:5)
05-16 07:39:35.089: W/SP.AiAi(3659): 	at jee.o(PG:7)
05-16 07:39:35.089: W/SP.AiAi(3659): 	at jeb.run(PG:9)
05-16 07:39:35.089: W/SP.AiAi(3659): 	at java.util.concurrent.Executors$RunnableAdapter.call(Executors.java:463)
05-16 07:39:35.089: W/SP.AiAi(3659): 	at java.util.concurrent.FutureTask.run(FutureTask.java:264)
05-16 07:39:35.089: W/SP.AiAi(3659): 	at java.util.concurrent.ScheduledThreadPoolExecutor$ScheduledFutureTask.run(ScheduledThreadPoolExecutor.java:307)
05-16 07:39:35.089: W/SP.AiAi(3659): 	at java.util.concurrent.ThreadPoolExecutor.runWorker(ThreadPoolExecutor.java:1137)
05-16 07:39:35.089: W/SP.AiAi(3659): 	at java.util.concurrent.ThreadPoolExecutor$Worker.run(ThreadPoolExecutor.java:637)
05-16 07:39:35.089: W/SP.AiAi(3659): 	at cyv.run(PG:64)
05-16 07:39:35.089: W/SP.AiAi(3659): 	at java.lang.Thread.run(Thread.java:1012)
05-16 07:39:35.089: I/SP.AiAi(3659): Download stopped: manifests:webref-2-en-23050201, failed (permanent), size: 0
05-16 07:39:35.091: D/DumpStaticPerfEnv(16985): Instrumentation completed successfully
05-16 07:39:35.091: I/ActivityManager(1495): Force stopping com.google.android.apps.mtaas.tools appid=10247 user=0: finished inst
05-16 07:39:35.091: I/ActivityManager(1495): Killing 16985:com.google.android.apps.mtaas.tools/u0a247 (adj 0): stop com.google.android.apps.mtaas.tools due to finished inst
05-16 07:39:35.093: I/app_process(16958): System.exit called, status: 0
05-16 07:39:35.093: I/AndroidRuntime(16958): VM exiting with result code 0.
05-16 07:39:35.094: W/ChimeraUtils(10395): Module com.google.android.gms.nearby_en has empty metadata display_name_string_id
05-16 07:39:35.098: I/libprocessgroup(1495): Successfully killed process cgroup uid 10247 pid 16985 in 5ms
05-16 07:39:35.099: I/ActivityManager(1495): Failure reporting to instrumentation watcher: comp=ComponentInfo{com.google.android.apps.mtaas.tools/com.google.android.apps.mtaas.tools.instrumentations.DumpStaticPerfEnv} results=Bundle[mParcelledData.dataSize=844]
05-16 07:39:35.100: V/ActivityManager(1495): Got obituary of 16985:com.google.android.apps.mtaas.tools
05-16 07:39:35.100: I/Zygote(810): Process 16985 exited due to signal 9 (Killed)
05-16 07:39:35.101: W/ChimeraUtils(10395): Module com.google.android.gms.nearby_en has empty metadata display_name_string_id
05-16 07:39:35.102: I/Icing(15673): Indexing com.google.android.gms-apps from com.google.android.gms
05-16 07:39:35.107: W/LocationOracle(10908): No location returned by GMS core getLastLocation()
05-16 07:39:35.108: I/SP.AiAi(3659): Scheduling job with delay of 0s for {W:b:I:l, bg}, 1 candidates
05-16 07:39:35.109: I/DeviceCapHelper(10908): Adding surface identity to the device capabilities for surface OPA_AGSA.
05-16 07:39:35.119: I/SP.AiAi(3659): Scheduling: download stopped, 0 started, 0 paused, 1 scheduled, 3 pending: manifests:spelling_correction-21080420 * {W:b:I:l, bg}, manifests:text-classifier-annotator-696969673 @ {W:b:u:l, bg}, manifests:text-classifier-actions-1238844047 @ {W:b:u:l, bg}
05-16 07:39:35.119: I/TNG.PcpDataQuery(10908): 23 getProactiveContent: [16, 32, 17, 7, 25, 31]
05-16 07:39:35.121: W/AiAiTextClassifier(3659): Model sync failed.
05-16 07:39:35.121: W/AiAiTextClassifier(3659): ise: Request of 1 packs for webref-2-en-manifest failed
05-16 07:39:35.121: W/AiAiTextClassifier(3659): 	at cve.call(PG:17)
05-16 07:39:35.121: W/AiAiTextClassifier(3659): 	at ltq.a(Unknown Source:2)
05-16 07:39:35.121: W/AiAiTextClassifier(3659): 	at lus.run(PG:3)
05-16 07:39:35.121: W/AiAiTextClassifier(3659): 	at java.util.concurrent.Executors$RunnableAdapter.call(Executors.java:463)
05-16 07:39:35.121: W/AiAiTextClassifier(3659): 	at java.util.concurrent.FutureTask.run(FutureTask.java:264)
05-16 07:39:35.121: W/AiAiTextClassifier(3659): 	at java.util.concurrent.ScheduledThreadPoolExecutor$ScheduledFutureTask.run(ScheduledThreadPoolExecutor.java:307)
05-16 07:39:35.121: W/AiAiTextClassifier(3659): 	at java.util.concurrent.ThreadPoolExecutor.runWorker(ThreadPoolExecutor.java:1137)
05-16 07:39:35.121: W/AiAiTextClassifier(3659): 	at java.util.concurrent.ThreadPoolExecutor$Worker.run(ThreadPoolExecutor.java:637)
05-16 07:39:35.121: W/AiAiTextClassifier(3659): 	at java.lang.Thread.run(Thread.java:1012)
05-16 07:39:35.121: W/AiAiTextClassifier(3659): Caused by: iyq: HTTP_ERROR 404, url: https://gstatic.com/webref-ondevice/aiai/23050201_pir/2/en/superpacks_manifest.zip
05-16 07:39:35.121: W/AiAiTextClassifier(3659): 	at iyo.b(Unknown Source:5)
05-16 07:39:35.121: W/AiAiTextClassifier(3659): 	at jee.o(PG:7)
05-16 07:39:35.121: W/AiAiTextClassifier(3659): 	at jeb.run(PG:9)
05-16 07:39:35.121: W/AiAiTextClassifier(3659): 	at java.util.concurrent.Executors$RunnableAdapter.call(Executors.java:463)
05-16 07:39:35.121: W/AiAiTextClassifier(3659): 	at java.util.concurrent.FutureTask.run(FutureTask.java:264)
05-16 07:39:35.121: W/AiAiTextClassifier(3659): 	at java.util.concurrent.ScheduledThreadPoolExecutor$ScheduledFutureTask.run(ScheduledThreadPoolExecutor.java:307)
05-16 07:39:35.121: W/AiAiTextClassifier(3659): 	at java.util.concurrent.ThreadPoolExecutor.runWorker(ThreadPoolExecutor.java:1137)
05-16 07:39:35.121: W/AiAiTextClassifier(3659): 	at java.util.concurrent.ThreadPoolExecutor$Worker.run(ThreadPoolExecutor.java:637)
05-16 07:39:35.121: W/AiAiTextClassifier(3659): 	at cyv.run(PG:64)
05-16 07:39:35.121: W/AiAiTextClassifier(3659): 	... 1 more
05-16 07:39:35.121: W/AiAiTextClassifier(3659): [TextClassifierLibProviderImpl]: TcLib packs sync failed.
05-16 07:39:35.121: W/AiAiTextClassifier(3659): ise: Request of 1 packs for webref-2-en-manifest failed
05-16 07:39:35.121: W/AiAiTextClassifier(3659): 	at cve.call(PG:17)
05-16 07:39:35.121: W/AiAiTextClassifier(3659): 	at ltq.a(Unknown Source:2)
05-16 07:39:35.121: W/AiAiTextClassifier(3659): 	at lus.run(PG:3)
05-16 07:39:35.121: W/AiAiTextClassifier(3659): 	at java.util.concurrent.Executors$RunnableAdapter.call(Executors.java:463)
05-16 07:39:35.121: W/AiAiTextClassifier(3659): 	at java.util.concurrent.FutureTask.run(FutureTask.java:264)
05-16 07:39:35.121: W/AiAiTextClassifier(3659): 	at java.util.concurrent.ScheduledThreadPoolExecutor$ScheduledFutureTask.run(ScheduledThreadPoolExecutor.java:307)
05-16 07:39:35.121: W/AiAiTextClassifier(3659): 	at java.util.concurrent.ThreadPoolExecutor.runWorker(ThreadPoolExecutor.java:1137)
05-16 07:39:35.121: W/AiAiTextClassifier(3659): 	at java.util.concurrent.ThreadPoolExecutor$Worker.run(ThreadPoolExecutor.java:637)
05-16 07:39:35.121: W/AiAiTextClassifier(3659): 	at java.lang.Thread.run(Thread.java:1012)
05-16 07:39:35.121: W/AiAiTextClassifier(3659): Caused by: iyq: HTTP_ERROR 404, url: https://gstatic.com/webref-ondevice/aiai/23050201_pir/2/en/superpacks_manifest.zip
05-16 07:39:35.121: W/AiAiTextClassifier(3659): 	at iyo.b(Unknown Source:5)
05-16 07:39:35.121: W/AiAiTextClassifier(3659): 	at jee.o(PG:7)
05-16 07:39:35.121: W/AiAiTextClassifier(3659): 	at jeb.run(PG:9)
05-16 07:39:35.121: W/AiAiTextClassifier(3659): 	at java.util.concurrent.Executors$RunnableAdapter.call(Executors.java:463)
05-16 07:39:35.121: W/AiAiTextClassifier(3659): 	at java.util.concurrent.FutureTask.run(FutureTask.java:264)
05-16 07:39:35.121: W/AiAiTextClassifier(3659): 	at java.util.concurrent.ScheduledThreadPoolExecutor$ScheduledFutureTask.run(ScheduledThreadPoolExecutor.java:307)
05-16 07:39:35.121: W/AiAiTextClassifier(3659): 	at java.util.concurrent.ThreadPoolExecutor.runWorker(ThreadPoolExecutor.java:1137)
05-16 07:39:35.121: W/AiAiTextClassifier(3659): 	at java.util.concurrent.ThreadPoolExecutor$Worker.run(ThreadPoolExecutor.java:637)
05-16 07:39:35.121: W/AiAiTextClassifier(3659): 	at cyv.run(PG:64)
05-16 07:39:35.121: W/AiAiTextClassifier(3659): 	... 1 more
05-16 07:39:35.126: V/ClearcutMetricXmitter(10908): Transmission is done.
05-16 07:39:35.128: I/A(10908): #getLastReturnedProactiveData for client type 23 and proactive data type Optional[[100003, 100001, 1, 100002, 100005, 100006]]
05-16 07:39:35.128: I/PcpDatabaseOperator(10908): #getLastReturnedProactiveData for client type 23 and proactive data type Optional[[100003, 100001, 1, 100002, 100005, 100006]]
05-16 07:39:35.129: I/PcpDatabaseOperator(10908): #getLastReturnedProactiveData for client type 23 and proactive data type Optional[[100003]]
05-16 07:39:35.134: I/PCPTNG.DataFetchUtils(10908): #updateLastReturnedDatabase
05-16 07:39:35.136: I/SSPcpDataCtrl(10908): #logProactiveDataReceived
05-16 07:39:35.136: I/PcpSingletonDatabaseHel(10908): #putNewReturnedDataQuery
05-16 07:39:35.136: I/SSPcpDataCtrl(10908): data type: 7, update type: NO_CHANGE
05-16 07:39:35.136: I/PcpDatabaseOperator(10908): #putNewReturnedDataQuery
05-16 07:39:35.136: I/SSPcpDataCtrl(10908): data type: 16, update type: NO_CHANGE
05-16 07:39:35.136: I/SSPcpDataCtrl(10908): diffAndUpdateContentStore data type : 7
05-16 07:39:35.136: I/PcpSSDataUtils(10908): #getSmartspaceCard
05-16 07:39:35.136: I/PcpSSDataUtils(10908): event Id WEATHERweather_current
05-16 07:39:35.141: I/SSPcpDataCtrl(10908): diffAndUpdateContentStore data type : 16
05-16 07:39:35.141: I/A(10908): #putNewReturnedDataQuery
05-16 07:39:35.141: I/PcpDatabaseOperator(10908): #putNewReturnedDataQuery
05-16 07:39:35.141: I/PcpDatabaseOperator(10908): data.getValue() # com.google.android.apps.search.assistant.platform.pcp.f.az@fda839fb
05-16 07:39:35.142: I/AstreaHttpConnection(3659): Started download from url='https://www.gstatic.com/matchmaker/tclib_models/annotator/v903/en/superpacks_manifest.zip'
05-16 07:39:35.142: I/PcpDatabaseOperator(10908): data.getValue() # com.google.android.apps.search.assistant.platform.pcp.f.az@7c79d
05-16 07:39:35.142: I/AstreaHttpConnection(3659): DOWNLOAD COMPLETE: Downloaded 0 bytes from https://www.gstatic.com/matchmaker/tclib_models/annotator/v903/en/superpacks_manifest.zip.
05-16 07:39:35.142: I/PcpDatabaseOperator(10908): dataHash at insert # com.google.android.apps.search.assistant.platform.pcp.f.az@fda839fb
05-16 07:39:35.145: I/PcpSSDataUtils(10908): #getSmartspaceCard
05-16 07:39:35.145: I/PcpSSDataUtils(10908): event Id TIPStips_data_id
05-16 07:39:35.147: I/A(10908): check if should dismiss card
05-16 07:39:35.148: I/SP.AiAi(3659): Download stopped: manifests:text-classifier-annotator-696969673, succeeded, size: 405
05-16 07:39:35.150: I/PcpDatabaseOperator(10908): dataHash at insert # com.google.android.apps.search.assistant.platform.pcp.f.az@7c79d
05-16 07:39:35.167: I/Icing(15673): Indexing done com.google.android.gms-apps
05-16 07:39:35.174: I/SSDataManagerImpl(10908): No change/Multiple data changed case
05-16 07:39:35.179: I/ActivityManager(1495): Background started FGS: Allowed [callingPackage: com.google.android.apps.wellbeing; callingUid: 10139; uidState: BFGS; intent: Intent { cmp=com.google.android.apps.wellbeing/com.google.apps.tiktok.concurrent.InternalForegroundService (has extras) }; code:BACKGROUND_ACTIVITY_PERMISSION; tempAllowListReason:<broadcast:1000:android.intent.action.LOCALE_CHANGED,reason:,reasonCode:LOCALE_CHANGED,duration:20000,callingUid:1000>; targetSdkVersion:33; callerTargetSdkVersion:33; startForegroundCount:0; bindFromPackage:null]
05-16 07:39:35.181: I/A(10908): updateCurrentCard
05-16 07:39:35.181: I/A(10908): #sendEchoUpdates
05-16 07:39:35.183: I/SP.AiAi(3659): Successfully got manifest for text-classifier-annotator-manifest: manifests:text-classifier-annotator-696969673
05-16 07:39:35.183: I/WeatherUtils(10908): Have 7 weather cards in cache
05-16 07:39:35.184: I/A(10908): Send 7 weather cards
05-16 07:39:35.186: I/SP.AiAi(3659): Scheduling job with delay of 0s for {W:b:I:l, bg}, 1 candidates
05-16 07:39:35.190: I/WeatherUtils(10908): Have 7 weather cards in cache
05-16 07:39:35.194: I/AstreaHttpConnection(3659): Started download from url='https://www.gstatic.com/matchmaker/tclib_models/actions/v104/en/superpacks_manifest.zip'
05-16 07:39:35.195: I/AstreaHttpConnection(3659): DOWNLOAD COMPLETE: Downloaded 0 bytes from https://www.gstatic.com/matchmaker/tclib_models/actions/v104/en/superpacks_manifest.zip.
05-16 07:39:35.195: W/ProcessStats(1495): Tracking association SourceState{493f6c5 com.google.android.gms/10164 BTopFgs #21344} whose proc state 2 is better than process ProcessState{98e481a com.google.android.gms.persistent/10164 pkg=com.google.android.gms (sub)} proc state 3 (621 skipped)
05-16 07:39:35.197: I/expirationUtils(10908): Schedule expiration task for weather with delay ms = 20518803
05-16 07:39:35.197: I/AiAiTextClassifier(3659): [ResourceDownloaderImpl]: downloadResource(): Successfully loaded embedded superpacks manifest for 'text-classifier-annotator' (download version 696969673), starting to download superpack.
05-16 07:39:35.199: W/SHANNON_IMS(2923): 0669 [CONN] Timer IMS_SUPPORT_SERVICE_TIMER expired (ConnectionTimer$ConnectionTimerTask%run:68)
05-16 07:39:35.202: W/SHANNON_IMS(2923): 0670 [SIM#] Invalid sub id : -1   with slot id : 0 (SubscriptionWrapper%getSubId:55)
05-16 07:39:35.202: W/SHANNON_IMS(2923): 0674 [SIM#] Invalid sub id : -1   with slot id : 0 (SubscriptionWrapper%getSubId:55)
05-16 07:39:35.204: I/A(10908): transmitSmartspaceContent
05-16 07:39:35.204: I/A(10908): logCardsSentInAmbientLogs
05-16 07:39:35.205: D/AppWidgetServiceImpl(1495): Provider info from ComponentInfo{com.google.android.googlequicksearchbox/com.google.android.googlequicksearchbox.SearchWidgetProvider} won't be persisted.
05-16 07:39:35.205: D/AppWidgetServiceImpl(1495): Provider info from ComponentInfo{com.google.android.googlequicksearchbox/com.google.android.apps.gsa.staticplugins.smartspace.widget.SmartspaceWidgetProvider} won't be persisted.
05-16 07:39:35.205: D/AppWidgetServiceImpl(1495): Provider info from ComponentInfo{com.google.android.googlequicksearchbox/com.google.android.apps.search.assistant.verticals.snapshot.widgets.weather.WeatherWidget_Receiver} won't be persisted.
05-16 07:39:35.205: D/AppWidgetServiceImpl(1495): Provider info from ComponentInfo{com.google.android.googlequicksearchbox/com.google.android.apps.search.assistant.verticals.snapshot.widgets.weather.FreeformWeatherWidget_Receiver} won't be persisted.
05-16 07:39:35.207: W/SHANNON_IMS(2923): 0678 [CONN] Timer IMS_SUPPORT_SERVICE_TIMER expired (ConnectionTimer$ConnectionTimerTask%run:68)
05-16 07:39:35.208: W/SHANNON_IMS(2923): 0679 [SIM#] Invalid sub id : -1   with slot id : 1 (SubscriptionWrapper%getSubId:55)
05-16 07:39:35.209: W/SHANNON_IMS(2923): 0683 [SIM#] Invalid sub id : -1   with slot id : 1 (SubscriptionWrapper%getSubId:55)
05-16 07:39:35.209: W/PackageManager(1495): Cannot suspend package "com.android.vending": required for package verification
05-16 07:39:35.209: W/PackageManager(1495): Cannot suspend package "com.google.android.apps.work.oobconfig": protected package
05-16 07:39:35.209: W/PackageManager(1495): Cannot suspend the platform package: android
05-16 07:39:35.210: W/PackageManager(1495): Cannot suspend package "com.google.android.permissioncontroller": required for permissions management
05-16 07:39:35.210: W/PackageManager(1495): Cannot suspend package "com.google.android.dialer": is the default dialer
05-16 07:39:35.210: W/PackageManager(1495): Cannot suspend package "com.google.android.packageinstaller": required for package installation
05-16 07:39:35.210: W/PackageManager(1495): Cannot suspend package "com.google.android.apps.nexuslauncher": contains the active launcher
05-16 07:39:35.212: W/PackageManager(1495): Cannot suspend package "com.google.android.apps.mtaas.deviceadmin": has an active device admin
05-16 07:39:35.212: I/A(10908): sending card 1 , pre event title : , during event title: 57F, post event title: , event start time: 1684246894000, updated at time: 1684246894000, isTriggeringUpdate? true, is from work profile? false, expirationTimeMillis 1684249200000
05-16 07:39:35.212: I/A(10908): sending card 1 , pre event title : , during event title: 58F, post event title: , event start time: 1684249200000, updated at time: 1684249200000, isTriggeringUpdate? true, is from work profile? false, expirationTimeMillis 1684252800000
05-16 07:39:35.213: I/A(10908): sending card 1 , pre event title : , during event title: 60F, post event title: , event start time: 1684252800000, updated at time: 1684252800000, isTriggeringUpdate? true, is from work profile? false, expirationTimeMillis 1684256400000
05-16 07:39:35.213: I/A(10908): sending card 1 , pre event title : , during event title: 63F, post event title: , event start time: 1684256400000, updated at time: 1684256400000, isTriggeringUpdate? true, is from work profile? false, expirationTimeMillis 1684260000000
05-16 07:39:35.213: I/A(10908): sending card 1 , pre event title : , during event title: 67F, post event title: , event start time: 1684260000000, updated at time: 1684260000000, isTriggeringUpdate? true, is from work profile? false, expirationTimeMillis 1684263600000
05-16 07:39:35.213: I/A(10908): sending card 1 , pre event title : , during event title: 70F, post event title: , event start time: 1684263600000, updated at time: 1684263600000, isTriggeringUpdate? true, is from work profile? false, expirationTimeMillis 1684267200000
05-16 07:39:35.213: I/A(10908): sending card 1 , pre event title : , during event title: 72F, post event title: , event start time: 1684267200000, updated at time: 1684267200000, isTriggeringUpdate? true, is from work profile? false, expirationTimeMillis 1684268494000
05-16 07:39:35.213: I/A(10908): sending card 7 , pre event title : , during event title: Welcome to your new Pixel, post event title: , event start time: 1684247975146, updated at time: 1684247975146, isTriggeringUpdate? true, is from work profile? false, expirationTimeMillis 1684506964601
05-16 07:39:35.216: I/OpaSsWdgtHdlr(10908): received card type Weather 
05-16 07:39:35.216: I/OpaSsWdgtHdlr(10908): received card type Weather 
05-16 07:39:35.216: I/OpaSsWdgtHdlr(10908): received card type Weather 
05-16 07:39:35.216: I/OpaSsWdgtHdlr(10908): received card type Weather 
05-16 07:39:35.216: I/OpaSsWdgtHdlr(10908): received card type Weather 
05-16 07:39:35.216: I/OpaSsWdgtHdlr(10908): received card type Weather 
05-16 07:39:35.217: I/OpaSsWdgtHdlr(10908): received card type Weather 
05-16 07:39:35.217: I/OpaSsWdgtHdlr(10908): received card type Tips 
05-16 07:39:35.217: I/OpaSsWdgtHdlr(10908): no chips received
05-16 07:39:35.227: I/A(10908): Using proto config with mendel
05-16 07:39:35.227: I/AmbientWidgetRndr(10908): height could not be determined
05-16 07:39:35.227: I/AmbientWidgetRndr(10908): could not determine the height for widget with card
05-16 07:39:35.227: I/SP.AiAi(3659): Scheduling: download stopped, 0 started, 0 paused, 1 scheduled, 2 pending: manifests:spelling_correction-21080420 * {W:b:I:l, bg}, manifests:text-classifier-actions-1238844047 @ {W:b:u:l, bg}
05-16 07:39:35.227: I/A(10908): Using proto config with mendel
05-16 07:39:35.228: I/A(10908): Merging legacy hotword config map with new proto.
05-16 07:39:35.228: I/A(10908): Skipping. Expected model: 1 Found: 2
05-16 07:39:35.228: I/A(10908): Skipping. Expected model: 1 Found: 2
05-16 07:39:35.228: I/A(10908): Skipping. Expected model: 1 Found: 2
05-16 07:39:35.228: I/A(10908): Adding from config to map. Locale: ro-RO modelPrefix: okgoogle Location:b051c93dce7bb4dcb5d9ddcbbb2ca760Test isSpeakerIdSupported: false
05-16 07:39:35.228: I/A(10908): Skipping. Expected model: 1 Found: 2
05-16 07:39:35.228: I/A(10908): hasHotwordEverywhere-false
05-16 07:39:35.228: I/A(10908): Using proto config with mendel
05-16 07:39:35.228: I/A(10908): Using proto config with mendel
05-16 07:39:35.228: I/A(10908): Merging legacy hotword config map with new proto.
05-16 07:39:35.228: I/A(10908): Skipping. Expected model: 1 Found: 2
05-16 07:39:35.228: I/A(10908): Skipping. Expected model: 1 Found: 2
05-16 07:39:35.228: I/A(10908): Skipping. Expected model: 1 Found: 2
05-16 07:39:35.228: I/A(10908): Adding from config to map. Locale: ro-RO modelPrefix: okgoogle Location:b051c93dce7bb4dcb5d9ddcbbb2ca760Test isSpeakerIdSupported: false
05-16 07:39:35.228: I/A(10908): Skipping. Expected model: 1 Found: 2
05-16 07:39:35.229: I/SP.AiAi(3659): Syncing text-classifier-annotator (696969673) with slices: [v903_3963511d8644d2966855151b920fbfcb], metadata: false
05-16 07:39:35.231: I/A(10908): Using proto config with mendel
05-16 07:39:35.231: I/A(10908): Using proto config with mendel
05-16 07:39:35.231: I/A(10908): Merging legacy hotword config map with new proto.
05-16 07:39:35.231: I/A(10908): Skipping. Expected model: 1 Found: 2
05-16 07:39:35.231: I/A(10908): Skipping. Expected model: 1 Found: 2
05-16 07:39:35.231: I/A(10908): Skipping. Expected model: 1 Found: 2
05-16 07:39:35.231: I/A(10908): Adding from config to map. Locale: ro-RO modelPrefix: okgoogle Location:b051c93dce7bb4dcb5d9ddcbbb2ca760Test isSpeakerIdSupported: false
05-16 07:39:35.231: I/A(10908): Skipping. Expected model: 1 Found: 2
05-16 07:39:35.231: I/A(10908): hasHotwordEverywhere-false
05-16 07:39:35.232: I/A(10908): Using proto config with mendel
05-16 07:39:35.232: I/A(10908): Using proto config with mendel
05-16 07:39:35.232: I/A(10908): Merging legacy hotword config map with new proto.
05-16 07:39:35.232: I/A(10908): Skipping. Expected model: 1 Found: 2
05-16 07:39:35.232: I/A(10908): Skipping. Expected model: 1 Found: 2
05-16 07:39:35.232: I/A(10908): Skipping. Expected model: 1 Found: 2
05-16 07:39:35.232: I/A(10908): Adding from config to map. Locale: ro-RO modelPrefix: okgoogle Location:b051c93dce7bb4dcb5d9ddcbbb2ca760Test isSpeakerIdSupported: false
05-16 07:39:35.232: I/A(10908): Skipping. Expected model: 1 Found: 2
05-16 07:39:35.233: I/A(10908): Using proto config with mendel
05-16 07:39:35.233: I/A(10908): Using proto config with mendel
05-16 07:39:35.233: I/A(10908): Merging legacy hotword config map with new proto.
05-16 07:39:35.233: I/A(10908): Skipping. Expected model: 1 Found: 2
05-16 07:39:35.233: I/A(10908): Skipping. Expected model: 1 Found: 2
05-16 07:39:35.233: I/A(10908): Skipping. Expected model: 1 Found: 2
05-16 07:39:35.233: I/A(10908): Adding from config to map. Locale: ro-RO modelPrefix: okgoogle Location:b051c93dce7bb4dcb5d9ddcbbb2ca760Test isSpeakerIdSupported: false
05-16 07:39:35.233: I/A(10908): Skipping. Expected model: 1 Found: 2
05-16 07:39:35.234: I/A(10908): hasHotwordEverywhere-false
05-16 07:39:35.234: I/A(10908): Using proto config with mendel
05-16 07:39:35.234: I/A(10908): Using proto config with mendel
05-16 07:39:35.234: I/A(10908): Merging legacy hotword config map with new proto.
05-16 07:39:35.234: I/A(10908): Skipping. Expected model: 1 Found: 2
05-16 07:39:35.234: I/A(10908): Skipping. Expected model: 1 Found: 2
05-16 07:39:35.235: I/A(10908): Skipping. Expected model: 1 Found: 2
05-16 07:39:35.235: I/A(10908): Adding from config to map. Locale: ro-RO modelPrefix: okgoogle Location:b051c93dce7bb4dcb5d9ddcbbb2ca760Test isSpeakerIdSupported: false
05-16 07:39:35.235: I/A(10908): Skipping. Expected model: 1 Found: 2
05-16 07:39:35.236: I/A(10908): Using proto config with mendel
05-16 07:39:35.236: I/A(10908): Using proto config with mendel
05-16 07:39:35.236: I/A(10908): Merging legacy hotword config map with new proto.
05-16 07:39:35.236: I/A(10908): Skipping. Expected model: 1 Found: 2
05-16 07:39:35.236: I/A(10908): Skipping. Expected model: 1 Found: 2
05-16 07:39:35.236: I/A(10908): Skipping. Expected model: 1 Found: 2
05-16 07:39:35.236: I/A(10908): Adding from config to map. Locale: ro-RO modelPrefix: okgoogle Location:b051c93dce7bb4dcb5d9ddcbbb2ca760Test isSpeakerIdSupported: false
05-16 07:39:35.236: I/A(10908): Skipping. Expected model: 1 Found: 2
05-16 07:39:35.237: I/A(10908): hasHotwordEverywhere-false
05-16 07:39:35.237: I/A(10908): Using proto config with mendel
05-16 07:39:35.252: I/SP.AiAi(3659): <==== Finishing job {W:b:u:l, bg}, 1240 ms. elapsed since start
05-16 07:39:35.252: I/SP.AiAi(3659): Download stopped: manifests:text-classifier-actions-1238844047, succeeded, size: 405
05-16 07:39:35.254: I/A(10908): Using proto config with mendel
05-16 07:39:35.255: I/A(10908): Merging legacy hotword config map with new proto.
05-16 07:39:35.255: I/A(10908): Skipping. Expected model: 1 Found: 2
05-16 07:39:35.255: I/A(10908): Skipping. Expected model: 1 Found: 2
05-16 07:39:35.256: I/A(10908): Skipping. Expected model: 1 Found: 2
05-16 07:39:35.256: I/A(10908): Adding from config to map. Locale: ro-RO modelPrefix: okgoogle Location:b051c93dce7bb4dcb5d9ddcbbb2ca760Test isSpeakerIdSupported: false
05-16 07:39:35.256: I/A(10908): Skipping. Expected model: 1 Found: 2
05-16 07:39:35.258: I/A(10908): Using proto config with mendel
05-16 07:39:35.258: I/A(10908): Using proto config with mendel
05-16 07:39:35.258: I/ActivityManager(1495): Force stopping com.google.android.apps.mtaas.tools appid=10247 user=-1: deletePackageX
05-16 07:39:35.258: I/A(10908): Merging legacy hotword config map with new proto.
05-16 07:39:35.258: I/A(10908): Skipping. Expected model: 1 Found: 2
05-16 07:39:35.258: I/A(10908): Skipping. Expected model: 1 Found: 2
05-16 07:39:35.258: I/A(10908): Skipping. Expected model: 1 Found: 2
05-16 07:39:35.258: I/A(10908): Adding from config to map. Locale: ro-RO modelPrefix: okgoogle Location:b051c93dce7bb4dcb5d9ddcbbb2ca760Test isSpeakerIdSupported: false
05-16 07:39:35.258: I/A(10908): Skipping. Expected model: 1 Found: 2
05-16 07:39:35.259: I/A(10908): hasHotwordEverywhere-false
05-16 07:39:35.259: I/A(10908): Using proto config with mendel
05-16 07:39:35.260: I/A(10908): Using proto config with mendel
05-16 07:39:35.260: I/A(10908): Merging legacy hotword config map with new proto.
05-16 07:39:35.260: I/A(10908): Skipping. Expected model: 1 Found: 2
05-16 07:39:35.260: I/A(10908): Skipping. Expected model: 1 Found: 2
05-16 07:39:35.260: I/A(10908): Skipping. Expected model: 1 Found: 2
05-16 07:39:35.260: I/A(10908): Adding from config to map. Locale: ro-RO modelPrefix: okgoogle Location:b051c93dce7bb4dcb5d9ddcbbb2ca760Test isSpeakerIdSupported: false
05-16 07:39:35.260: I/A(10908): Skipping. Expected model: 1 Found: 2
05-16 07:39:35.262: I/PackageManager(1495): Removing permission com.google.android.apps.mtaas.tools.DYNAMIC_RECEIVER_NOT_EXPORTED_PERMISSION that used to be declared by com.google.android.apps.mtaas.tools
05-16 07:39:35.262: I/PackageManager(1495): Permission ownership changed. Updating all permissions.
05-16 07:39:35.264: I/AiAiTranslate(3659): PlatformManager: initialized
05-16 07:39:35.264: I/AiAiTranslate(3659): getDownloadableLanguagesAndSizesSync
05-16 07:39:35.266: W/native(3659): W0516 07:39:35.266172   16795 transformer_factory.cc:24] Partial request is not supported by this factory. name=TranslateBridgingTransformerFactory
05-16 07:39:35.267: I/SP.AiAi(3659): Scheduling job with delay of 0s for {W:b:I:l, bg}, 1 candidates
05-16 07:39:35.299: I/A(10908): Using proto config with mendel
05-16 07:39:35.299: I/A(10908): Using proto config with mendel
05-16 07:39:35.299: I/A(10908): Merging legacy hotword config map with new proto.
05-16 07:39:35.299: I/A(10908): Skipping. Expected model: 1 Found: 2
05-16 07:39:35.299: I/A(10908): Skipping. Expected model: 1 Found: 2
05-16 07:39:35.299: I/A(10908): Skipping. Expected model: 1 Found: 2
05-16 07:39:35.299: I/A(10908): Adding from config to map. Locale: ro-RO modelPrefix: okgoogle Location:b051c93dce7bb4dcb5d9ddcbbb2ca760Test isSpeakerIdSupported: false
05-16 07:39:35.300: I/A(10908): Skipping. Expected model: 1 Found: 2
05-16 07:39:35.300: I/A(10908): hasHotwordEverywhere-false
05-16 07:39:35.300: I/A(10908): Using proto config with mendel
05-16 07:39:35.300: I/A(10908): Using proto config with mendel
05-16 07:39:35.300: I/A(10908): Merging legacy hotword config map with new proto.
05-16 07:39:35.300: I/A(10908): Skipping. Expected model: 1 Found: 2
05-16 07:39:35.300: I/A(10908): Skipping. Expected model: 1 Found: 2
05-16 07:39:35.300: I/A(10908): Skipping. Expected model: 1 Found: 2
05-16 07:39:35.300: I/A(10908): Adding from config to map. Locale: ro-RO modelPrefix: okgoogle Location:b051c93dce7bb4dcb5d9ddcbbb2ca760Test isSpeakerIdSupported: false
05-16 07:39:35.300: I/A(10908): Skipping. Expected model: 1 Found: 2
05-16 07:39:35.302: D/libnos_transport(508): Calling App 2 with params 0x0000
05-16 07:39:35.304: D/CompatibilityChangeReporter(1495): Compat change id reported: 172251878; UID 10139; state: ENABLED
05-16 07:39:35.304: D/TileServices(2674): Couldn't find tile for ComponentInfo{com.google.android.apps.wellbeing/com.google.android.apps.wellbeing.focusmode.quicksettings.FocusModeTileService}
05-16 07:39:35.304: D/TileServices(2674): Couldn't find tile for ComponentInfo{com.google.android.apps.wellbeing/com.google.android.apps.wellbeing.focusmode.quicksettings.FocusModeTileService}
05-16 07:39:35.305: E/TaskPersister(1495): File error accessing recents directory (directory doesn't exist?).
05-16 07:39:35.307: I/A(10908): Using proto config with mendel
05-16 07:39:35.308: I/A(10908): Using proto config with mendel
05-16 07:39:35.308: I/A(10908): Merging legacy hotword config map with new proto.
05-16 07:39:35.308: I/A(10908): Skipping. Expected model: 1 Found: 2
05-16 07:39:35.308: I/A(10908): Skipping. Expected model: 1 Found: 2
05-16 07:39:35.308: I/A(10908): Skipping. Expected model: 1 Found: 2
05-16 07:39:35.308: I/A(10908): Adding from config to map. Locale: ro-RO modelPrefix: okgoogle Location:b051c93dce7bb4dcb5d9ddcbbb2ca760Test isSpeakerIdSupported: false
05-16 07:39:35.312: I/A(10908): Skipping. Expected model: 1 Found: 2
05-16 07:39:35.314: I/A(10908): hasHotwordEverywhere-false
05-16 07:39:35.314: I/SP.AiAi(3659): Scheduling: download stopped, 0 started, 0 paused, 1 scheduled, 1 pending: manifests:spelling_correction-21080420 * {W:b:I:l, bg}
05-16 07:39:35.314: I/A(10908): Using proto config with mendel
05-16 07:39:35.315: I/ActivityManager(1495): Force stopping com.google.android.apps.mtaas.tools appid=10247 user=0: pkg removed
05-16 07:39:35.319: I/SP.AiAi(3659): Scheduling job with delay of 0s for {W:b:I:l, bg}, 1 candidates
05-16 07:39:35.319: D/CompatibilityChangeReporter(1495): Compat change id reported: 181136395; UID 10252; state: DISABLED
05-16 07:39:35.319: D/CompatibilityChangeReporter(1495): Compat change id reported: 174042936; UID 10252; state: DISABLED
05-16 07:39:35.323: W/fnf(11992): Not waiting for task dispatch, attaching a foreground service
05-16 07:39:35.325: I/SP.AiAi(3659): Scheduling job with delay of 0s for {W:b:u:l, bg}, 1 candidates
05-16 07:39:35.327: I/A(10908): Using proto config with mendel
05-16 07:39:35.327: I/A(10908): Merging legacy hotword config map with new proto.
05-16 07:39:35.327: I/A(10908): Skipping. Expected model: 1 Found: 2
05-16 07:39:35.327: I/A(10908): Skipping. Expected model: 1 Found: 2
05-16 07:39:35.327: I/A(10908): Skipping. Expected model: 1 Found: 2
05-16 07:39:35.327: I/A(10908): Adding from config to map. Locale: ro-RO modelPrefix: okgoogle Location:b051c93dce7bb4dcb5d9ddcbbb2ca760Test isSpeakerIdSupported: false
05-16 07:39:35.327: I/A(10908): Skipping. Expected model: 1 Found: 2
05-16 07:39:35.329: I/AiAiTranslate(3659): getDownloadableLanguagesAndSizesSync
05-16 07:39:35.331: W/native(3659): W0516 07:39:35.331237   16795 transformer_factory.cc:24] Partial request is not supported by this factory. name=TranslateBridgingTransformerFactory
05-16 07:39:35.338: D/libnos_transport(508): App 2 inspection status=0x00000000 reply_len=0 protocol=1 flags=0x0000
05-16 07:39:35.338: D/libnos_transport(508): Send app 2 command data (66 bytes)
05-16 07:39:35.339: D/libnos_transport(508): Send app 2 go command 0x00020000
05-16 07:39:35.340: D/libnos_transport(508): Polling app 2
05-16 07:39:35.346: I/pixel-thermal(1481): usb_pwr_therm:32.707 raw data:[usb_pwr_therm:32707 ]
05-16 07:39:35.347: I/A(10908): Using proto config with mendel
05-16 07:39:35.350: D/libnos_transport(508): App 2 polled=5 status=0x80000000 reply_len=0 flags=0x0000
05-16 07:39:35.351: I/ActivityManager(1495): Background started FGS: Allowed [callingPackage: com.google.android.apps.wellbeing; callingUid: 10139; uidState: BFGS; intent: Intent { cmp=com.google.android.apps.wellbeing/com.google.apps.tiktok.concurrent.InternalForegroundService (has extras) }; code:BACKGROUND_ACTIVITY_PERMISSION; tempAllowListReason:<broadcast:1000:android.intent.action.LOCALE_CHANGED,reason:,reasonCode:LOCALE_CHANGED,duration:20000,callingUid:1000>; targetSdkVersion:33; callerTargetSdkVersion:33; startForegroundCount:0; bindFromPackage:null]
05-16 07:39:35.354: I/A(10908): Using proto config with mendel
05-16 07:39:35.354: I/A(10908): Merging legacy hotword config map with new proto.
