05-16 07:39:35.354: D/libnos_transport(508): App 2 returning 0x0
05-16 07:39:35.354: I/A(10908): Skipping. Expected model: 1 Found: 2
05-16 07:39:35.354: I/A(10908): Skipping. Expected model: 1 Found: 2
05-16 07:39:35.354: I/A(10908): Skipping. Expected model: 1 Found: 2
05-16 07:39:35.354: I/A(10908): Adding from config to map. Locale: ro-RO modelPrefix: okgoogle Location:b051c93dce7bb4dcb5d9ddcbbb2ca760Test isSpeakerIdSupported: false
05-16 07:39:35.354: I/A(10908): Skipping. Expected model: 1 Found: 2
05-16 07:39:35.355: I/A(10908): hasHotwordEverywhere-false
05-16 07:39:35.356: I/A(10908): Using proto config with mendel
05-16 07:39:35.356: I/A(10908): Using proto config with mendel
05-16 07:39:35.356: I/A(10908): Merging legacy hotword config map with new proto.
05-16 07:39:35.356: I/A(10908): Skipping. Expected model: 1 Found: 2
05-16 07:39:35.356: I/A(10908): Skipping. Expected model: 1 Found: 2
05-16 07:39:35.356: I/A(10908): Skipping. Expected model: 1 Found: 2
05-16 07:39:35.356: I/A(10908): Adding from config to map. Locale: ro-RO modelPrefix: okgoogle Location:b051c93dce7bb4dcb5d9ddcbbb2ca760Test isSpeakerIdSupported: false
05-16 07:39:35.356: I/A(10908): Skipping. Expected model: 1 Found: 2
05-16 07:39:35.357: I/pixel-thermal(1481): VIRTUAL-USB-THROTTLING:0 raw data:[VIRTUAL-USB-THROTTLING:0(usb_pwr_therm:32707 USB-MINUS-USB2:-156(usb_pwr_therm:32707 usb_pwr_therm2:32863 ) USB-MINUS-NEUTRAL:-2204(usb_pwr_therm:32707 neutral_therm:34911 ) ) ]
05-16 07:39:35.357: I/pixel-thermal(1481): VIRTUAL-USB-UI:0 raw data:[VIRTUAL-USB-UI:0(usb_pwr_therm:32707 USB-MINUS-USB2:-156 USB-MINUS-NEUTRAL:-2204 ) ]
05-16 07:39:35.359: I/MediaProvider(3676): Invalidating LocalCallingIdentity cache for package com.google.android.apps.mtaas.tools. Reason: package android.intent.action.PACKAGE_REMOVED
05-16 07:39:35.360: W/MediaProvider(3676): WorkProfileOwnerApps cache is empty
05-16 07:39:35.360: W/WifiService(1495): Couldn't get PackageInfo for package:com.google.android.apps.mtaas.tools
05-16 07:39:35.360: D/WifiService(1495): Remove settings for package:com.google.android.apps.mtaas.tools
05-16 07:39:35.360: D/WifiConfigManager(1495): Remove all networks for app ApplicationInfo{517993d com.google.android.apps.mtaas.tools}
05-16 07:39:35.361: V/StorageManagerService(1495): Package com.google.android.apps.mtaas.tools does not have legacy storage
05-16 07:39:35.363: I/InputReader(1495): Reconfiguring input devices, changes=KEYBOARD_LAYOUTS | 
05-16 07:39:35.363: D/WifiConfigStore(1495): Writing to stores completed in 3 ms.
05-16 07:39:35.363: I/PasspointManager(1495): No app ops listener found for com.google.android.apps.mtaas.tools
05-16 07:39:35.368: I/GsaVoiceInteractionSrv(3737): O received Intent { act=android.intent.action.PACKAGE_REMOVED dat=package: flg=0x4000010 (has extras) }
05-16 07:39:35.369: V/MediaPlayerList(2838): mPackageChangedBroadcastReceiver: action: android.intent.action.PACKAGE_REMOVED
05-16 07:39:35.371: W/BroadcastQueue(1495): Background execution not allowed: receiving Intent { act=android.intent.action.PACKAGE_REMOVED dat=package: flg=0x4000010 (has extras) } to com.android.vending/com.google.android.finsky.packagemonitor.impl.PackageMonitorReceiverImpl$RegisteredReceiver
05-16 07:39:35.372: I/Finsky(14188): [2] vny.g(0): vny - Received: android.intent.action.PACKAGE_REMOVED, [IaVwG93nbzEm-F1Id7FsMvHQtl4xWI5hDIhKbS012Lc]
05-16 07:39:35.372: I/Finsky(14188): [2] von.t(5): Package no longer installed: com.google.android.apps.mtaas.tools
05-16 07:39:35.375: I/GameManagerService(1495): Disabling downscale for com.google.android.apps.mtaas.tools
05-16 07:39:35.379: I/Telecom(1495): CarModeTracker: Package com.google.android.apps.mtaas.tools is not tracked.: SSH.oR@Ag0
05-16 07:39:35.379: I/Telecom(1495): InCallController: updateCarModeForConnections: car mode apps: : SSH.oR@Ag0
05-16 07:39:35.380: I/ConditionProviders(1495): Disallowing condition provider com.google.android.apps.mtaas.tools (userSet: true)
05-16 07:39:35.381: I/RollbackManager(1495): broadcast=ACTION_PACKAGE_FULLY_REMOVED pkg=com.google.android.apps.mtaas.tools
05-16 07:39:35.382: W/WifiService(1495): Couldn't get PackageInfo for package:com.google.android.apps.mtaas.tools
05-16 07:39:35.382: D/WifiService(1495): Remove settings for package:com.google.android.apps.mtaas.tools
05-16 07:39:35.382: D/WifiConfigManager(1495): Remove all networks for app ApplicationInfo{6e7ceb com.google.android.apps.mtaas.tools}
05-16 07:39:35.383: W/BroadcastQueue(1495): Background execution not allowed: receiving Intent { act=android.intent.action.PACKAGE_REMOVED dat=package: flg=0x4000010 (has extras) } to com.android.vending/com.google.android.finsky.packagemonitor.backgroundimpl.BackgroundPackageMonitorReceiverImpl$RegisteredReceiver
05-16 07:39:35.389: W/BroadcastQueue(1495): Background execution not allowed: receiving Intent { act=android.intent.action.PACKAGE_REMOVED dat=package: flg=0x4000010 (has extras) } to com.android.vending/com.google.android.finsky.instantapps.appmanagement.InstantAppRemoveMonitor
05-16 07:39:35.390: W/BroadcastQueue(1495): Background execution not allowed: receiving Intent { act=android.intent.action.PACKAGE_REMOVED dat=package: flg=0x4000010 (has extras) } to com.google.android.gms/.games.chimera.GamesSystemBroadcastReceiverProxy
05-16 07:39:35.390: W/BroadcastQueue(1495): Background execution not allowed: receiving Intent { act=android.intent.action.PACKAGE_REMOVED dat=package: flg=0x4000010 (has extras) } to com.google.android.gms/.chimera.GmsIntentOperationService$PersistentTrustedReceiver
05-16 07:39:35.390: W/BroadcastQueue(1495): Background execution not allowed: receiving Intent { act=android.intent.action.PACKAGE_REMOVED dat=package: flg=0x4000010 (has extras) } to com.google.android.googlequicksearchbox/com.google.android.apps.gsa.googlequicksearchbox.GelStubAppWatcher
05-16 07:39:35.391: E/system_server(1495): updateValue is called with a value {0, 0, 0, 0, 0, 0, 0, 0, 0, 0, 0, 0, 0, 0, 0, 0, 0, 0, 0, 0, 0, 0, 0, 0, 0, 0, 0, 0, 0, 0, 0, 0, 0, 0, 0, 0, 0, 0, 0, 0, 0, 0, 0, 0}, which is lower than the previous value {248, 245, 63, 20, 1, 1, 8, 19, 9, 8, 268, 0, 0, 0, 0, 0, 0, 0, 0, 0, 0, 0, 0, 0, 5, 13, 0, 0, 0, 0, 0, 0, 0, 0, 0, 0, 0, 0, 0, 0, 0, 0, 0, 0}
05-16 07:39:35.394: W/A(3737): Failed to notify listeners
05-16 07:39:35.394: W/A(3737): java.util.concurrent.CancellationException
05-16 07:39:35.394: W/A(3737): 	at java.util.concurrent.FutureTask.report(FutureTask.java:121)
05-16 07:39:35.394: W/A(3737): 	at java.util.concurrent.FutureTask.get(FutureTask.java:191)
05-16 07:39:35.394: W/A(3737): 	at com.google.common.util.concurrent.bv.get(PG:1)
05-16 07:39:35.394: W/A(3737): 	at com.google.common.util.concurrent.ed.a(PG:1)
05-16 07:39:35.394: W/A(3737): 	at com.google.common.util.concurrent.cj.r(PG:2)
05-16 07:39:35.394: W/A(3737): 	at com.google.common.util.concurrent.cc.run(PG:4)
05-16 07:39:35.394: W/A(3737): 	at com.google.common.util.concurrent.bg.execute(PG:1)
05-16 07:39:35.394: W/A(3737): 	at com.google.common.util.concurrent.bj.c(PG:1)
05-16 07:39:35.394: W/A(3737): 	at com.google.common.util.concurrent.bj.b(PG:3)
05-16 07:39:35.394: W/A(3737): 	at com.google.common.util.concurrent.cy.done(PG:1)
05-16 07:39:35.394: W/A(3737): 	at java.util.concurrent.FutureTask.finishCompletion(FutureTask.java:381)
05-16 07:39:35.394: W/A(3737): 	at java.util.concurrent.FutureTask.cancel(FutureTask.java:179)
05-16 07:39:35.394: W/A(3737): 	at com.google.common.util.concurrent.bv.cancel(PG:1)
05-16 07:39:35.394: W/A(3737): 	at com.google.android.apps.search.assistant.platform.ondevice.fulfillment.server.j.q.run(PG:1)
05-16 07:39:35.394: W/A(3737): 	at com.google.apps.tiktok.tracing.ek.run(PG:2)
05-16 07:39:35.394: W/A(3737): 	at java.util.concurrent.Executors$RunnableAdapter.call(Executors.java:463)
05-16 07:39:35.394: W/A(3737): 	at com.google.common.util.concurrent.ea.a(PG:1)
05-16 07:39:35.394: W/A(3737): 	at com.google.common.util.concurrent.cw.run(PG:4)
05-16 07:39:35.394: W/A(3737): 	at com.google.common.util.concurrent.eb.run(PG:1)
05-16 07:39:35.394: W/A(3737): 	at com.google.android.libraries.i.af.run(PG:1)
05-16 07:39:35.394: W/A(3737): 	at com.google.android.libraries.i.an.run(PG:23)
05-16 07:39:35.394: W/A(3737): 	at com.google.android.libraries.i.l.run(PG:2)
05-16 07:39:35.394: W/A(3737): 	at com.google.android.libraries.i.q.run(PG:4)
05-16 07:39:35.394: W/A(3737): 	at java.lang.Thread.run(Thread.java:1012)
05-16 07:39:35.394: I/SP.AiAi(3659): ====> Starting job {W:b:u:l, bg}
05-16 07:39:35.394: I/ProvidersCache(6803): Provider returned no roots. Possibly naughty: com.google.android.apps.docs.storage
05-16 07:39:35.395: I/SP.AiAi(3659): Scheduling: download registered, 0 started, 0 paused, 2 scheduled, 2 pending: manifests:spelling_correction-21080420 * {W:b:I:l, bg}, text-classifier-annotator:v903_3963511d8644d2966855151b920fbfcb * {W:b:u:l, bg}
05-16 07:39:35.396: D/WifiConfigStore(1495): Writing to stores completed in 13 ms.
05-16 07:39:35.396: I/PasspointManager(1495): No app ops listener found for com.google.android.apps.mtaas.tools
05-16 07:39:35.399: D/CarrierSvcBindHelper(2974): onPackageRemoved: com.google.android.apps.mtaas.tools
05-16 07:39:35.399: D/CarrierSvcBindHelper(2974): No carrier app for: 0
05-16 07:39:35.399: D/CarrierSvcBindHelper(2974): No carrier app for: 1
05-16 07:39:35.404: I/Finsky(14188): [209] oin.run(15): Frosting DB delete succeeded: true
05-16 07:39:35.416: I/ProximityAuth(10395): [RecentAppsMediator] Package removed: (user=UserHandle{0}) com.google.android.apps.mtaas.tools
05-16 07:39:35.416: I/BlockstoreStorage(15673): Clearing all the Blockstore Data for package com.google.android.apps.mtaas.tools [CONTEXT service_id=258 ]
05-16 07:39:35.416: I/BlockstoreStorage(15673): Clearing all the Blockstore Data for 1 packages [CONTEXT service_id=258 ]
05-16 07:39:35.424: I/Fitness(10395): FitCleanupIntentOperation received Intent android.intent.action.PACKAGE_REMOVED [CONTEXT service_id=17 ]
05-16 07:39:35.433: I/Finsky(14188): [82] jlf.a(5): AIM: AppInfoManager-Perf > OnDeviceAppInfo > cacheHitCount=0, cacheMissCount=1. Missed  in cache (limit 10) : [com.google.android.apps.mtaas.tools]
05-16 07:39:35.433: I/Finsky(14188): [212] aw.a(5): Asset module storage cleared for package com.google.android.apps.mtaas.tools.
05-16 07:39:35.434: I/Finsky(14188): [82] jiv.apply(110): AIM: Got app ownership map. App counts: . Unique apps: 0
05-16 07:39:35.435: I/Finsky(14188): [211] jvi.abQ(78): [ContentSync] finished, scheduled=false
05-16 07:39:35.451: I/Finsky(14188): [2] aguv.c(5): Do not start WearSupportService due to Wear service optimization
05-16 07:39:35.452: I/Finsky(14188): [2] aacd.f(8): Clearing split related stale data.
05-16 07:39:35.453: I/Finsky(14188): [2] von.t(5): Package no longer installed: com.google.android.apps.mtaas.tools
05-16 07:39:35.454: I/Finsky(14188): [2] vny.g(0): vny - Received: android.intent.action.PACKAGE_FULLY_REMOVED, [IaVwG93nbzEm-F1Id7FsMvHQtl4xWI5hDIhKbS012Lc]
05-16 07:39:35.455: I/Finsky(14188): [2] von.t(5): Package no longer installed: com.google.android.apps.mtaas.tools
05-16 07:39:35.455: I/Finsky(14188): [209] oin.run(15): Frosting DB delete succeeded: false
05-16 07:39:35.455: I/Finsky(14188): [2] vny.g(0): vny - Deduping intent android.intent.action.PACKAGE_FULLY_REMOVED
05-16 07:39:35.455: I/Finsky(14188): [209] oin.run(15): Frosting DB delete succeeded: false
05-16 07:39:35.459: I/Finsky(14188): [228] qcr.accept(22): IQ: handled package removed
05-16 07:39:35.460: I/k(10908): Smartspace BC UI template is disabled. Skipping...
05-16 07:39:35.464: E/WorkSourceUtil(15673): Could not find package: com.google.android.apps.mtaas.tools
05-16 07:39:35.471: D/RegisteredNfcFServicesCache(3748): Service unchanged, not updating
05-16 07:39:35.472: W/ding:background(14294): Accessing hidden field Ljava/util/Collections$SynchronizedCollection;->mutex:Ljava/lang/Object; (max-target-o, reflection, denied)
05-16 07:39:35.472: W/ding:background(14294): Accessing hidden method Ljava/util/Collections$SynchronizedSet;-><init>(Ljava/util/Set;Ljava/lang/Object;)V (max-target-o, reflection, denied)
05-16 07:39:35.472: W/ding:background(14294): Accessing hidden method Ljava/util/Collections$SynchronizedCollection;-><init>(Ljava/util/Collection;Ljava/lang/Object;)V (max-target-o, reflection, denied)
05-16 07:39:35.473: D/CompatibilityChangeReporter(11992): Compat change id reported: 160794467; UID 10139; state: ENABLED
05-16 07:39:35.474: D/SecureElementService(2906): getReaders() for com.android.nfc
05-16 07:39:35.478: W/SQLiteLog(15673): (28) double-quoted string literal: "com.google.android.apps.mtaas.tools"
05-16 07:39:35.479: I/Finsky(14188): [73] jlc.a(11): AIM: AppInfoManager-Perf > ItemModel > CacheSize=0, cacheHitCount=0, cacheMissCount=1, total appsWithNoServerDataCount=0. Missed  in cache (limit 10) : [com.google.android.apps.mtaas.tools]
05-16 07:39:35.480: I/Finsky(14188): [73] jle.n(3): AIM: AppInfoManager-Perf > ItemModel > ItemStore Called 1 apps cacheOptions = USE_CACHE
05-16 07:39:35.480: W/BugleTachygram(12379): Not using Tachygram because PEv3 is disabled
05-16 07:39:35.481: I/Finsky(14188): [73] jlc.a(98): AIM: ItemModel fetch - unauth(1), auth()
05-16 07:39:35.482: I/SecureElement-Terminal-SIM2(2906): isNfcEventAllowed: No access rules for checking.
05-16 07:39:35.482: I/Finsky(14188): [73] rom.apply(5): ItemStore: Not cached: com.google.android.apps.mtaas.tools
05-16 07:39:35.486: W/WindowMagnificationMgr(1495): requestConnection duplicated request: connect=false, mConnectionState=DISCONNECTED
05-16 07:39:35.489: E/ConnectivityChangeRecei(15673): Ignoring connectivity change
05-16 07:39:35.497: I/k(10908): Smartspace BC UI template is disabled. Skipping...
05-16 07:39:35.506: D/ColorDisplayService(1495): Setting saturation level: 100
05-16 07:39:35.508: D/ColorDisplayService(1495): GlobalSaturationTintController Animation cancelled: false to matrix: 
05-16 07:39:35.508: D/ColorDisplayService(1495):        1.000000 0.000000 0.000000 0.000000 0.000000 1.000000 0.000000 0.000000 0.000000 0.000000 1.000000 0.000000 0.000000 0.000000 0.000000 1.000000 min matrix coefficients: 
05-16 07:39:35.508: D/ColorDisplayService(1495):        1.000000 0.000000 0.000000 0.000000 0.000000 1.000000 0.000000 0.000000 0.000000 0.000000 1.000000 0.000000 0.000000 0.000000 0.000000 1.000000 max matrix coefficients: 
05-16 07:39:35.508: D/ColorDisplayService(1495):        1.000000 0.000000 0.000000 0.000000 0.000000 1.000000 0.000000 0.000000 0.000000 0.000000 1.000000 0.000000 0.000000 0.000000 0.000000 1.000000
05-16 07:39:35.527: I/k(10908): Smartspace BC UI template is disabled. Skipping...
05-16 07:39:35.529: W/gej(11992): Enabling Dark theme at Bedtime is not supported.
05-16 07:39:35.530: I/SP.AiAi(3659): Successfully got manifest for text-classifier-actions-manifest: manifests:text-classifier-actions-1238844047
05-16 07:39:35.530: V/WallpaperService(2674): Setting wallpaper dimming: 0
05-16 07:39:35.534: D/EglHelper(2674): createEglContext start
05-16 07:39:35.537: D/ConnectivityService(1495): NetReassign [no changes] [c 0] [a 1] [i 0]
05-16 07:39:35.538: I/AiAiTextClassifier(3659): [ResourceDownloaderImpl]: downloadResource(): Successfully loaded embedded superpacks manifest for 'text-classifier-actions' (download version 1238844047), starting to download superpack.
05-16 07:39:35.543: D/EglHelper(2674): createEglContext done
05-16 07:39:35.543: D/EglHelper(2674): createEglSurface start
05-16 07:39:35.543: D/EglHelper(2674): createEglSurface done
05-16 07:39:35.550: I/SP.AiAi(3659): Scheduling job with delay of 0s for {W:b:I:l, bg}, 1 candidates
05-16 07:39:35.555: D/Tonal(2674): Tonal Palette - index: 1. Main color: ff11191b
05-16 07:39:35.555: D/Tonal(2674): Colors: ff070b0b, ff11191b, ff1b282b, ff273a3d, ff355255, ff44646c, ff537a83, ff839093, ff89a9b4, ff9cb6c0, ffb2c4ce, ffd1dce2, ffe7edf0
05-16 07:39:35.555: I/ThemeOverlayController(2674): colors received; processing deferred until screen off: [WallpaperColors: ff11191b ff070909 ff50534e ff090908 ff3e4952 ff2d2d31 ff222428 ff1f1e20 ff0d0b0d ff151817 ff060505 h: 6] user: 0
05-16 07:39:35.566: I/BugleDataModel(12379): PendingMessagesProcessor: process from ProcessPendingMessagesAction due to scheduled processing with delay 0 with queues:
05-16 07:39:35.573: D/Launcher.Model(3132): package removed received com.google.android.apps.mtaas.tools
05-16 07:39:35.578: I/Icing(15673): doRemovePackageData com.google.android.apps.mtaas.tools
05-16 07:39:35.589: W/BugleTachygram(12379): Not using Tachygram because PEv3 is disabled
05-16 07:39:35.595: W/DriveInitializer(15673): Awaiting to be initialized
05-16 07:39:35.596: I/Icing(15673): Indexing com.google.android.gms-apps from com.google.android.gms
05-16 07:39:35.598: W/NotificationHistory(1495): Attempted to add notif for locked/gone/disabled user 0
05-16 07:39:35.605: I/k(10908): Smartspace BC UI template is disabled. Skipping...
05-16 07:39:35.612: I/PinnedContentDownloader(15673): Finished downloading pinned content.
05-16 07:39:35.617: I/k(10908): Smartspace BC UI template is disabled. Skipping...
05-16 07:39:35.619: W/system_server(1495): Suspending all threads took: 5.449ms
05-16 07:39:35.619: I/Icing(15673): Indexing done com.google.android.gms-apps
05-16 07:39:35.621: I/k(10908): Smartspace BC UI template is disabled. Skipping...
05-16 07:39:35.622: E/Finsky(14188): [78] rou.a(16): ItemStore: getItems RPC failed.
05-16 07:39:35.626: D/LocalImageResolver(2674): Couldn't use ImageDecoder for drawable, falling back to non-resized load.
05-16 07:39:35.626: I/AiAiEcho(3659): EchoSearch: WidgetFetcherImpl is initialized with [25] widgets [reason=package removed for userId: 0]
05-16 07:39:35.627: W/AiAiEcho(3659): SmartspaceNotificationPredictor no parser can handle this notification or notification is invalid
05-16 07:39:35.628: D/PackageUpdatedTask(3132): Removing app iconcom.google.android.apps.mtaas.tools
05-16 07:39:35.628: I/k(10908): Smartspace BC UI template is disabled. Skipping...
05-16 07:39:35.629: I/A(10908): received card type Weather 
05-16 07:39:35.630: I/A(10908): received card type Weather 
05-16 07:39:35.630: I/A(10908): received card type Weather 
05-16 07:39:35.630: I/A(10908): received card type Weather 
05-16 07:39:35.630: I/A(10908): received card type Weather 
05-16 07:39:35.630: I/A(10908): received card type Weather 
05-16 07:39:35.630: I/k(10908): Smartspace BC UI template is disabled. Skipping...
05-16 07:39:35.630: I/A(10908): received card type Weather 
05-16 07:39:35.630: I/A(10908): received card type Tips 
05-16 07:39:35.631: D/LocalImageResolver(2674): Couldn't use ImageDecoder for drawable, falling back to non-resized load.
05-16 07:39:35.631: I/BCSsUpdateIntent(10908): Non-empty bluechip card list, size: 8
05-16 07:39:35.643: D/ModelWriter(3132): removing items from db . Reason: [removed because the corresponding package or component is removed. mOp=3 removedPackages=[com.google.android.apps.mtaas.tools] removedComponents=[]]
05-16 07:39:35.648: I/SP.AiAi(3659): Scheduling: job start ({W:b:u:l, bg}), 1 started, 0 paused, 1 scheduled, 2 pending: manifests:spelling_correction-21080420 * {W:b:I:l, bg}, text-classifier-annotator:v903_3963511d8644d2966855151b920fbfcb @ * {W:b:u:l, bg}
05-16 07:39:35.649: I/SP.AiAi(3659): Requesting download of URL https://gstatic.com/matchmaker/tclib_models/annotator/v903/en/v903_3963511d8644d2966855151b920fbfcb.zip to v903_3963511d8644d2966855151b920fbfcb.zip.fetched (constraints: W:b:u:l)
05-16 07:39:35.649: I/SP.AiAi(3659): Syncing text-classifier-actions (1238844047) with slices: [tc_model_e1df2712fc5cf9d5c2ae9d6193638533], metadata: false
05-16 07:39:35.650: I/BugleDataModel(12379): PendingMessagesProcessor: process from ProcessPendingMessagesAction due to scheduled processing with delay 0 with queues:
05-16 07:39:35.651: I/AiAiCaptions(3659): PersistentLanguageManageImpl::onLanguageNoChanged: called!
05-16 07:39:35.657: I/ContentMaintenance(15673): Internal cache bytes used: 0; limit: 100000000; download size: 0
05-16 07:39:35.662: D/TileServices(2674): Couldn't find tile for ComponentInfo{com.google.android.apps.wellbeing/com.google.android.apps.wellbeing.screen.ui.GrayscaleTileService}
05-16 07:39:35.662: D/TileServices(2674): Couldn't find tile for ComponentInfo{com.google.android.apps.wellbeing/com.google.android.apps.wellbeing.screen.ui.GrayscaleTileService}
05-16 07:39:35.664: W/BugleTachygram(12379): Not using Tachygram because PEv3 is disabled
05-16 07:39:35.665: I/AiAiTranslate(3659): AutoTranslateSettingJobService: onStartJob
05-16 07:39:35.666: I/AiAiTranslate(3659): AutoTranslateSettingJobService: maybeUpdateCaptionAsrLanguage
05-16 07:39:35.673: I/SP.AiAi(3659): Scheduling job with delay of 0s for {W:b:I:l, bg}, 1 candidates
05-16 07:39:35.674: I/SP.AiAi(3659): Requesting download of URL https://gstatic.com/matchmaker/tclib_models/actions/v104/en/tc_model_e1df2712fc5cf9d5c2ae9d6193638533.zip to tc_model_e1df2712fc5cf9d5c2ae9d6193638533.zip.fetched (constraints: W:b:u:l)
05-16 07:39:35.675: I/RealtimeCacheCleanup(15673): Beginning Realtime garbage collection.
05-16 07:39:35.677: W/JobScheduler(1495): Job didn't exist in JobStore: 2eaff81 #u0a151/498660016 com.google.android.as/com.google.android.apps.miphone.aiai.translate.settings.jobservice.AutoTranslateSettingJobService
05-16 07:39:35.678: I/RealtimeCacheCleanup(15673): Finished Realtime garbage collection.
05-16 07:39:35.683: I/BugleDataModel(12379): PendingMessagesProcessor: process from ProcessPendingMessagesAction due to scheduled processing with delay 0 with queues:
05-16 07:39:35.684: I/SP.AiAi(3659): Scheduling: download registered, 1 started, 0 paused, 1 scheduled, 3 pending: manifests:spelling_correction-21080420 * {W:b:I:l, bg}, text-classifier-annotator:v903_3963511d8644d2966855151b920fbfcb @ {W:b:u:l, bg}, text-classifier-actions:tc_model_e1df2712fc5cf9d5c2ae9d6193638533 @ * {W:b:u:l, bg}
05-16 07:39:35.684: I/s.nexuslauncher(3132): Background concurrent copying GC freed 165085(7200KB) AllocSpace objects, 95(7332KB) LOS objects, 75% free, 10MB/41MB, paused 74us,45us total 361.682ms
05-16 07:39:35.685: I/BCSsUpdateIntent(10908): attempt to aiaiConnect
05-16 07:39:35.689: I/system_server(1495): Background concurrent copying GC freed 1156255(42MB) AllocSpace objects, 114(3932KB) LOS objects, 74% free, 32MB/128MB, paused 4.140ms,5.801ms total 383.349ms
05-16 07:39:35.689: W/JavaBinder(1495): BinderProxy is being destroyed but the application did not call unlinkToDeath to unlink all of its death recipients beforehand.  Releasing leaked death recipient: com.android.server.wm.ActivityRecord$$ExternalSyntheticLambda0
05-16 07:39:35.689: I/BpBinder(1495): onLastStrongRef automatically unlinking death recipients: <uncached descriptor>
05-16 07:39:35.691: W/BugleTachygram(12379): Not using Tachygram because PEv3 is disabled
05-16 07:39:35.692: I/NetworkRecognitionRnr(10908): Using pair HTTP connection
05-16 07:39:35.693: I/A(10908): [Upload] Connected
05-16 07:39:35.694: W/LocationOracle(10908): getBestLocation(): no location is available
05-16 07:39:35.695: W/ziparchive(11992): Unable to open '/data/app/~~NXDoHxZzJd2MEUTHY0OWJA==/com.google.android.apps.mtaas.tools-Y6lr9CtWOpwXcgOW0BRTuw==/base.apk': No such file or directory
05-16 07:39:35.695: E/.apps.wellbeing(11992): Failed to open APK '/data/app/~~NXDoHxZzJd2MEUTHY0OWJA==/com.google.android.apps.mtaas.tools-Y6lr9CtWOpwXcgOW0BRTuw==/base.apk': I/O error
05-16 07:39:35.695: W/JavaBinder(1495): BinderProxy is being destroyed but the application did not call unlinkToDeath to unlink all of its death recipients beforehand.  Releasing leaked death recipient: com.android.server.wm.ActivityRecord$$ExternalSyntheticLambda0
05-16 07:39:35.695: I/BpBinder(1495): onLastStrongRef automatically unlinking death recipients: <uncached descriptor>
05-16 07:39:35.702: W/ResourcesManager(11992): failed to preload asset path '/data/app/~~NXDoHxZzJd2MEUTHY0OWJA==/com.google.android.apps.mtaas.tools-Y6lr9CtWOpwXcgOW0BRTuw==/base.apk'
05-16 07:39:35.702: W/ResourcesManager(11992): java.io.IOException: Failed to load asset path /data/app/~~NXDoHxZzJd2MEUTHY0OWJA==/com.google.android.apps.mtaas.tools-Y6lr9CtWOpwXcgOW0BRTuw==/base.apk
05-16 07:39:35.702: W/ResourcesManager(11992): 	at android.content.res.ApkAssets.nativeLoad(Native Method)
05-16 07:39:35.702: W/ResourcesManager(11992): 	at android.content.res.ApkAssets.<init>(ApkAssets.java:296)
05-16 07:39:35.702: W/ResourcesManager(11992): 	at android.content.res.ApkAssets.loadFromPath(ApkAssets.java:145)
05-16 07:39:35.702: W/ResourcesManager(11992): 	at android.app.ResourcesManager.loadApkAssets(ResourcesManager.java:472)
05-16 07:39:35.702: W/ResourcesManager(11992): 	at android.app.ResourcesManager.-$$Nest$mloadApkAssets(Unknown Source:0)
05-16 07:39:35.702: W/ResourcesManager(11992): 	at android.app.ResourcesManager$ApkAssetsSupplier.load(ResourcesManager.java:167)
05-16 07:39:35.702: W/ResourcesManager(11992): 	at android.app.ResourcesManager.createApkAssetsSupplierNotLocked(ResourcesManager.java:997)
05-16 07:39:35.702: W/ResourcesManager(11992): 	at android.app.ResourcesManager.getResources(ResourcesManager.java:1118)
05-16 07:39:35.702: W/ResourcesManager(11992): 	at android.app.ActivityThread.getTopLevelResources(ActivityThread.java:2468)
05-16 07:39:35.702: W/ResourcesManager(11992): 	at android.app.ApplicationPackageManager.getResourcesForApplication(ApplicationPackageManager.java:2032)
05-16 07:39:35.702: W/ResourcesManager(11992): 	at android.app.ApplicationPackageManager.getResourcesForApplication(ApplicationPackageManager.java:2018)
05-16 07:39:35.702: W/ResourcesManager(11992): 	at android.app.ApplicationPackageManager.getText(ApplicationPackageManager.java:2335)
05-16 07:39:35.702: W/ResourcesManager(11992): 	at android.content.pm.PackageItemInfo.loadUnsafeLabel(PackageItemInfo.java:222)
05-16 07:39:35.702: W/ResourcesManager(11992): 	at android.content.pm.PackageItemInfo.loadLabel(PackageItemInfo.java:212)
05-16 07:39:35.702: W/ResourcesManager(11992): 	at android.app.ApplicationPackageManager.getApplicationLabel(ApplicationPackageManager.java:2380)
05-16 07:39:35.702: W/ResourcesManager(11992): 	at cqd.p(PG:5)
05-16 07:39:35.702: W/ResourcesManager(11992): 	at cbl.apply(PG:56)
05-16 07:39:35.702: W/ResourcesManager(11992): 	at j$.util.stream.i.accept(SourceFile:27)
05-16 07:39:35.702: W/ResourcesManager(11992): 	at j$.util.stream.N0.accept(Unknown Source:4)
05-16 07:39:35.702: W/ResourcesManager(11992): 	at j$.util.a.forEachRemaining(SourceFile:20)
05-16 07:39:35.702: W/ResourcesManager(11992): 	at j$.util.stream.c.C(SourceFile:21)
05-16 07:39:35.702: W/ResourcesManager(11992): 	at j$.util.stream.c.O(SourceFile:8)
05-16 07:39:35.702: W/ResourcesManager(11992): 	at j$.util.stream.I.f(Unknown Source:4)
05-16 07:39:35.702: W/ResourcesManager(11992): 	at j$.util.stream.c.R(SourceFile:35)
05-16 07:39:35.702: W/ResourcesManager(11992): 	at j$.util.stream.e1.collect(SourceFile:83)
05-16 07:39:35.702: W/ResourcesManager(11992): 	at bqe.a(PG:14)
05-16 07:39:35.702: W/ResourcesManager(11992): 	at jnt.a(PG:29)
05-16 07:39:35.702: W/ResourcesManager(11992): 	at jnt.a(PG:39)
05-16 07:39:35.702: W/ResourcesManager(11992): 	at lad.a(PG:1)
05-16 07:39:35.702: W/ResourcesManager(11992): 	at kzj.run(PG:4)
05-16 07:39:35.702: W/ResourcesManager(11992): 	at laf.run(PG:1)
05-16 07:39:35.702: W/ResourcesManager(11992): 	at kyn.run(PG:3)
05-16 07:39:35.702: W/ResourcesManager(11992): 	at hvn.run(PG:5)
05-16 07:39:35.702: W/ResourcesManager(11992): 	at hvu.run(PG:23)
05-16 07:39:35.702: W/ResourcesManager(11992): 	at huw.run(PG:52)
05-16 07:39:35.702: W/ResourcesManager(11992): 	at hva.run(PG:4)
05-16 07:39:35.702: W/ResourcesManager(11992): 	at java.lang.Thread.run(Thread.java:1012)
05-16 07:39:35.702: W/LocationOracle(10908): No location returned by GMS core getLastLocation()
05-16 07:39:35.702: W/ziparchive(11992): Unable to open '/data/app/~~NXDoHxZzJd2MEUTHY0OWJA==/com.google.android.apps.mtaas.tools-Y6lr9CtWOpwXcgOW0BRTuw==/base.apk': No such file or directory
05-16 07:39:35.702: E/.apps.wellbeing(11992): Failed to open APK '/data/app/~~NXDoHxZzJd2MEUTHY0OWJA==/com.google.android.apps.mtaas.tools-Y6lr9CtWOpwXcgOW0BRTuw==/base.apk': I/O error
05-16 07:39:35.703: E/ResourcesManager(11992): failed to add asset path '/data/app/~~NXDoHxZzJd2MEUTHY0OWJA==/com.google.android.apps.mtaas.tools-Y6lr9CtWOpwXcgOW0BRTuw==/base.apk'
05-16 07:39:35.703: E/ResourcesManager(11992): java.io.IOException: Failed to load asset path /data/app/~~NXDoHxZzJd2MEUTHY0OWJA==/com.google.android.apps.mtaas.tools-Y6lr9CtWOpwXcgOW0BRTuw==/base.apk
05-16 07:39:35.703: E/ResourcesManager(11992): 	at android.content.res.ApkAssets.nativeLoad(Native Method)
05-16 07:39:35.703: E/ResourcesManager(11992): 	at android.content.res.ApkAssets.<init>(ApkAssets.java:296)
05-16 07:39:35.703: E/ResourcesManager(11992): 	at android.content.res.ApkAssets.loadFromPath(ApkAssets.java:145)
05-16 07:39:35.703: E/ResourcesManager(11992): 	at android.app.ResourcesManager.loadApkAssets(ResourcesManager.java:472)
05-16 07:39:35.703: E/ResourcesManager(11992): 	at android.app.ResourcesManager.-$$Nest$mloadApkAssets(Unknown Source:0)
05-16 07:39:35.703: E/ResourcesManager(11992): 	at android.app.ResourcesManager$ApkAssetsSupplier.load(ResourcesManager.java:167)
05-16 07:39:35.703: E/ResourcesManager(11992): 	at android.app.ResourcesManager.createAssetManager(ResourcesManager.java:548)
05-16 07:39:35.703: E/ResourcesManager(11992): 	at android.app.ResourcesManager.createResourcesImpl(ResourcesManager.java:630)
05-16 07:39:35.703: E/ResourcesManager(11992): 	at android.app.ResourcesManager.findOrCreateResourcesImplForKeyLocked(ResourcesManager.java:682)
05-16 07:39:35.703: E/ResourcesManager(11992): 	at android.app.ResourcesManager.createResources(ResourcesManager.java:1028)
05-16 07:39:35.703: E/ResourcesManager(11992): 	at android.app.ResourcesManager.getResources(ResourcesManager.java:1131)
05-16 07:39:35.703: E/ResourcesManager(11992): 	at android.app.ActivityThread.getTopLevelResources(ActivityThread.java:2468)
05-16 07:39:35.703: E/ResourcesManager(11992): 	at android.app.ApplicationPackageManager.getResourcesForApplication(ApplicationPackageManager.java:2032)
05-16 07:39:35.703: E/ResourcesManager(11992): 	at android.app.ApplicationPackageManager.getResourcesForApplication(ApplicationPackageManager.java:2018)
05-16 07:39:35.703: E/ResourcesManager(11992): 	at android.app.ApplicationPackageManager.getText(ApplicationPackageManager.java:2335)
05-16 07:39:35.703: E/ResourcesManager(11992): 	at android.content.pm.PackageItemInfo.loadUnsafeLabel(PackageItemInfo.java:222)
05-16 07:39:35.703: E/ResourcesManager(11992): 	at android.content.pm.PackageItemInfo.loadLabel(PackageItemInfo.java:212)
05-16 07:39:35.703: E/ResourcesManager(11992): 	at android.app.ApplicationPackageManager.getApplicationLabel(ApplicationPackageManager.java:2380)
05-16 07:39:35.703: E/ResourcesManager(11992): 	at cqd.p(PG:5)
05-16 07:39:35.703: E/ResourcesManager(11992): 	at cbl.apply(PG:56)
05-16 07:39:35.703: E/ResourcesManager(11992): 	at j$.util.stream.i.accept(SourceFile:27)
05-16 07:39:35.703: E/ResourcesManager(11992): 	at j$.util.stream.N0.accept(Unknown Source:4)
05-16 07:39:35.703: E/ResourcesManager(11992): 	at j$.util.a.forEachRemaining(SourceFile:20)
05-16 07:39:35.703: E/ResourcesManager(11992): 	at j$.util.stream.c.C(SourceFile:21)
05-16 07:39:35.703: E/ResourcesManager(11992): 	at j$.util.stream.c.O(SourceFile:8)
05-16 07:39:35.703: E/ResourcesManager(11992): 	at j$.util.stream.I.f(Unknown Source:4)
05-16 07:39:35.703: E/ResourcesManager(11992): 	at j$.util.stream.c.R(SourceFile:35)
05-16 07:39:35.703: E/ResourcesManager(11992): 	at j$.util.stream.e1.collect(SourceFile:83)
05-16 07:39:35.703: E/ResourcesManager(11992): 	at bqe.a(PG:14)
05-16 07:39:35.703: E/ResourcesManager(11992): 	at jnt.a(PG:29)
05-16 07:39:35.703: E/ResourcesManager(11992): 	at jnt.a(PG:39)
05-16 07:39:35.703: E/ResourcesManager(11992): 	at lad.a(PG:1)
05-16 07:39:35.703: E/ResourcesManager(11992): 	at kzj.run(PG:4)
05-16 07:39:35.703: E/ResourcesManager(11992): 	at laf.run(PG:1)
05-16 07:39:35.703: E/ResourcesManager(11992): 	at kyn.run(PG:3)
05-16 07:39:35.703: E/ResourcesManager(11992): 	at hvn.run(PG:5)
05-16 07:39:35.703: E/ResourcesManager(11992): 	at hvu.run(PG:23)
05-16 07:39:35.703: E/ResourcesManager(11992): 	at huw.run(PG:52)
05-16 07:39:35.703: E/ResourcesManager(11992): 	at hva.run(PG:4)
05-16 07:39:35.703: E/ResourcesManager(11992): 	at java.lang.Thread.run(Thread.java:1012)
05-16 07:39:35.703: W/PackageManager(11992): Failure retrieving resources for com.google.android.apps.mtaas.tools
05-16 07:39:35.703: W/System(1495): A resource failed to call close. 
05-16 07:39:35.705: V/ClearcutMetricXmitter(10908): Transmission is done.
05-16 07:39:35.707: W/AppInfoHelper(11992): Application not found: com.google.android.apps.mtaas.tools
05-16 07:39:35.707: W/AppInfoHelper(11992): android.content.pm.PackageManager$NameNotFoundException: com.google.android.apps.mtaas.tools
05-16 07:39:35.707: W/AppInfoHelper(11992): 	at android.app.ApplicationPackageManager.getApplicationInfoAsUser(ApplicationPackageManager.java:504)
05-16 07:39:35.707: W/AppInfoHelper(11992): 	at android.app.ApplicationPackageManager.getApplicationInfo(ApplicationPackageManager.java:487)
05-16 07:39:35.707: W/AppInfoHelper(11992): 	at android.app.ApplicationPackageManager.getApplicationInfo(ApplicationPackageManager.java:481)
05-16 07:39:35.707: W/AppInfoHelper(11992): 	at cyv.e(PG:2)
05-16 07:39:35.707: W/AppInfoHelper(11992): 	at cyv.f(PG:7)
05-16 07:39:35.707: W/AppInfoHelper(11992): 	at cqd.p(PG:12)
05-16 07:39:35.707: W/AppInfoHelper(11992): 	at cbl.apply(PG:56)
05-16 07:39:35.707: W/AppInfoHelper(11992): 	at j$.util.stream.i.accept(SourceFile:27)
05-16 07:39:35.707: W/AppInfoHelper(11992): 	at j$.util.stream.N0.accept(Unknown Source:4)
05-16 07:39:35.707: W/AppInfoHelper(11992): 	at j$.util.a.forEachRemaining(SourceFile:20)
05-16 07:39:35.707: W/AppInfoHelper(11992): 	at j$.util.stream.c.C(SourceFile:21)
05-16 07:39:35.707: W/AppInfoHelper(11992): 	at j$.util.stream.c.O(SourceFile:8)
05-16 07:39:35.707: W/AppInfoHelper(11992): 	at j$.util.stream.I.f(Unknown Source:4)
05-16 07:39:35.707: W/AppInfoHelper(11992): 	at j$.util.stream.c.R(SourceFile:35)
05-16 07:39:35.707: W/AppInfoHelper(11992): 	at j$.util.stream.e1.collect(SourceFile:83)
05-16 07:39:35.707: W/AppInfoHelper(11992): 	at bqe.a(PG:14)
05-16 07:39:35.707: W/AppInfoHelper(11992): 	at jnt.a(PG:29)
05-16 07:39:35.707: W/AppInfoHelper(11992): 	at jnt.a(PG:39)
05-16 07:39:35.707: W/AppInfoHelper(11992): 	at lad.a(PG:1)
05-16 07:39:35.707: W/AppInfoHelper(11992): 	at kzj.run(PG:4)
05-16 07:39:35.707: W/AppInfoHelper(11992): 	at laf.run(PG:1)
05-16 07:39:35.707: W/AppInfoHelper(11992): 	at kyn.run(PG:3)
05-16 07:39:35.707: W/AppInfoHelper(11992): 	at hvn.run(PG:5)
05-16 07:39:35.707: W/AppInfoHelper(11992): 	at hvu.run(PG:23)
05-16 07:39:35.707: W/AppInfoHelper(11992): 	at huw.run(PG:52)
05-16 07:39:35.707: W/AppInfoHelper(11992): 	at hva.run(PG:4)
05-16 07:39:35.707: W/AppInfoHelper(11992): 	at java.lang.Thread.run(Thread.java:1012)
05-16 07:39:35.707: E/A(10908): onError
05-16 07:39:35.707: E/A(10908): com.google.android.apps.gsa.shared.speech.a.m: errorCode: 65561, engine: 2
05-16 07:39:35.707: E/A(10908): 	at com.google.android.apps.gsa.staticplugins.db.a.e.a(PG:3)
05-16 07:39:35.707: E/A(10908): 	at com.google.android.apps.gsa.s3.n.gM(PG:1)
05-16 07:39:35.707: E/A(10908): 	at com.google.cd.g.a.f.e(PG:2)
05-16 07:39:35.707: E/A(10908): 	at com.google.android.apps.gsa.speech.k.a.g.d(PG:22)
05-16 07:39:35.707: E/A(10908): 	at com.google.android.apps.gsa.speech.k.a.g.jQ(PG:6)
05-16 07:39:35.707: E/A(10908): 	at com.google.android.apps.gsa.s3.o.c(PG:14)
05-16 07:39:35.707: E/A(10908): 	at com.google.android.apps.gsa.s3.p.run(PG:1)
05-16 07:39:35.707: E/A(10908): 	at java.util.concurrent.Executors$RunnableAdapter.call(Executors.java:463)
05-16 07:39:35.707: E/A(10908): 	at java.util.concurrent.FutureTask.run(FutureTask.java:264)
05-16 07:39:35.707: E/A(10908): 	at com.google.android.apps.gsa.shared.util.c.a.e.run(PG:2)
05-16 07:39:35.707: E/A(10908): 	at com.google.android.apps.gsa.shared.util.c.a.bi.run(PG:1)
05-16 07:39:35.707: E/A(10908): 	at com.google.android.apps.gsa.shared.util.c.a.bi.run(PG:1)
05-16 07:39:35.707: E/A(10908): 	at java.util.concurrent.ThreadPoolExecutor.runWorker(ThreadPoolExecutor.java:1137)
05-16 07:39:35.707: E/A(10908): 	at java.util.concurrent.ThreadPoolExecutor$Worker.run(ThreadPoolExecutor.java:637)
05-16 07:39:35.707: E/A(10908): 	at java.lang.Thread.run(Thread.java:1012)
05-16 07:39:35.707: E/A(10908): 	at com.google.android.apps.gsa.shared.util.c.a.l.run(PG:5)
05-16 07:39:35.707: E/A(10908): Caused by: com.google.android.apps.gsa.shared.speech.a.o: errorCode: 65586, engine: 2
05-16 07:39:35.707: E/A(10908): 	... 15 more
05-16 07:39:35.707: E/A(10908): Caused by: com.google.android.apps.gsa.shared.speech.a.k: errorCode: 401, engine: 2
05-16 07:39:35.707: E/A(10908): 	at com.google.android.apps.gsa.assistant.shared.n.h.a(PG:5)
05-16 07:39:35.707: E/A(10908): 	at com.google.android.apps.gsa.s3.producers.j.hf(PG:2)
05-16 07:39:35.707: E/A(10908): 	at com.google.android.apps.gsa.speech.k.a.g.d(PG:16)
05-16 07:39:35.707: E/A(10908): 	... 12 more
05-16 07:39:35.707: W/CronetNetworkRqstWrppr(10908): Upload request without a content type.
05-16 07:39:35.707: I/NetworkRecognitionRnr(10908): Using pair HTTP connection
05-16 07:39:35.708: W/System(1495): A resource failed to call close. 
05-16 07:39:35.708: I/A(10908): [Upload] Connected
05-16 07:39:35.709: I/BugleDataModel(12379): PendingMessagesProcessor: process from ProcessPendingMessagesAction due to scheduled processing with delay 0 with queues:
05-16 07:39:35.710: E/cr_CronetUrlRequestContext(10908): Exception in upload method
05-16 07:39:35.710: E/cr_CronetUrlRequestContext(10908): com.google.android.apps.gsa.shared.q.d: Error code: 262182
05-16 07:39:35.710: E/cr_CronetUrlRequestContext(10908): 	at com.google.android.apps.gsa.shared.aa.bk.d(PG:5)
05-16 07:39:35.710: E/cr_CronetUrlRequestContext(10908): 	at com.google.android.libraries.gsa.c.a.ar.d(PG:1)
05-16 07:39:35.710: E/cr_CronetUrlRequestContext(10908): 	at com.google.android.libraries.gsa.c.a.bo.b(PG:5)
05-16 07:39:35.710: E/cr_CronetUrlRequestContext(10908): 	at com.google.android.libraries.gsa.c.a.e.a(PG:2)
05-16 07:39:35.710: E/cr_CronetUrlRequestContext(10908): 	at com.google.android.libraries.gsa.c.a.a.run(PG:2)
05-16 07:39:35.710: E/cr_CronetUrlRequestContext(10908): 	at com.google.common.util.concurrent.bg.execute(PG:1)
05-16 07:39:35.710: E/cr_CronetUrlRequestContext(10908): 	at com.google.common.util.concurrent.d.i(PG:1)
05-16 07:39:35.710: E/cr_CronetUrlRequestContext(10908): 	at com.google.common.util.concurrent.d.l(PG:12)
05-16 07:39:35.710: E/cr_CronetUrlRequestContext(10908): 	at com.google.common.util.concurrent.d.cancel(PG:8)
05-16 07:39:35.710: E/cr_CronetUrlRequestContext(10908): 	at com.google.common.util.concurrent.d.m(PG:2)
05-16 07:39:35.710: E/cr_CronetUrlRequestContext(10908): 	at com.google.common.util.concurrent.j.a(PG:1)
05-16 07:39:35.710: E/cr_CronetUrlRequestContext(10908): 	at com.google.common.util.concurrent.d.l(PG:3)
05-16 07:39:35.710: E/cr_CronetUrlRequestContext(10908): 	at com.google.common.util.concurrent.d.cancel(PG:8)
05-16 07:39:35.710: E/cr_CronetUrlRequestContext(10908): 	at com.google.common.util.concurrent.d.p(PG:11)
05-16 07:39:35.710: E/cr_CronetUrlRequestContext(10908): 	at com.google.common.util.concurrent.h.f(PG:2)
05-16 07:39:35.710: E/cr_CronetUrlRequestContext(10908): 	at com.google.common.util.concurrent.j.run(PG:13)
05-16 07:39:35.710: E/cr_CronetUrlRequestContext(10908): 	at com.google.common.util.concurrent.bg.execute(PG:1)
05-16 07:39:35.710: E/cr_CronetUrlRequestContext(10908): 	at com.google.common.util.concurrent.d.i(PG:1)
05-16 07:39:35.710: E/cr_CronetUrlRequestContext(10908): 	at com.google.common.util.concurrent.d.l(PG:12)
05-16 07:39:35.710: E/cr_CronetUrlRequestContext(10908): 	at com.google.common.util.concurrent.d.p(PG:4)
05-16 07:39:35.710: E/cr_CronetUrlRequestContext(10908): 	at com.google.common.util.concurrent.ci.run(PG:1)
05-16 07:39:35.710: E/cr_CronetUrlRequestContext(10908): 	at com.google.common.util.concurrent.bg.execute(PG:1)
05-16 07:39:35.710: E/cr_CronetUrlRequestContext(10908): 	at com.google.common.util.concurrent.d.i(PG:1)
05-16 07:39:35.710: E/cr_CronetUrlRequestContext(10908): 	at com.google.common.util.concurrent.d.l(PG:12)
05-16 07:39:35.710: E/cr_CronetUrlRequestContext(10908): 	at com.google.common.util.concurrent.d.n(PG:2)
05-16 07:39:35.710: E/cr_CronetUrlRequestContext(10908): 	at com.google.common.util.concurrent.i.f(PG:1)
05-16 07:39:35.710: E/cr_CronetUrlRequestContext(10908): 	at com.google.common.util.concurrent.j.run(PG:13)
05-16 07:39:35.710: E/cr_CronetUrlRequestContext(10908): 	at com.google.common.util.concurrent.bg.execute(PG:1)
05-16 07:39:35.710: E/cr_CronetUrlRequestContext(10908): 	at com.google.common.util.concurrent.d.i(PG:1)
05-16 07:39:35.710: E/cr_CronetUrlRequestContext(10908): 	at com.google.common.util.concurrent.d.l(PG:12)
05-16 07:39:35.710: E/cr_CronetUrlRequestContext(10908): 	at com.google.common.util.concurrent.d.p(PG:4)
05-16 07:39:35.710: E/cr_CronetUrlRequestContext(10908): 	at com.google.common.util.concurrent.ci.run(PG:1)
05-16 07:39:35.710: E/cr_CronetUrlRequestContext(10908): 	at com.google.common.util.concurrent.bg.execute(PG:1)
05-16 07:39:35.710: E/cr_CronetUrlRequestContext(10908): 	at com.google.common.util.concurrent.d.i(PG:1)
05-16 07:39:35.710: E/cr_CronetUrlRequestContext(10908): 	at com.google.common.util.concurrent.d.l(PG:12)
05-16 07:39:35.710: E/cr_CronetUrlRequestContext(10908): 	at com.google.common.util.concurrent.d.n(PG:2)
05-16 07:39:35.710: E/cr_CronetUrlRequestContext(10908): 	at com.google.common.util.concurrent.c.run(PG:10)
05-16 07:39:35.710: E/cr_CronetUrlRequestContext(10908): 	at com.google.common.util.concurrent.bg.execute(PG:1)
05-16 07:39:35.710: E/cr_CronetUrlRequestContext(10908): 	at com.google.common.util.concurrent.d.i(PG:1)
05-16 07:39:35.710: E/cr_CronetUrlRequestContext(10908): 	at com.google.common.util.concurrent.d.l(PG:12)
05-16 07:39:35.710: E/cr_CronetUrlRequestContext(10908): 	at com.google.common.util.concurrent.d.p(PG:4)
05-16 07:39:35.710: E/cr_CronetUrlRequestContext(10908): 	at com.google.android.apps.gsa.shared.util.c.x.run(PG:1)
05-16 07:39:35.710: E/cr_CronetUrlRequestContext(10908): 	at com.google.common.util.concurrent.bg.execute(PG:1)
05-16 07:39:35.710: E/cr_CronetUrlRequestContext(10908): 	at com.google.common.util.concurrent.bj.c(PG:1)
05-16 07:39:35.710: E/cr_CronetUrlRequestContext(10908): 	at com.google.common.util.concurrent.bj.b(PG:3)
05-16 07:39:35.710: E/cr_CronetUrlRequestContext(10908): 	at com.google.common.util.concurrent.cy.done(PG:1)
05-16 07:39:35.710: E/cr_CronetUrlRequestContext(10908): 	at java.util.concurrent.FutureTask.finishCompletion(FutureTask.java:381)
05-16 07:39:35.710: E/cr_CronetUrlRequestContext(10908): 	at java.util.concurrent.FutureTask.set(FutureTask.java:232)
05-16 07:39:35.710: E/cr_CronetUrlRequestContext(10908): 	at java.util.concurrent.FutureTask.run(FutureTask.java:272)
05-16 07:39:35.710: E/cr_CronetUrlRequestContext(10908): 	at com.google.android.libraries.i.af.run(PG:1)
05-16 07:39:35.710: E/cr_CronetUrlRequestContext(10908): 	at com.google.android.libraries.i.an.run(PG:23)
05-16 07:39:35.710: E/cr_CronetUrlRequestContext(10908): 	at com.google.android.libraries.i.l.run(PG:2)
05-16 07:39:35.710: E/cr_CronetUrlRequestContext(10908): 	at com.google.android.libraries.i.q.run(PG:4)
05-16 07:39:35.710: E/cr_CronetUrlRequestContext(10908): 	at java.lang.Thread.run(Thread.java:1012)
05-16 07:39:35.710: W/System(1495): A resource failed to call release. 
05-16 07:39:35.710: W/System(1495): A resource failed to call HardwareBuffer.close. 
05-16 07:39:35.725: W/BugleTachygram(12379): Not using Tachygram because PEv3 is disabled
05-16 07:39:35.734: I/AstreaHttpConnection(3659): Started download from url='https://gstatic.com/matchmaker/tclib_models/annotator/v903/en/v903_3963511d8644d2966855151b920fbfcb.zip'
05-16 07:39:35.736: W/AiAiAutofill(3659): Failed to set whitelist for augmented autofill service.
05-16 07:39:35.736: W/AiAiAutofill(3659): java.lang.SecurityException: caller is not user's Augmented Autofill Service
05-16 07:39:35.736: W/AiAiAutofill(3659): 	at android.view.autofill.AutofillManager.setAugmentedAutofillWhitelist(AutofillManager.java:2366)
05-16 07:39:35.736: W/AiAiAutofill(3659): 	at cah.b(PG:7)
05-16 07:39:35.736: W/AiAiAutofill(3659): 	at cas.g(PG:8)
05-16 07:39:35.736: W/AiAiAutofill(3659): 	at cas.i(Unknown Source:3)
05-16 07:39:35.736: W/AiAiAutofill(3659): 	at cas.h(PG:2)
05-16 07:39:35.736: W/AiAiAutofill(3659): 	at cat.a(PG:2)
05-16 07:39:35.736: W/AiAiAutofill(3659): 	at cyv.run(PG:40)
05-16 07:39:35.736: W/AiAiAutofill(3659): 	at cyv.run(PG:66)
05-16 07:39:35.736: W/AiAiAutofill(3659): 	at java.util.concurrent.Executors$RunnableAdapter.call(Executors.java:463)
05-16 07:39:35.736: W/AiAiAutofill(3659): 	at java.util.concurrent.FutureTask.run(FutureTask.java:264)
05-16 07:39:35.736: W/AiAiAutofill(3659): 	at java.util.concurrent.ScheduledThreadPoolExecutor$ScheduledFutureTask.run(ScheduledThreadPoolExecutor.java:307)
05-16 07:39:35.736: W/AiAiAutofill(3659): 	at java.util.concurrent.ThreadPoolExecutor.runWorker(ThreadPoolExecutor.java:1137)
05-16 07:39:35.736: W/AiAiAutofill(3659): 	at java.util.concurrent.ThreadPoolExecutor$Worker.run(ThreadPoolExecutor.java:637)
05-16 07:39:35.736: W/AiAiAutofill(3659): 	at cyv.run(PG:64)
05-16 07:39:35.736: W/AiAiAutofill(3659): 	at java.lang.Thread.run(Thread.java:1012)
05-16 07:39:35.740: I/ContentCaptureManagerService(1495): Data share request accepted by Content Capture service
05-16 07:39:35.741: I/j(10908): Sending successful with locus ID smartspace_update
05-16 07:39:35.742: I/j(10908): cardId: 569377243, card type: WEATHER, update time: 1684246894000, expireTime: 1684249200000
05-16 07:39:35.742: I/j(10908): cardId: 569377244, card type: WEATHER, update time: 1684249200000, expireTime: 1684252800000
05-16 07:39:35.742: I/j(10908): cardId: 569377245, card type: WEATHER, update time: 1684252800000, expireTime: 1684256400000
05-16 07:39:35.742: I/j(10908): cardId: 569377246, card type: WEATHER, update time: 1684256400000, expireTime: 1684260000000
05-16 07:39:35.742: I/j(10908): cardId: 569377247, card type: WEATHER, update time: 1684260000000, expireTime: 1684263600000
05-16 07:39:35.742: I/j(10908): cardId: 569377248, card type: WEATHER, update time: 1684263600000, expireTime: 1684267200000
05-16 07:39:35.742: I/AiAiEcho(3659): EchoDataShareHandler starts to process file 
05-16 07:39:35.742: I/j(10908): cardId: 569377249, card type: WEATHER, update time: 1684267200000, expireTime: 1684268494000
05-16 07:39:35.742: I/j(10908): cardId: 2029576961, card type: TIPS, update time: 1684247975146, expireTime: 1684506964601
05-16 07:39:35.748: D/CellBroadcastReceiver(4182): onReceive Intent { act=android.intent.action.LOCALE_CHANGED flg=0x1200810 cmp=com.google.android.cellbroadcastreceiver/com.android.cellbroadcastreceiver.CellBroadcastReceiver }
05-16 07:39:35.752: W/System(1495): A resource failed to call HardwareBuffer.close. 
05-16 07:39:35.752: W/System(1495): A resource failed to call HardwareBuffer.close. 
05-16 07:39:35.761: I/AiAiEcho(3659): From CCAPI, Echo received { Feature:WEATHER, creation:2023-05-16T14:21:34Z, expiry:2023-05-16T15:00:00Z }, { Feature:WEATHER, creation:2023-05-16T15:00:00Z, expiry:2023-05-16T16:00:00Z }, { Feature:WEATHER, creation:2023-05-16T16:00:00Z, expiry:2023-05-16T17:00:00Z }, { Feature:WEATHER, creation:2023-05-16T17:00:00Z, expiry:2023-05-16T18:00:00Z }, { Feature:WEATHER, creation:2023-05-16T18:00:00Z, expiry:2023-05-16T19:00:00Z }, { Feature:WEATHER, creation:2023-05-16T19:00:00Z, expiry:2023-05-16T20:00:00Z }, { Feature:WEATHER, creation:2023-05-16T20:00:00Z, expiry:2023-05-16T20:21:34Z }, { Feature:TIPS, creation:2023-05-16T14:39:35.146Z, expiry:2023-05-19T14:36:04.601Z }
05-16 07:39:35.764: I/AiAiEcho(3659): Predicting[8]: { Feature:WEATHER, creation:2023-05-16T14:21:34Z, expiry:2023-05-16T15:00:00Z, isExpired: false}, { Feature:WEATHER, creation:2023-05-16T15:00:00Z, expiry:2023-05-16T16:00:00Z, isExpired: true}, { Feature:WEATHER, creation:2023-05-16T16:00:00Z, expiry:2023-05-16T17:00:00Z, isExpired: true}, { Feature:WEATHER, creation:2023-05-16T17:00:00Z, expiry:2023-05-16T18:00:00Z, isExpired: true}, { Feature:WEATHER, creation:2023-05-16T18:00:00Z, expiry:2023-05-16T19:00:00Z, isExpired: true}, { Feature:WEATHER, creation:2023-05-16T19:00:00Z, expiry:2023-05-16T20:00:00Z, isExpired: true}, { Feature:WEATHER, creation:2023-05-16T20:00:00Z, expiry:2023-05-16T20:21:34Z, isExpired: true}, { Feature:TIPS, creation:2023-05-16T14:36:04.811Z, expiry:2023-05-19T14:36:04.601Z, isExpired: false}
05-16 07:39:35.768: I/AlarmClock(5967): AlarmInitReceiver android.intent.action.LOCALE_CHANGED
05-16 07:39:35.768: I/BugleDataModel(12379): PendingMessagesProcessor: process from ProcessPendingMessagesAction due to scheduled processing with delay 0 with queues:
