<html><body><B>myDrawable</B><br/>My Drawable Documentation<br/><hr/><div style="background-color:gray;padding:10px"><img src='$$MAKE_URL{{$$ANDROID_SDK_PATH/data/res/drawable-xxhdpi/ic_menu_paste_holo_dark.png}}' alt="$$MAKE_SYSTEM_DEPENDENT_PATH{{$$ANDROID_SDK_PATH/data/res/drawable-xxhdpi/ic_menu_paste_holo_dark.png}}" /></div>96&#xd7;96 px (96&#xd7;96 dp @ mdpi)<BR/>
<BR/>
?attr/myDrawable => ?android:attr/actionModePasteDrawable => @drawable/ic_menu_paste_holo_dark => ic_menu_paste_holo_dark.png<BR/>
<BR/>
</body></html>